Microchip MPLAB XC8 Compiler V1.38 ()

Linker command line:

--edf=C:\Program Files (x86)\Microchip\xc8\v1.38\dat\en_msgs.txt -cs \
  -h+dist/default/production\SB130_Servo.X.production.sym \
  --cmf=dist/default/production\SB130_Servo.X.production.cmf -z -Q16F1829 \
  -oC:\Users\FRANCE~1\AppData\Local\Temp\shj0.2 \
  -Mdist/default/production/SB130_Servo.X.production.map -E1 -ver=XC8 \
  -ASTACK=02280h-0239ch -pstack=STACK -ACODE=00h-07FFhx4 \
  -ASTRCODE=00h-01FFFh -ASTRING=00h-0FFhx32 -ACONST=00h-0FFhx32 \
  -AENTRY=00h-0FFhx32 -ACOMMON=070h-07Fh -ABANK0=020h-06Fh \
  -ABANK1=0A0h-0EFh -ABANK2=0120h-016Fh -ABANK3=01A0h-01EFh \
  -ABANK4=0220h-026Fh -ABANK5=02A0h-02EFh -ABANK6=0320h-036Fh \
  -ABANK7=03A0h-03EFh -ABANK8=0420h-046Fh -ABANK9=04A0h-04EFh \
  -ABANK10=0520h-056Fh -ABANK11=05A0h-05EFh -ABANK12=0620h-064Fh \
  -ABIGRAM=02000h-023EFh \
  -ARAM=020h-06Fh,0A0h-0EFh,0120h-016Fh,01A0h-01EFh,0220h-026Fh,02A0h-02EFh,0320h-036Fh,03A0h-03EFh,0420h-046Fh,04A0h-04EFh,0520h-056Fh,05A0h-05EFh,0620h-064Fh \
  -AABS1=020h-07Fh,0A0h-0EFh,0120h-016Fh,01A0h-01EFh,0220h-026Fh,02A0h-02EFh,0320h-036Fh,03A0h-03EFh,0420h-046Fh,04A0h-04EFh,0520h-056Fh,05A0h-05EFh,0620h-064Fh \
  -ASFR0=00h-01Fh -ASFR1=080h-09Fh -ASFR2=0100h-011Fh -ASFR3=0180h-019Fh \
  -ASFR4=0200h-021Fh -ASFR5=0280h-029Fh -ASFR6=0300h-031Fh \
  -ASFR7=0380h-039Fh -ASFR8=0400h-041Fh -ASFR9=0480h-049Fh \
  -ASFR10=0500h-051Fh -ASFR11=0580h-059Fh -ASFR12=0600h-061Fh \
  -ASFR13=0680h-06EFh -ASFR14=0700h-076Fh -ASFR15=0780h-07EFh \
  -ASFR16=0800h-086Fh -ASFR17=0880h-08EFh -ASFR18=0900h-096Fh \
  -ASFR19=0980h-09EFh -ASFR20=0A00h-0A6Fh -ASFR21=0A80h-0AEFh \
  -ASFR22=0B00h-0B6Fh -ASFR23=0B80h-0BEFh -ASFR24=0C00h-0C6Fh \
  -ASFR25=0C80h-0CEFh -ASFR26=0D00h-0D6Fh -ASFR27=0D80h-0DEFh \
  -ASFR28=0E00h-0E6Fh -ASFR29=0E80h-0EEFh -ASFR30=0F00h-0F6Fh \
  -ASFR31=0F80h-0FEFh -preset_vec=00h,intentry=04h,init,end_init \
  -ppowerup=CODE -pcinit=CODE -pfunctab=CODE -ACONFIG=08007h-08008h \
  -pconfig=CONFIG -DCONFIG=2 -AIDLOC=08000h-08003h -pidloc=IDLOC -DIDLOC=2 \
  -AEEDATA=00h-0FFh/0F000h -peeprom_data=EEDATA -DEEDATA=2 -DCODE=2 \
  -DSTRCODE=2 -DSTRING=2 -DCONST=2 -DENTRY=2 -k \
  C:\Users\FRANCE~1\AppData\Local\Temp\shj0.obj \
  dist/default/production\SB130_Servo.X.production.obj 

Object code version is 3.11

Machine type is 16F1829



                Name                               Link     Load   Length Selector   Space Scale
C:\Users\FRANCE~1\AppData\Local\Temp\shj0.obj
                end_init                             36       36        2        8       0
                reset_vec                             0        0        2        0       0
                config                             8007     8007        2    1000E       0
dist/default/production\SB130_Servo.X.production.obj
                cinit                                38       38       7F        8       0
                intentry                              4        4       32        8       0
                swtext2                            1031     1031        C     2062       0
                text73                              947      947       37     128E       0
                text72                              561      561       DE        8       0
                text71                             16FE     16FE       21     2DFC       0
                text69                              CE4      CE4       89     19C8       0
                text68                              97E      97E       42     12FC       0
                text67                             171F     171F       22     2E3E       0
                text66                             14F7     14F7        2     29EE       0
                text65                             14FD     14FD        3     29FA       0
                text64                             15AC     15AC       10     2B58       0
                text63                             1611     1611       15     2C22       0
                text62                             1741     1741       22     2E82       0
                text61                             15BC     15BC       10     2B78       0
                text60                             1509     1509        4     2A12       0
                text59                             159D     159D        F     2B3A       0
                text58                             1500     1500        3     2A00       0
                text57                             16AC     16AC       19     2D58       0
                text56                             1519     1519        9     2A32       0
                text55                             1582     1582        D     2B04       0
                text54                              801      801       1A     1002       0
                text53                             15FF     15FF       12     2BFE       0
                text52                              9C0      9C0       43     1380       0
                text51                             1763     1763       22     2EC6       0
                text50                              8DC      8DC       35     11B8       0
                text49                              81B      81B       2D     1036       0
                text48                              B36      B36       62     166C       0
                text47                              46D      46D       F4        8       0
                text46                               B7       B7      2AE        8       0
                text45                              7C1      7C1       38        8       0
                text44                             17D5     17D5       2B     2FAA       0
                text43                              63F      63F       CB        8       0
                text42                             1522     1522        9     2A44       0
                text41                             152B     152B        9     2A56       0
                text40                             1534     1534        9     2A68       0
                text39                              911      911       36     1222       0
                text38                             150D     150D        6     2A1A       0
                text37                             1513     1513        6     2A26       0
                text36                             16E1     16E1       1D     2DC2       0
                text35                              D6D      D6D       90     1ADA       0
                text34                             15CC     15CC       11     2B98       0
                text33                             15DD     15DD       11     2BBA       0
                text32                              70A      70A       B7        8       0
                text31                             1626     1626       15     2C4C       0
                text30                             153D     153D        B     2A7A       0
                text29                             1548     1548        B     2A90       0
                text28                             1553     1553        B     2AA6       0
                text27                              DFD      DFD       9D     1BFA       0
                text26                              BFF      BFF       68     17FE       0
                text25                              878      878       31     10F0       0
                text24                              A93      A93       50     1526       0
                text23                             14F9     14F9        2     29F2       0
                text22                             158F     158F        E     2B1E       0
                text21                             1650     1650       16     2CA0       0
                swtext1                            103D     103D        A     2062       0
                text20                              365      365      108        8       0
                text19                             163B     163B       15     2C76       0
                text18                              8A9      8A9       33     1152       0
                text17                              B98      B98       67     1730       0
                text16                              A03      A03       45     1406       0
                text15                              E9A      E9A       B0     1D34       0
                text14                             15EE     15EE       11     2BDC       0
                text13                              C67      C67       7D     18CE       0
                text12                             1694     1694       18     2D28       0
                text11                             1785     1785       28     2F0A       0
                text10                              AE3      AE3       53     15C6       0
                text9                               848      848       30     1090       0
                text8                              16C5     16C5       1C     2D8A       0
                text7                               F4A      F4A       B6     1E94       0
                text6                               A48      A48       4B     1490       0
                text5                              1666     1666       17     2CCC       0
                text4                              167D     167D       17     2CFA       0
                text3                              1503     1503        3     2A06       0
                text2                              1506     1506        3     2A0C       0
                text1                              155E     155E        C     2ABC       0
                maintext                            7F9      7F9        7        8       0
                cstackBANK0                          20       20       4D       20       1
                cstackCOMMON                         70       70        B       70       1
                clrtext                            156A     156A        C     2AD4       0
                inittext                           1576     1576        C     2AEC       0
                bssBANK7                            3A0      3A0       50      3A0       1
                bssBANK6                            320      320       50      320       1
                bssBANK5                            2A0      2A0       50      2A0       1
                bssBANK4                            220      220       12      220       1
                bssBANK3                            1A0      1A0       50      1A0       1
                dataBANK2                           120      120       28      120       1
                bssBANK2                            148      148       20      120       1
                dataBANK1                            E6       E6        2       A0       1
                bssBANK1                             A0       A0       46       A0       1
                bssBANK0                             6D       6D        3       20       1
                dataCOMMON                           7B       7B        2       70       1
                bssCOMMON                            7D       7D        1       70       1
                stringtext                         1000     1000       31     2000       0
                idataBANK2                         17AD     17AD       28     2F5A       0
                idataBANK1                         14FB     14FB        2     29F6       0
                idataCOMMON                           2        2        2        0       0

TOTAL           Name                               Link     Load   Length     Space
        CLASS   STACK          

        CLASS   CODE           
                end_init                             36       36        2         0
                cinit                                38       38       7F         0
                intentry                              4        4       32         0
                reset_vec                             0        0        2         0
                text73                              947      947       37         0
                text72                              561      561       DE         0
                text71                             16FE     16FE       21         0
                text69                              CE4      CE4       89         0
                text68                              97E      97E       42         0
                text67                             171F     171F       22         0
                text66                             14F7     14F7        2         0
                text65                             14FD     14FD        3         0
                text64                             15AC     15AC       10         0
                text63                             1611     1611       15         0
                text62                             1741     1741       22         0
                text61                             15BC     15BC       10         0
                text60                             1509     1509        4         0
                text59                             159D     159D        F         0
                text58                             1500     1500        3         0
                text57                             16AC     16AC       19         0
                text56                             1519     1519        9         0
                text55                             1582     1582        D         0
                text54                              801      801       1A         0
                text53                             15FF     15FF       12         0
                text52                              9C0      9C0       43         0
                text51                             1763     1763       22         0
                text50                              8DC      8DC       35         0
                text49                              81B      81B       2D         0
                text48                              B36      B36       62         0
                text47                              46D      46D       F4         0
                text46                               B7       B7      2AE         0
                text45                              7C1      7C1       38         0
                text44                             17D5     17D5       2B         0
                text43                              63F      63F       CB         0
                text42                             1522     1522        9         0
                text41                             152B     152B        9         0
                text40                             1534     1534        9         0
                text39                              911      911       36         0
                text38                             150D     150D        6         0
                text37                             1513     1513        6         0
                text36                             16E1     16E1       1D         0
                text35                              D6D      D6D       90         0
                text34                             15CC     15CC       11         0
                text33                             15DD     15DD       11         0
                text32                              70A      70A       B7         0
                text31                             1626     1626       15         0
                text30                             153D     153D        B         0
                text29                             1548     1548        B         0
                text28                             1553     1553        B         0
                text27                              DFD      DFD       9D         0
                text26                              BFF      BFF       68         0
                text25                              878      878       31         0
                text24                              A93      A93       50         0
                text23                             14F9     14F9        2         0
                text22                             158F     158F        E         0
                text21                             1650     1650       16         0
                text20                              365      365      108         0
                text19                             163B     163B       15         0
                text18                              8A9      8A9       33         0
                text17                              B98      B98       67         0
                text16                              A03      A03       45         0
                text15                              E9A      E9A       B0         0
                text14                             15EE     15EE       11         0
                text13                              C67      C67       7D         0
                text12                             1694     1694       18         0
                text11                             1785     1785       28         0
                text10                              AE3      AE3       53         0
                text9                               848      848       30         0
                text8                              16C5     16C5       1C         0
                text7                               F4A      F4A       B6         0
                text6                               A48      A48       4B         0
                text5                              1666     1666       17         0
                text4                              167D     167D       17         0
                text3                              1503     1503        3         0
                text2                              1506     1506        3         0
                text1                              155E     155E        C         0
                maintext                            7F9      7F9        7         0
                clrtext                            156A     156A        C         0
                inittext                           1576     1576        C         0
                idataBANK2                         17AD     17AD       28         0
                idataBANK1                         14FB     14FB        2         0
                idataCOMMON                           2        2        2         0

        CLASS   STRCODE        
                stringtext                         1000     1000       31         0

        CLASS   STRING         

        CLASS   CONST          
                swtext2                            1031     1031        C         0
                swtext1                            103D     103D        A         0

        CLASS   ENTRY          

        CLASS   COMMON         
                cstackCOMMON                         70       70        B         1
                dataCOMMON                           7B       7B        2         1
                bssCOMMON                            7D       7D        1         1

        CLASS   BANK0          
                cstackBANK0                          20       20       4D         1
                bssBANK0                             6D       6D        3         1

        CLASS   BANK1          
                dataBANK1                            E6       E6        2         1
                bssBANK1                             A0       A0       46         1

        CLASS   BANK2          
                dataBANK2                           120      120       28         1
                bssBANK2                            148      148       20         1

        CLASS   BANK3          
                bssBANK3                            1A0      1A0       50         1

        CLASS   BANK4          
                bssBANK4                            220      220       12         1

        CLASS   BANK5          
                bssBANK5                            2A0      2A0       50         1

        CLASS   BANK6          
                bssBANK6                            320      320       50         1

        CLASS   BANK7          
                bssBANK7                            3A0      3A0       50         1

        CLASS   BANK8          

        CLASS   BANK9          

        CLASS   BANK10         

        CLASS   BANK11         

        CLASS   BANK12         

        CLASS   BIGRAM         

        CLASS   RAM            

        CLASS   ABS1           
                abs_s1                               7E       7E        2         1
                abs_s1                              5CD      5CD       23         1
                abs_s1                              620      620       30         1
                abs_s1                             239D     239D        0         1

        CLASS   SFR0           

        CLASS   SFR1           

        CLASS   SFR2           

        CLASS   SFR3           

        CLASS   SFR4           

        CLASS   SFR5           

        CLASS   SFR6           

        CLASS   SFR7           

        CLASS   SFR8           

        CLASS   SFR9           

        CLASS   SFR10          

        CLASS   SFR11          

        CLASS   SFR12          

        CLASS   SFR13          

        CLASS   SFR14          

        CLASS   SFR15          

        CLASS   SFR16          

        CLASS   SFR17          

        CLASS   SFR18          

        CLASS   SFR19          

        CLASS   SFR20          

        CLASS   SFR21          

        CLASS   SFR22          

        CLASS   SFR23          

        CLASS   SFR24          

        CLASS   SFR25          

        CLASS   SFR26          

        CLASS   SFR27          

        CLASS   SFR28          

        CLASS   SFR29          

        CLASS   SFR30          

        CLASS   SFR31          

        CLASS   CONFIG         
                config                             8007     8007        2         0

        CLASS   IDLOC          

        CLASS   EEDATA         

        CLASS   BANK31         

        CLASS   BANK30         

        CLASS   BANK29         

        CLASS   BANK28         

        CLASS   BANK27         

        CLASS   BANK26         

        CLASS   BANK25         

        CLASS   BANK24         

        CLASS   BANK23         

        CLASS   BANK22         

        CLASS   BANK21         

        CLASS   BANK20         

        CLASS   BANK19         

        CLASS   BANK18         

        CLASS   BANK17         

        CLASS   BANK16         

        CLASS   BANK15         

        CLASS   BANK14         

        CLASS   BANK13         



SEGMENTS        Name                           Load    Length   Top    Selector   Space  Class     Delta

                reset_vec                      000000  000004  000004         0       0  CODE        2
                intentry                       000004  0007FC  000800         8       0  CODE        2
                cstackBANK0                    000020  000050  000070        20       1  BANK0       1
                cstackCOMMON                   000070  00000E  00007E        70       1  COMMON      1
                bssBANK1                       0000A0  000048  0000E8        A0       1  BANK1       1
                dataBANK2                      000120  000048  000168       120       1  BANK2       1
                bssBANK3                       0001A0  000050  0001F0       1A0       1  BANK3       1
                bssBANK4                       000220  000012  000232       220       1  BANK4       1
                bssBANK5                       0002A0  000050  0002F0       2A0       1  BANK5       1
                bssBANK6                       000320  000050  000370       320       1  BANK6       1
                bssBANK7                       0003A0  000050  0003F0       3A0       1  BANK7       1
                text54                         000801  00001A  00081B      1002       0  CODE        2
                text49                         00081B  00002D  000848      1036       0  CODE        2
                text9                          000848  000030  000878      1090       0  CODE        2
                text25                         000878  000031  0008A9      10F0       0  CODE        2
                text18                         0008A9  000033  0008DC      1152       0  CODE        2
                text50                         0008DC  000035  000911      11B8       0  CODE        2
                text39                         000911  000036  000947      1222       0  CODE        2
                text73                         000947  000037  00097E      128E       0  CODE        2
                text68                         00097E  000042  0009C0      12FC       0  CODE        2
                text52                         0009C0  000043  000A03      1380       0  CODE        2
                text16                         000A03  000045  000A48      1406       0  CODE        2
                text6                          000A48  00004B  000A93      1490       0  CODE        2
                text24                         000A93  000050  000AE3      1526       0  CODE        2
                text10                         000AE3  000053  000B36      15C6       0  CODE        2
                text48                         000B36  000062  000B98      166C       0  CODE        2
                text17                         000B98  000067  000BFF      1730       0  CODE        2
                text26                         000BFF  000068  000C67      17FE       0  CODE        2
                text13                         000C67  00007D  000CE4      18CE       0  CODE        2
                text69                         000CE4  000089  000D6D      19C8       0  CODE        2
                text35                         000D6D  000090  000DFD      1ADA       0  CODE        2
                text27                         000DFD  00009D  000E9A      1BFA       0  CODE        2
                text15                         000E9A  0000B0  000F4A      1D34       0  CODE        2
                text7                          000F4A  0000B6  001000      1E94       0  CODE        2
                stringtext                     001000  000031  001031      2000       0  STRCODE     2
                swtext2                        001031  000016  001047      2062       0  CONST       2
                text66                         0014F7  000002  0014F9      29EE       0  CODE        2
                text23                         0014F9  000002  0014FB      29F2       0  CODE        2
                idataBANK1                     0014FB  000002  0014FD      29F6       0  CODE        2
                text65                         0014FD  000003  001500      29FA       0  CODE        2
                text58                         001500  000003  001503      2A00       0  CODE        2
                text3                          001503  000003  001506      2A06       0  CODE        2
                text2                          001506  000003  001509      2A0C       0  CODE        2
                text60                         001509  000004  00150D      2A12       0  CODE        2
                text38                         00150D  000006  001513      2A1A       0  CODE        2
                text37                         001513  000006  001519      2A26       0  CODE        2
                text56                         001519  000009  001522      2A32       0  CODE        2
                text42                         001522  000009  00152B      2A44       0  CODE        2
                text41                         00152B  000009  001534      2A56       0  CODE        2
                text40                         001534  000009  00153D      2A68       0  CODE        2
                text30                         00153D  00000B  001548      2A7A       0  CODE        2
                text29                         001548  00000B  001553      2A90       0  CODE        2
                text28                         001553  00000B  00155E      2AA6       0  CODE        2
                text1                          00155E  00000C  00156A      2ABC       0  CODE        2
                clrtext                        00156A  00000C  001576      2AD4       0  CODE        2
                inittext                       001576  00000C  001582      2AEC       0  CODE        2
                text55                         001582  00000D  00158F      2B04       0  CODE        2
                text22                         00158F  00000E  00159D      2B1E       0  CODE        2
                text59                         00159D  00000F  0015AC      2B3A       0  CODE        2
                text64                         0015AC  000010  0015BC      2B58       0  CODE        2
                text61                         0015BC  000010  0015CC      2B78       0  CODE        2
                text34                         0015CC  000011  0015DD      2B98       0  CODE        2
                text33                         0015DD  000011  0015EE      2BBA       0  CODE        2
                text14                         0015EE  000011  0015FF      2BDC       0  CODE        2
                text53                         0015FF  000012  001611      2BFE       0  CODE        2
                text63                         001611  000015  001626      2C22       0  CODE        2
                text31                         001626  000015  00163B      2C4C       0  CODE        2
                text19                         00163B  000015  001650      2C76       0  CODE        2
                text21                         001650  000016  001666      2CA0       0  CODE        2
                text5                          001666  000017  00167D      2CCC       0  CODE        2
                text4                          00167D  000017  001694      2CFA       0  CODE        2
                text12                         001694  000018  0016AC      2D28       0  CODE        2
                text57                         0016AC  000019  0016C5      2D58       0  CODE        2
                text8                          0016C5  00001C  0016E1      2D8A       0  CODE        2
                text36                         0016E1  00001D  0016FE      2DC2       0  CODE        2
                text71                         0016FE  000021  00171F      2DFC       0  CODE        2
                text67                         00171F  000022  001741      2E3E       0  CODE        2
                text62                         001741  000022  001763      2E82       0  CODE        2
                text51                         001763  000022  001785      2EC6       0  CODE        2
                text11                         001785  000028  0017AD      2F0A       0  CODE        2
                idataBANK2                     0017AD  000028  0017D5      2F5A       0  CODE        2
                text44                         0017D5  00002B  001800      2FAA       0  CODE        2
                config                         008007  000002  008009     1000E       0  CONFIG      2


UNUSED ADDRESS RANGES

        Name                Unused          Largest block    Delta
        BANK1            000E8-000EF               8           1
        BANK10           00520-0056F              50           1
        BANK11           005A0-005CC              2D           1
        BANK2            00168-0016F               8           1
        BANK4            00232-0026F              3E           1
        BANK8            00420-0046F              50           1
        BANK9            004A0-004EF              50           1
        BIGRAM           02000-023EF             3F0           1
        CODE             00800-00800               1           2
                         01047-014F6             4B0
                         01800-01FFF             800
        CONST            00800-00800               1           2
                         01047-014F6             100
                         01800-01FFF             100
        EEDATA           0F000-0F0FF             100           2
        ENTRY            00800-00800               1           2
                         01047-014F6             100
                         01800-01FFF             100
        IDLOC            08000-08003               4           2
        RAM              000E8-000EF               8           1
                         00168-0016F               8
                         00232-0026F              3E
                         00420-0046F              50
                         004A0-004EF              50
                         00520-0056F              50
                         005A0-005CC              2D
        SFR0             00000-0001F              20           1
        SFR1             00080-0009F              20           1
        SFR10            00500-0051F              20           1
        SFR11            00580-0059F              20           1
        SFR12            00600-0061F              20           1
        SFR13            00680-006EF              70           1
        SFR14            00700-0076F              70           1
        SFR15            00780-007EF              70           1
        SFR16            00800-0086F              70           1
        SFR17            00880-008EF              70           1
        SFR18            00900-0096F              70           1
        SFR19            00980-009EF              70           1
        SFR2             00100-0011F              20           1
        SFR20            00A00-00A6F              70           1
        SFR21            00A80-00AEF              70           1
        SFR22            00B00-00B6F              70           1
        SFR23            00B80-00BEF              70           1
        SFR24            00C00-00C6F              70           1
        SFR25            00C80-00CEF              70           1
        SFR26            00D00-00D6F              70           1
        SFR27            00D80-00DEF              70           1
        SFR28            00E00-00E6F              70           1
        SFR29            00E80-00EEF              70           1
        SFR3             00180-0019F              20           1
        SFR30            00F00-00F6F              70           1
        SFR31            00F80-00FEF              70           1
        SFR4             00200-0021F              20           1
        SFR5             00280-0029F              20           1
        SFR6             00300-0031F              20           1
        SFR7             00380-0039F              20           1
        SFR8             00400-0041F              20           1
        SFR9             00480-0049F              20           1
        STACK            02280-0239C             11D           1
        STRCODE          00800-00800               1           2
                         01047-014F6             4B0
                         01800-01FFF             800
        STRING           00800-00800               1           2
                         01047-014F6             100
                         01800-01FFF             100

                                  Symbol Table

?_Adc_GetConvResult                    cstackBANK0  00020
?_GetDieTemperature                    cstackBANK0  00025
?___lldiv                              cstackBANK0  00020
?___lmul                               cstackBANK0  00026
?___lwdiv                              cstackBANK0  00020
?___lwmod                              cstackBANK0  00020
?___wmul                               cstackBANK0  00020
Adc_ConfigAnCh@AnChSel                 cstackBANK0  00020
Adc_GetConvResult@AdcResult            cstackBANK0  00023
Adc_InitAdcModule@AdcConfig            cstackBANK0  00020
Adc_SelectChannel@SelCh                cstackBANK0  00021
AppSm@AppState                         bssBANK1     000C8
AppSm@WpuSetCounter                    bssBANK1     000C9
App_MainTask@AdcConfig                 cstackBANK0  0004E
App_MainTask@AnalogChSel               cstackBANK0  00042
App_MainTask@F4152                     bssBANK4     00220
App_MainTask@F4172                     bssBANK2     00148
App_MainTask@Options                   cstackBANK0  00040
App_MainTask@WpuCh                     cstackBANK0  00054
ClearRxBuffer@Index                    cstackBANK0  00021
ClearTxBuffer@Index                    cstackBANK0  00021
GenerateEvt@Event                      cstackBANK0  00022
GenerateEvt@EventStatus                cstackBANK0  00021
GetDieTemperature@DieTempRes           cstackBANK0  00027
I2cSlv_I2cDrvHandle@I2cReceiveMsgState bssBANK1     000CA
I2cSlv_I2cDrvHandle@Index              cstackBANK0  0002A
I2c_DataReceiveSm@AddressStored        bssBANK1     000CB
I2c_DataReceiveSm@ErrorCounter         bssBANK1     000CC
I2c_DataReceiveSm@I2cRxAddress         bssCOMMON    0007D
I2c_DataReceiveSm@I2cRxFlag            bssBANK1     000CD
I2c_DataReceiveSm@I2cRxState           bssBANK1     000CE
I2c_DataReceiveSm@Index                cstackBANK0  00048
I2c_DataReceiveSm@OpType               bssBANK1     000CF
I2c_DataReceiveSm@RxCounter            bssBANK1     000D0
I2c_DataReceiveSm@TxCounter            bssBANK1     000D1
I2c_InitI2cModule@I2cConfig            cstackBANK0  00024
I2c_SetI2cAddress@SlaveAddress         cstackBANK0  00020
I2c_SetI2cAddressMask@SlaveAddressMask cstackBANK0  00020
I2c_UpdateTxBuffer@DataBuffer          cstackBANK0  00023
I2c_UpdateTxBuffer@Index               cstackBANK0  00024
I2c_UpdateTxBuffer@Length              cstackBANK0  00020
InitSchTimer@TmrBConfig                cstackBANK0  00048
InitTimer4@TmrBConfig                  cstackBANK0  00048
InitializeTasks@ActiveTaskIndex        cstackBANK0  0006A
LedBlinkStateMachine@LedBlink          cstackBANK0  0002A
LedPulseStateMachine@Led               cstackBANK0  00028
LedPulseStateMachine@LedPulse          cstackBANK0  0002B
LedStateMachine@Led                    cstackBANK0  00031
LedStateMachine@LedBlink               cstackBANK0  0002D
LedStateMachine@LedOutSts              cstackBANK0  00032
LedStateMachine@LedPulse               cstackBANK0  0002E
LedStateMachine@LedSts                 cstackBANK0  0002C
Led_InitSeq@Counter                    bssBANK1     000D2
Led_InitSeq@DelayCounter               bssBANK1     000B8
Led_InitSeq@InitSeqState               bssBANK1     000D3
Led_InitSeq@LedInitSts                 dataCOMMON   0007B
Led_SetLedBlinkTime@Led                cstackBANK0  00024
Led_SetLedBlinkTime@OffTimeMs          cstackBANK0  00022
Led_SetLedBlinkTime@OnTimeMs           cstackBANK0  00020
Led_SetLedPulseTime@Led                cstackBANK0  00022
Led_SetLedPulseTime@PulseTimeMs        cstackBANK0  00020
Led_SetLedStatus@Led                   cstackBANK0  00022
Led_SetLedStatus@LedSts                cstackBANK0  00020
ManageProtocol@ServoCmdNumber          cstackBANK0  0003D
ManageProtocol@i                       cstackBANK0  0003E
Mcu_ConfigPullUps@WpuCh                cstackBANK0  00020
Mcu_SetDieTempMode@DieTempMode         cstackBANK0  00020
Mcu_SetDieTempSts@DieTempSts           cstackBANK0  00020
Mcu_SetPullUpsSts@PuSts                cstackBANK0  00020
Mcu_SetWdgPeriod@WdgPeriod             cstackBANK0  00021
Mcu_SetWdgSts@WdgSts                   cstackBANK0  00020
ReceiveEvt@Event                       cstackBANK0  00021
ReceiveEvt@EventStatus                 cstackBANK0  00020
ScheduleTasks@ActiveTaskIndex          cstackBANK0  0006C
ServoControl@Counter                   bssBANK1     000BA
SetLedBehavSts@LedBehav                cstackBANK0  00026
SetOutChSts@Ch                         cstackCOMMON 00071
SetOutChSts@Sts                        cstackCOMMON 00070
SrvDrv_ServoInit@i                     cstackBANK0  00022
SrvDrv_ServoPulse@OffCounter           cstackCOMMON 00078
SrvDrv_ServoPulse@OnPulseCounter       bssBANK1     000BC
SrvDrv_ServoPulse@ServoIndex           cstackCOMMON 00079
SrvDrv_ServoPulse@ServoPulseState      bssBANK1     000D4
SrvDrv_ServoPulse@TriggerCounter       bssBANK1     000BE
StdS_ManageStdServices@DieTemp         cstackBANK0  00037
StdS_ManageStdServices@DieTempStr      cstackBANK0  00033
StringCopy@DestStr                     cstackBANK0  00022
StringCopy@Index                       cstackBANK0  00028
StringCopy@Len                         cstackBANK0  00023
StringCopy@SourceStr                   cstackBANK0  00020
TmrBInit@Postscaler                    cstackBANK0  00021
TmrBInit@Prescaler                     cstackBANK0  00020
TmrBInit@TmrNumb                       cstackBANK0  00023
Tmr_StartTmr@TmrNumb                   cstackBANK0  00020
Tmr_TmrBConfig@TmrBConfig              cstackBANK0  00044
Tmr_TmrBConfig@TmrNumb                 cstackBANK0  00046
Tmr_TmrBIrqSet@TmrIrqSts               cstackBANK0  00020
Tmr_TmrBIrqSet@TmrNumb                 cstackBANK0  00021
Tmr_TmrBPrSet@Divisor                  cstackBANK0  00040
Tmr_TmrBPrSet@IntFreqHz                cstackBANK0  00032
Tmr_TmrBPrSet@Postscaler               cstackBANK0  00035
Tmr_TmrBPrSet@Prescaler                cstackBANK0  00034
Tmr_TmrBPrSet@TmrBPrCfgSts             cstackBANK0  0003F
Tmr_TmrBPrSet@TmrNumb                  cstackBANK0  0003E
_ADCON0bits                            (abs)        0009D
_ADCON1bits                            (abs)        0009E
_ADRESH                                (abs)        0009C
_ADRESL                                (abs)        0009B
_ANSELA                                (abs)        0018C
_ANSELAbits                            (abs)        0018C
_ANSELB                                (abs)        0018D
_ANSELBbits                            (abs)        0018D
_ANSELC                                (abs)        0018E
_ANSELCbits                            (abs)        0018E
_Adc_ConfigAnCh                        text69       00CE4
_Adc_GetConvResult                     text61       015BC
_Adc_GetConvSts                        text60       01509
_Adc_InitAdcModule                     text68       0097E
_Adc_SelectChannel                     text59       0159D
_Adc_StartConversion                   text58       01500
_AppSm                                 text44       017D5
_App_MainTask                          text17       00B98
_BoardReset                            text65       014FD
_CheckAckStatus                        text30       0153D
_CheckByteStatus                       text29       01548
_CheckStopBitStatus                    text28       01553
_ClearRxBuffer                         text34       015CC
_ClearTxBuffer                         text33       015DD
_CmdBuffer                             bssBANK3     001A0
_ControlLedDirect                      text63       01611
_FVRCONbits                            (abs)        00117
_GenerateEvt                           text62       01741
_GetDieTemperature                     text57       016AC
_I2cConfig                             bssBANK2     00154
_I2cNewPacketNotification              bssBANK1     000DD
_I2cNewTxNotification                  bssBANK1     000DF
_I2cPacket                             (abs)        0239D
_I2cReplyPacketReady                   bssBANK0     0006E
_I2cRxBuffer                           bssBANK7     003A0
_I2cSetAddress                         bssBANK1     000E1
_I2cSlaveAddress                       bssBANK1     000D5
_I2cSlv_I2cDrvHandle                   text35       00D6D
_I2cSlv_MainTask                       text19       0163B
_I2cTxBuffer                           bssBANK6     00320
_I2cWriteRequest                       bssBANK1     000E3
_I2c_DataReceiveSm                     text20       00365
_I2c_InitI2cModule                     text32       0070A
_I2c_SetConfig                         text31       01626
_I2c_SetI2cAddress                     text38       0150D
_I2c_SetI2cAddressMask                 text37       01513
_I2c_UpdateTxBuffer                    text36       016E1
_INTCONbits                            (abs)        0000B
_InitSchTimer                          text5        01666
_InitTimer4                            text4        0167D
_InitializeTasks                       text16       00A03
_InterruptCounter                      bssBANK1     000C0
_LATA                                  (abs)        0010C
_LATAbits                              (abs)        0010C
_LATB                                  (abs)        0010D
_LATBbits                              (abs)        0010D
_LATC                                  (abs)        0010E
_LATCbits                              (abs)        0010E
_Led1Blink                             bssBANK2     0015F
_Led1Pulse                             bssBANK1     000D7
_Led1Sts                               bssBANK1     000E5
_LedBehaviourSts                       dataCOMMON   0007C
_LedBlinkStateMachine                  text27       00DFD
_LedPulseStateMachine                  text26       00BFF
_LedStateMachine                       text25       00878
_Led_InitSeq                           text24       00A93
_Led_MainTask                          text18       008A9
_Led_SetLedBlinkTime                   text54       00801
_Led_SetLedPulseTime                   text53       015FF
_Led_SetLedStatus                      text64       015AC
_LowPowerMode                          text55       01582
_MainInterrupt                         intentry     00004
_MainScheduler                         text14       015EE
_MainSystemTimebaseFlag                dataBANK1    000E6
_ManageProtocol                        text46       000B7
_Mcu_ClearWdg                          text23       014F9
_Mcu_ConfigPullUps                     text43       0063F
_Mcu_EnableInterrupts                  text3        01503
_Mcu_Reset                             text66       014F7
_Mcu_SetDieTempMode                    text42       01522
_Mcu_SetDieTempSts                     text41       0152B
_Mcu_SetPullUpsSts                     text40       01534
_Mcu_SetWdgPeriod                      text22       0158F
_Mcu_SetWdgSts                         text56       01519
_Mcu_StartSystemPll                    text2        01506
_OPTION_REGbits                        (abs)        00095
_OSCCONbits                            (abs)        00099
_OSCSTATbits                           (abs)        0009A
_PIE1bits                              (abs)        00091
_PIE3bits                              (abs)        00093
_PIR1bits                              (abs)        00011
_PIR3bits                              (abs)        00013
_PORTCbits                             (abs)        0000E
_PR2                                   (abs)        0001B
_PR4                                   (abs)        00416
_PR6                                   (abs)        0041D
_ReceiveEvt                            text67       0171F
_RepBuffer                             bssBANK5     002A0
_RepBufferLen                          bssBANK1     000D6
_SSP1ADD                               (abs)        00212
_SSP1BUF                               (abs)        00211
_SSP1CON1                              (abs)        00215
_SSP1CON1bits                          (abs)        00215
_SSP1CON2                              (abs)        00216
_SSP1CON3                              (abs)        00217
_SSP1MSK                               (abs)        00213
_SSP1STAT                              (abs)        00214
_ScheduleTasks                         text15       00E9A
_Servo                                 bssBANK1     000A0
_ServoTargetPos                        dataBANK1    000E7
_SetLedBehavSts                        text52       009C0
_SetOutChSts                           text73       00947
_SrvDrv_ServoInit                      text39       00911
_SrvDrv_ServoPulse                     text72       00561
_StdS_ManageStdServices                text47       0046D
_StdS_SetI2cAddress                    text45       007C1
_StringCopy                            text51       01763
_SystemInit                            text1        0155E
_SystemState                           bssBANK0     0006D
_T2CONbits                             (abs)        0001C
_T4CONbits                             (abs)        00417
_T6CONbits                             (abs)        0041E
_TRISAbits                             (abs)        0008C
_TRISBbits                             (abs)        0008D
_TRISCbits                             (abs)        0008E
_TaskNumber                            stringtext   0100A
_TaskTable                             dataBANK2    00120
_TmrBInit                              text13       00C67
_Tmr_StartTmr                          text12       01694
_Tmr_TmrBConfig                        text6        00A48
_Tmr_TmrBIrqSet                        text11       01785
_Tmr_TmrBPrSet                         text7        00F4A
_WDTCONbits                            (abs)        00097
_WPUA                                  (abs)        0020C
_WPUAbits                              (abs)        0020C
_WPUB                                  (abs)        0020D
_WPUBbits                              (abs)        0020D
_WPUC                                  (abs)        0020E
_WPUCbits                              (abs)        0020E
_Wdg_MainTask                          text21       01650
__CFG_BOREN$ON                         (abs)        00000
__CFG_BORV$LO                          (abs)        00000
__CFG_CLKOUTEN$OFF                     (abs)        00000
__CFG_CP$OFF                           (abs)        00000
__CFG_CPD$OFF                          (abs)        00000
__CFG_FCMEN$ON                         (abs)        00000
__CFG_FOSC$HS                          (abs)        00000
__CFG_IESO$ON                          (abs)        00000
__CFG_LVP$OFF                          (abs)        00000
__CFG_MCLRE$ON                         (abs)        00000
__CFG_PLLEN$ON                         (abs)        00000
__CFG_PWRTE$OFF                        (abs)        00000
__CFG_STVREN$ON                        (abs)        00000
__CFG_WDTE$SWDTEN                      (abs)        00000
__CFG_WRT$OFF                          (abs)        00000
__Habs1                                abs1         00000
__Hbank0                               bank0        00000
__Hbank1                               bank1        00000
__Hbank10                              bank10       00000
__Hbank11                              bank11       00000
__Hbank12                              bank12       00000
__Hbank13                              bank13       00000
__Hbank14                              bank14       00000
__Hbank15                              bank15       00000
__Hbank16                              bank16       00000
__Hbank17                              bank17       00000
__Hbank18                              bank18       00000
__Hbank19                              bank19       00000
__Hbank2                               bank2        00000
__Hbank20                              bank20       00000
__Hbank21                              bank21       00000
__Hbank22                              bank22       00000
__Hbank23                              bank23       00000
__Hbank24                              bank24       00000
__Hbank25                              bank25       00000
__Hbank26                              bank26       00000
__Hbank27                              bank27       00000
__Hbank28                              bank28       00000
__Hbank29                              bank29       00000
__Hbank3                               bank3        00000
__Hbank30                              bank30       00000
__Hbank31                              bank31       00000
__Hbank4                               bank4        00000
__Hbank5                               bank5        00000
__Hbank6                               bank6        00000
__Hbank7                               bank7        00000
__Hbank8                               bank8        00000
__Hbank9                               bank9        00000
__Hbigram                              bigram       00000
__HbssBANK0                            bssBANK0     00000
__HbssBANK1                            bssBANK1     00000
__HbssBANK2                            bssBANK2     00000
__HbssBANK3                            bssBANK3     00000
__HbssBANK4                            bssBANK4     00000
__HbssBANK5                            bssBANK5     00000
__HbssBANK6                            bssBANK6     00000
__HbssBANK7                            bssBANK7     00000
__HbssCOMMON                           bssCOMMON    00000
__Hcinit                               cinit        000B7
__Hclrtext                             clrtext      00000
__Hcode                                code         00000
__Hcommon                              common       00000
__Hconfig                              config       08009
__HcstackBANK0                         cstackBANK0  00000
__HcstackCOMMON                        cstackCOMMON 00000
__HdataBANK1                           dataBANK1    00000
__HdataBANK2                           dataBANK2    00000
__HdataCOMMON                          dataCOMMON   00000
__Heeprom_data                         eeprom_data  00000
__Hend_init                            end_init     00038
__Hfunctab                             functab      00000
__HidataBANK1                          idataBANK1   00000
__HidataBANK2                          idataBANK2   00000
__HidataCOMMON                         idataCOMMON  00000
__Hidloc                               idloc        00000
__Hinit                                init         00036
__Hinittext                            inittext     00000
__Hintentry                            intentry     00036
__Hmaintext                            maintext     00000
__Hpowerup                             powerup      00000
__Hram                                 ram          00000
__Hreset_vec                           reset_vec    00002
__Hsfr0                                sfr0         00000
__Hsfr1                                sfr1         00000
__Hsfr10                               sfr10        00000
__Hsfr11                               sfr11        00000
__Hsfr12                               sfr12        00000
__Hsfr13                               sfr13        00000
__Hsfr14                               sfr14        00000
__Hsfr15                               sfr15        00000
__Hsfr16                               sfr16        00000
__Hsfr17                               sfr17        00000
__Hsfr18                               sfr18        00000
__Hsfr19                               sfr19        00000
__Hsfr2                                sfr2         00000
__Hsfr20                               sfr20        00000
__Hsfr21                               sfr21        00000
__Hsfr22                               sfr22        00000
__Hsfr23                               sfr23        00000
__Hsfr24                               sfr24        00000
__Hsfr25                               sfr25        00000
__Hsfr26                               sfr26        00000
__Hsfr27                               sfr27        00000
__Hsfr28                               sfr28        00000
__Hsfr29                               sfr29        00000
__Hsfr3                                sfr3         00000
__Hsfr30                               sfr30        00000
__Hsfr31                               sfr31        00000
__Hsfr4                                sfr4         00000
__Hsfr5                                sfr5         00000
__Hsfr6                                sfr6         00000
__Hsfr7                                sfr7         00000
__Hsfr8                                sfr8         00000
__Hsfr9                                sfr9         00000
__Hspace_0                             (abs)        08009
__Hspace_1                             (abs)        003F0
__Hspace_2                             (abs)        00000
__Hspace_3                             (abs)        00000
__Hstack                               stack        00000
__Hstrings                             strings      00000
__Hstringtext                          stringtext   00000
__Htext                                text         00000
__Labs1                                abs1         00000
__Lbank0                               bank0        00000
__Lbank1                               bank1        00000
__Lbank10                              bank10       00000
__Lbank11                              bank11       00000
__Lbank12                              bank12       00000
__Lbank13                              bank13       00000
__Lbank14                              bank14       00000
__Lbank15                              bank15       00000
__Lbank16                              bank16       00000
__Lbank17                              bank17       00000
__Lbank18                              bank18       00000
__Lbank19                              bank19       00000
__Lbank2                               bank2        00000
__Lbank20                              bank20       00000
__Lbank21                              bank21       00000
__Lbank22                              bank22       00000
__Lbank23                              bank23       00000
__Lbank24                              bank24       00000
__Lbank25                              bank25       00000
__Lbank26                              bank26       00000
__Lbank27                              bank27       00000
__Lbank28                              bank28       00000
__Lbank29                              bank29       00000
__Lbank3                               bank3        00000
__Lbank30                              bank30       00000
__Lbank31                              bank31       00000
__Lbank4                               bank4        00000
__Lbank5                               bank5        00000
__Lbank6                               bank6        00000
__Lbank7                               bank7        00000
__Lbank8                               bank8        00000
__Lbank9                               bank9        00000
__Lbigram                              bigram       00000
__LbssBANK0                            bssBANK0     00000
__LbssBANK1                            bssBANK1     00000
__LbssBANK2                            bssBANK2     00000
__LbssBANK3                            bssBANK3     00000
__LbssBANK4                            bssBANK4     00000
__LbssBANK5                            bssBANK5     00000
__LbssBANK6                            bssBANK6     00000
__LbssBANK7                            bssBANK7     00000
__LbssCOMMON                           bssCOMMON    00000
__Lcinit                               cinit        00038
__Lclrtext                             clrtext      00000
__Lcode                                code         00000
__Lcommon                              common       00000
__Lconfig                              config       08007
__LcstackBANK0                         cstackBANK0  00000
__LcstackCOMMON                        cstackCOMMON 00000
__LdataBANK1                           dataBANK1    00000
__LdataBANK2                           dataBANK2    00000
__LdataCOMMON                          dataCOMMON   00000
__Leeprom_data                         eeprom_data  00000
__Lend_init                            end_init     00036
__Lfunctab                             functab      00000
__LidataBANK1                          idataBANK1   00000
__LidataBANK2                          idataBANK2   00000
__LidataCOMMON                         idataCOMMON  00000
__Lidloc                               idloc        00000
__Linit                                init         00036
__Linittext                            inittext     00000
__Lintentry                            intentry     00004
__Lmaintext                            maintext     00000
__Lpowerup                             powerup      00000
__Lram                                 ram          00000
__Lreset_vec                           reset_vec    00000
__Lsfr0                                sfr0         00000
__Lsfr1                                sfr1         00000
__Lsfr10                               sfr10        00000
__Lsfr11                               sfr11        00000
__Lsfr12                               sfr12        00000
__Lsfr13                               sfr13        00000
__Lsfr14                               sfr14        00000
__Lsfr15                               sfr15        00000
__Lsfr16                               sfr16        00000
__Lsfr17                               sfr17        00000
__Lsfr18                               sfr18        00000
__Lsfr19                               sfr19        00000
__Lsfr2                                sfr2         00000
__Lsfr20                               sfr20        00000
__Lsfr21                               sfr21        00000
__Lsfr22                               sfr22        00000
__Lsfr23                               sfr23        00000
__Lsfr24                               sfr24        00000
__Lsfr25                               sfr25        00000
__Lsfr26                               sfr26        00000
__Lsfr27                               sfr27        00000
__Lsfr28                               sfr28        00000
__Lsfr29                               sfr29        00000
__Lsfr3                                sfr3         00000
__Lsfr30                               sfr30        00000
__Lsfr31                               sfr31        00000
__Lsfr4                                sfr4         00000
__Lsfr5                                sfr5         00000
__Lsfr6                                sfr6         00000
__Lsfr7                                sfr7         00000
__Lsfr8                                sfr8         00000
__Lsfr9                                sfr9         00000
__Lspace_0                             (abs)        00000
__Lspace_1                             (abs)        00000
__Lspace_2                             (abs)        00000
__Lspace_3                             (abs)        00000
__Lstack                               stack        00000
__Lstrings                             strings      00000
__Lstringtext                          stringtext   00000
__Ltext                                text         00000
__S0                                   (abs)        08009
__S1                                   (abs)        003F0
__S2                                   (abs)        00000
__S3                                   (abs)        00000
___int_sp                              stack        00000
___latbits                             (abs)        00002
___lldiv                               text10       00AE3
___lldiv@counter                       cstackBANK0  0002D
___lldiv@dividend                      cstackBANK0  00024
___lldiv@divisor                       cstackBANK0  00020
___lldiv@quotient                      cstackBANK0  00029
___lmul                                text9        00848
___lmul@multiplicand                   cstackBANK0  0002A
___lmul@multiplier                     cstackBANK0  00026
___lmul@product                        cstackBANK0  0002E
___lwdiv                               text50       008DC
___lwdiv@counter                       cstackBANK0  00027
___lwdiv@dividend                      cstackBANK0  00022
___lwdiv@divisor                       cstackBANK0  00020
___lwdiv@quotient                      cstackBANK0  00025
___lwmod                               text49       0081B
___lwmod@counter                       cstackBANK0  00025
___lwmod@dividend                      cstackBANK0  00022
___lwmod@divisor                       cstackBANK0  00020
___sp                                  stack        00000
___wmul                                text8        016C5
___wmul@multiplicand                   cstackBANK0  00022
___wmul@multiplier                     cstackBANK0  00020
___wmul@product                        cstackBANK0  00024
__end_of_Adc_ConfigAnCh                text69       00D6D
__end_of_Adc_GetConvResult             text61       015CC
__end_of_Adc_GetConvSts                text60       0150D
__end_of_Adc_InitAdcModule             text68       009C0
__end_of_Adc_SelectChannel             text59       015AC
__end_of_Adc_StartConversion           text58       01503
__end_of_AppSm                         text44       01800
__end_of_App_MainTask                  text17       00BFF
__end_of_BoardReset                    text65       01500
__end_of_CheckAckStatus                text30       01548
__end_of_CheckByteStatus               text29       01553
__end_of_CheckStopBitStatus            text28       0155E
__end_of_ClearRxBuffer                 text34       015DD
__end_of_ClearTxBuffer                 text33       015EE
__end_of_ControlLedDirect              text63       01626
__end_of_GenerateEvt                   text62       01763
__end_of_GetDieTemperature             text57       016C5
__end_of_I2cSlv_I2cDrvHandle           text35       00DFD
__end_of_I2cSlv_MainTask               text19       01650
__end_of_I2c_DataReceiveSm             text20       0046D
__end_of_I2c_InitI2cModule             text32       007C1
__end_of_I2c_SetConfig                 text31       0163B
__end_of_I2c_SetI2cAddress             text38       01513
__end_of_I2c_SetI2cAddressMask         text37       01519
__end_of_I2c_UpdateTxBuffer            text36       016FE
__end_of_InitSchTimer                  text5        0167D
__end_of_InitTimer4                    text4        01694
__end_of_InitializeTasks               text16       00A48
__end_of_LedBlinkStateMachine          text27       00E9A
__end_of_LedPulseStateMachine          text26       00C67
__end_of_LedStateMachine               text25       008A9
__end_of_Led_InitSeq                   text24       00AE3
__end_of_Led_MainTask                  text18       008DC
__end_of_Led_SetLedBlinkTime           text54       0081B
__end_of_Led_SetLedPulseTime           text53       01611
__end_of_Led_SetLedStatus              text64       015BC
__end_of_LowPowerMode                  text55       0158F
__end_of_MainInterrupt                 intentry     00036
__end_of_MainScheduler                 text14       015FF
__end_of_ManageProtocol                text46       00365
__end_of_Mcu_ClearWdg                  text23       014FB
__end_of_Mcu_ConfigPullUps             text43       0070A
__end_of_Mcu_EnableInterrupts          text3        01506
__end_of_Mcu_Reset                     text66       014F9
__end_of_Mcu_SetDieTempMode            text42       0152B
__end_of_Mcu_SetDieTempSts             text41       01534
__end_of_Mcu_SetPullUpsSts             text40       0153D
__end_of_Mcu_SetWdgPeriod              text22       0159D
__end_of_Mcu_SetWdgSts                 text56       01522
__end_of_Mcu_StartSystemPll            text2        01509
__end_of_ReceiveEvt                    text67       01741
__end_of_ScheduleTasks                 text15       00F4A
__end_of_SetLedBehavSts                text52       00A03
__end_of_SetOutChSts                   text73       0097E
__end_of_SrvDrv_ServoInit              text39       00947
__end_of_SrvDrv_ServoPulse             text72       0063F
__end_of_StdS_ManageStdServices        text47       00561
__end_of_StdS_SetI2cAddress            text45       007F9
__end_of_StringCopy                    text51       01785
__end_of_SystemInit                    text1        0156A
__end_of_TaskNumber                    stringtext   0100C
__end_of_TmrBInit                      text13       00CE4
__end_of_Tmr_StartTmr                  text12       016AC
__end_of_Tmr_TmrBConfig                text6        00A93
__end_of_Tmr_TmrBIrqSet                text11       017AD
__end_of_Tmr_TmrBPrSet                 text7        01000
__end_of_Wdg_MainTask                  text21       01666
__end_of___lldiv                       text10       00B36
__end_of___lmul                        text9        00878
__end_of___lwdiv                       text50       00911
__end_of___lwmod                       text49       00848
__end_of___wmul                        text8        016E1
__end_of__initialization               cinit        000B3
__end_of_dpowers                       stringtext   0100A
__end_of_main                          maintext     00800
__end_of_utoa                          text48       00B98
__end_ofi1_GenerateEvt                 text71       0171F
__initialization                       cinit        00038
__pbssBANK0                            bssBANK0     0006D
__pbssBANK1                            bssBANK1     000A0
__pbssBANK2                            bssBANK2     00148
__pbssBANK3                            bssBANK3     001A0
__pbssBANK4                            bssBANK4     00220
__pbssBANK5                            bssBANK5     002A0
__pbssBANK6                            bssBANK6     00320
__pbssBANK7                            bssBANK7     003A0
__pbssBIGRAM                           (abs)        0239D
__pbssCOMMON                           bssCOMMON    0007D
__pcstackBANK0                         cstackBANK0  00020
__pcstackCOMMON                        cstackCOMMON 00070
__pdataBANK1                           dataBANK1    000E6
__pdataBANK2                           dataBANK2    00120
__pdataCOMMON                          dataCOMMON   0007B
__pidataBANK1                          idataBANK1   014FB
__pidataBANK2                          idataBANK2   017AD
__pidataCOMMON                         idataCOMMON  00002
__pintentry                            intentry     00004
__pmaintext                            maintext     007F9
__pstringtext                          stringtext   01000
__pswtext1                             swtext1      0103D
__pswtext2                             swtext2      01031
__ptext1                               text1        0155E
__ptext10                              text10       00AE3
__ptext11                              text11       01785
__ptext12                              text12       01694
__ptext13                              text13       00C67
__ptext14                              text14       015EE
__ptext15                              text15       00E9A
__ptext16                              text16       00A03
__ptext17                              text17       00B98
__ptext18                              text18       008A9
__ptext19                              text19       0163B
__ptext2                               text2        01506
__ptext20                              text20       00365
__ptext21                              text21       01650
__ptext22                              text22       0158F
__ptext23                              text23       014F9
__ptext24                              text24       00A93
__ptext25                              text25       00878
__ptext26                              text26       00BFF
__ptext27                              text27       00DFD
__ptext28                              text28       01553
__ptext29                              text29       01548
__ptext3                               text3        01503
__ptext30                              text30       0153D
__ptext31                              text31       01626
__ptext32                              text32       0070A
__ptext33                              text33       015DD
__ptext34                              text34       015CC
__ptext35                              text35       00D6D
__ptext36                              text36       016E1
__ptext37                              text37       01513
__ptext38                              text38       0150D
__ptext39                              text39       00911
__ptext4                               text4        0167D
__ptext40                              text40       01534
__ptext41                              text41       0152B
__ptext42                              text42       01522
__ptext43                              text43       0063F
__ptext44                              text44       017D5
__ptext45                              text45       007C1
__ptext46                              text46       000B7
__ptext47                              text47       0046D
__ptext48                              text48       00B36
__ptext49                              text49       0081B
__ptext5                               text5        01666
__ptext50                              text50       008DC
__ptext51                              text51       01763
__ptext52                              text52       009C0
__ptext53                              text53       015FF
__ptext54                              text54       00801
__ptext55                              text55       01582
__ptext56                              text56       01519
__ptext57                              text57       016AC
__ptext58                              text58       01500
__ptext59                              text59       0159D
__ptext6                               text6        00A48
__ptext60                              text60       01509
__ptext61                              text61       015BC
__ptext62                              text62       01741
__ptext63                              text63       01611
__ptext64                              text64       015AC
__ptext65                              text65       014FD
__ptext66                              text66       014F7
__ptext67                              text67       0171F
__ptext68                              text68       0097E
__ptext69                              text69       00CE4
__ptext7                               text7        00F4A
__ptext71                              text71       016FE
__ptext72                              text72       00561
__ptext73                              text73       00947
__ptext8                               text8        016C5
__ptext9                               text9        00848
__size_of_Adc_ConfigAnCh               (abs)        00000
__size_of_Adc_GetConvResult            (abs)        00000
__size_of_Adc_GetConvSts               (abs)        00000
__size_of_Adc_InitAdcModule            (abs)        00000
__size_of_Adc_SelectChannel            (abs)        00000
__size_of_Adc_StartConversion          (abs)        00000
__size_of_AppSm                        (abs)        00000
__size_of_App_MainTask                 (abs)        00000
__size_of_BoardReset                   (abs)        00000
__size_of_CheckAckStatus               (abs)        00000
__size_of_CheckByteStatus              (abs)        00000
__size_of_CheckStopBitStatus           (abs)        00000
__size_of_ClearRxBuffer                (abs)        00000
__size_of_ClearTxBuffer                (abs)        00000
__size_of_ControlLedDirect             (abs)        00000
__size_of_GenerateEvt                  (abs)        00000
__size_of_GetDieTemperature            (abs)        00000
__size_of_I2cSlv_I2cDrvHandle          (abs)        00000
__size_of_I2cSlv_MainTask              (abs)        00000
__size_of_I2c_DataReceiveSm            (abs)        00000
__size_of_I2c_InitI2cModule            (abs)        00000
__size_of_I2c_SetConfig                (abs)        00000
__size_of_I2c_SetI2cAddress            (abs)        00000
__size_of_I2c_SetI2cAddressMask        (abs)        00000
__size_of_I2c_UpdateTxBuffer           (abs)        00000
__size_of_InitSchTimer                 (abs)        00000
__size_of_InitTimer4                   (abs)        00000
__size_of_InitializeTasks              (abs)        00000
__size_of_LedBlinkStateMachine         (abs)        00000
__size_of_LedPulseStateMachine         (abs)        00000
__size_of_LedStateMachine              (abs)        00000
__size_of_Led_InitSeq                  (abs)        00000
__size_of_Led_MainTask                 (abs)        00000
__size_of_Led_SetLedBlinkTime          (abs)        00000
__size_of_Led_SetLedPulseTime          (abs)        00000
__size_of_Led_SetLedStatus             (abs)        00000
__size_of_LowPowerMode                 (abs)        00000
__size_of_MainInterrupt                (abs)        00000
__size_of_MainScheduler                (abs)        00000
__size_of_ManageProtocol               (abs)        00000
__size_of_Mcu_ClearWdg                 (abs)        00000
__size_of_Mcu_ConfigPullUps            (abs)        00000
__size_of_Mcu_EnableInterrupts         (abs)        00000
__size_of_Mcu_Reset                    (abs)        00000
__size_of_Mcu_SetDieTempMode           (abs)        00000
__size_of_Mcu_SetDieTempSts            (abs)        00000
__size_of_Mcu_SetPullUpsSts            (abs)        00000
__size_of_Mcu_SetWdgPeriod             (abs)        00000
__size_of_Mcu_SetWdgSts                (abs)        00000
__size_of_Mcu_StartSystemPll           (abs)        00000
__size_of_ReceiveEvt                   (abs)        00000
__size_of_ScheduleTasks                (abs)        00000
__size_of_SetLedBehavSts               (abs)        00000
__size_of_SetOutChSts                  (abs)        00000
__size_of_SrvDrv_ServoInit             (abs)        00000
__size_of_SrvDrv_ServoPulse            (abs)        00000
__size_of_StdS_ManageStdServices       (abs)        00000
__size_of_StdS_SetI2cAddress           (abs)        00000
__size_of_StringCopy                   (abs)        00000
__size_of_SystemInit                   (abs)        00000
__size_of_TmrBInit                     (abs)        00000
__size_of_Tmr_StartTmr                 (abs)        00000
__size_of_Tmr_TmrBConfig               (abs)        00000
__size_of_Tmr_TmrBIrqSet               (abs)        00000
__size_of_Tmr_TmrBPrSet                (abs)        00000
__size_of_Wdg_MainTask                 (abs)        00000
__size_of___lldiv                      (abs)        00000
__size_of___lmul                       (abs)        00000
__size_of___lwdiv                      (abs)        00000
__size_of___lwmod                      (abs)        00000
__size_of___wmul                       (abs)        00000
__size_of_main                         (abs)        00000
__size_of_utoa                         (abs)        00000
__size_ofi1_GenerateEvt                (abs)        00000
_main                                  maintext     007F9
_utoa                                  text48       00B36
btemp                                  (abs)        0007E
clear_ram0                             clrtext      0156A
end_of_initialization                  cinit        000B3
i1GenerateEvt@Event                    cstackCOMMON 00071
i1GenerateEvt@EventStatus              cstackCOMMON 00072
i1_GenerateEvt                         text71       016FE
init_ram                               inittext     01576
int$flags                              (abs)        0007E
intlevel0                              functab      00000
intlevel1                              functab      00000
[...]
      Params:         0       0       0       0       0       0       0       0       0       0       0       0       0       0
      Locals:         0       0       0       0       0       0       0       0       0       0       0       0       0       0
      Temps:          0       0       0       0       0       0       0       0       0       0       0       0       0       0
      Totals:         0       0       0       0       0       0       0       0       0       0       0       0       0       0
Total ram usage:        0 bytes
 Hardware stack levels used:    1
 Hardware stack levels required when called:    4
 This function calls:
		_Mcu_Reset
 This function is called by:
		_StdS_ManageStdServices
 This function uses a non-reentrant model


 *************** function _Mcu_Reset *****************
 Defined at:
		line 293 in file "../../../Framework/MercuryFwk/Source/c/01_Hal/02_Drv/mcu_drv.c"
 Parameters:    Size  Location     Type
		None
 Auto vars:     Size  Location     Type
		None
 Return value:  Size  Location     Type
                  1    wreg      void 
 Registers used:
		None
 Tracked objects:
		On entry : 
		On exit  : 
		Unchanged: 
 Data sizes:     COMMON   BANK0   BANK1   BANK2   BANK3   BANK4   BANK5   BANK6   BANK7   BANK8   BANK9  BANK10  BANK11  BANK12
      Params:         0       0       0       0       0       0       0       0       0       0       0       0       0       0
      Locals:         0       0       0       0       0       0       0       0       0       0       0       0       0       0
      Temps:          0       0       0       0       0       0       0       0       0       0       0       0       0       0
      Totals:         0       0       0       0       0       0       0       0       0       0       0       0       0       0
Total ram usage:        0 bytes
 Hardware stack levels used:    1
 Hardware stack levels required when called:    3
 This function calls:
		Nothing
 This function is called by:
		_I2c_DataReceiveSm
		_BoardReset
 This function uses a non-reentrant model


 *************** function _ReceiveEvt *****************
 Defined at:
		line 103 in file "../../../Framework/MercuryFwk/Source/c/02_Osl/os_ser.c"
 Parameters:    Size  Location     Type
  Event           1    wreg     PTR struct _EventStructu
		 -> I2cReplyPacketReady(2), I2cWriteRequest(2), I2cSetAddress(2), I2cNewTxNotification(2), 
		 -> I2cNewPacketNotification(2), 
 Auto vars:     Size  Location     Type
  Event           1    1[BANK0 ] PTR struct _EventStructu
		 -> I2cReplyPacketReady(2), I2cWriteRequest(2), I2cSetAddress(2), I2cNewTxNotification(2), 
		 -> I2cNewPacketNotification(2), 
  EventStatus     1    0[BANK0 ] enum E3629
 Return value:  Size  Location     Type
                  1    wreg      enum E3625
 Registers used:
		wreg, fsr1l, fsr1h, status,2, status,0
 Tracked objects:
		On entry : 
		On exit  : 
		Unchanged: 
 Data sizes:     COMMON   BANK0   BANK1   BANK2   BANK3   BANK4   BANK5   BANK6   BANK7   BANK8   BANK9  BANK10  BANK11  BANK12
      Params:         0       0       0       0       0       0       0       0       0       0       0       0       0       0
      Locals:         0       2       0       0       0       0       0       0       0       0       0       0       0       0
      Temps:          0       0       0       0       0       0       0       0       0       0       0       0       0       0
      Totals:         0       2       0       0       0       0       0       0       0       0       0       0       0       0
Total ram usage:        2 bytes
 Hardware stack levels used:    1
 Hardware stack levels required when called:    3
 This function calls:
		Nothing
 This function is called by:
		_I2c_DataReceiveSm
		_I2cSlv_I2cDrvHandle
		_ManageProtocol
 This function uses a non-reentrant model


 *************** function _Adc_InitAdcModule *****************
 Defined at:
		line 107 in file "../../../Framework/MercuryFwk/Source/c/01_Hal/02_Drv/adc_drv.c"
 Parameters:    Size  Location     Type
  AdcConfig       1    wreg     PTR struct _AdcCfgType
		 -> App_MainTask@AdcConfig(6), 
 Auto vars:     Size  Location     Type
  AdcConfig       1    0[BANK0 ] PTR struct _AdcCfgType
		 -> App_MainTask@AdcConfig(6), 
 Return value:  Size  Location     Type
                  1    wreg      void 
 Registers used:
		wreg, fsr1l, fsr1h, status,2, status,0
 Tracked objects:
		On entry : 
		On exit  : 
		Unchanged: 
 Data sizes:     COMMON   BANK0   BANK1   BANK2   BANK3   BANK4   BANK5   BANK6   BANK7   BANK8   BANK9  BANK10  BANK11  BANK12
      Params:         0       0       0       0       0       0       0       0       0       0       0       0       0       0
      Locals:         0       1       0       0       0       0       0       0       0       0       0       0       0       0
      Temps:          0       0       0       0       0       0       0       0       0       0       0       0       0       0
      Totals:         0       1       0       0       0       0       0       0       0       0       0       0       0       0
Total ram usage:        1 bytes
 Hardware stack levels used:    1
 Hardware stack levels required when called:    3
 This function calls:
		Nothing
 This function is called by:
		_App_MainTask
 This function uses a non-reentrant model


 *************** function _Adc_ConfigAnCh *****************
 Defined at:
		line 73 in file "../../../Framework/MercuryFwk/Source/c/01_Hal/02_Drv/adc_drv.c"
 Parameters:    Size  Location     Type
  AnChSel         1    wreg     PTR struct _AnalogChSelT
		 -> App_MainTask@AnalogChSel(12), 
 Auto vars:     Size  Location     Type
  AnChSel         1    0[BANK0 ] PTR struct _AnalogChSelT
		 -> App_MainTask@AnalogChSel(12), 
 Return value:  Size  Location     Type
                  1    wreg      void 
 Registers used:
		wreg, fsr1l, fsr1h, status,2, status,0
 Tracked objects:
		On entry : 
		On exit  : 
		Unchanged: 
 Data sizes:     COMMON   BANK0   BANK1   BANK2   BANK3   BANK4   BANK5   BANK6   BANK7   BANK8   BANK9  BANK10  BANK11  BANK12
      Params:         0       0       0       0       0       0       0       0       0       0       0       0       0       0
      Locals:         0       1       0       0       0       0       0       0       0       0       0       0       0       0
      Temps:          0       0       0       0       0       0       0       0       0       0       0       0       0       0
      Totals:         0       1       0       0       0       0       0       0       0       0       0       0       0       0
Total ram usage:        1 bytes
 Hardware stack levels used:    1
 Hardware stack levels required when called:    3
 This function calls:
		Nothing
 This function is called by:
		_App_MainTask
 This function uses a non-reentrant model


 *************** function _MainInterrupt *****************
 Defined at:
		line 50 in file "../../../Framework/MercuryFwk/Source/c/02_Osl/interrupts.c"
 Parameters:    Size  Location     Type
		None
 Auto vars:     Size  Location     Type
		None
 Return value:  Size  Location     Type
                  1    wreg      void 
 Registers used:
		wreg, fsr0l, fsr0h, fsr1l, fsr1h, status,2, status,0, pclath, cstack
 Tracked objects:
		On entry : 
		On exit  : 
		Unchanged: 
 Data sizes:     COMMON   BANK0   BANK1   BANK2   BANK3   BANK4   BANK5   BANK6   BANK7   BANK8   BANK9  BANK10  BANK11  BANK12
      Params:         0       0       0       0       0       0       0       0       0       0       0       0       0       0
      Locals:         0       0       0       0       0       0       0       0       0       0       0       0       0       0
      Temps:          1       0       0       0       0       0       0       0       0       0       0       0       0       0
      Totals:         1       0       0       0       0       0       0       0       0       0       0       0       0       0
Total ram usage:        1 bytes
 Hardware stack levels used:    1
 Hardware stack levels required when called:    2
 This function calls:
		_SrvDrv_ServoPulse
		i1_GenerateEvt
 This function is called by:
		Interrupt level 1
 This function uses a non-reentrant model


 *************** function i1_GenerateEvt *****************
 Defined at:
		line 73 in file "../../../Framework/MercuryFwk/Source/c/02_Osl/os_ser.c"
 Parameters:    Size  Location     Type
  Event           1    wreg     PTR struct _EventStructu
		 -> I2cReplyPacketReady(2), I2cWriteRequest(2), I2cSetAddress(2), I2cNewTxNotification(2), 
		 -> I2cNewPacketNotification(2), 
 Auto vars:     Size  Location     Type
  Event           1    1[COMMON] PTR struct _EventStructu
		 -> I2cReplyPacketReady(2), I2cWriteRequest(2), I2cSetAddress(2), I2cNewTxNotification(2), 
		 -> I2cNewPacketNotification(2), 
  GenerateEvt     1    2[COMMON] enum E3629
 Return value:  Size  Location     Type
                  1    wreg      enum E3625
 Registers used:
		wreg, fsr1l, fsr1h, status,2, status,0
 Tracked objects:
		On entry : 
		On exit  : 
		Unchanged: 
 Data sizes:     COMMON   BANK0   BANK1   BANK2   BANK3   BANK4   BANK5   BANK6   BANK7   BANK8   BANK9  BANK10  BANK11  BANK12
      Params:         0       0       0       0       0       0       0       0       0       0       0       0       0       0
      Locals:         2       0       0       0       0       0       0       0       0       0       0       0       0       0
      Temps:          1       0       0       0       0       0       0       0       0       0       0       0       0       0
      Totals:         3       0       0       0       0       0       0       0       0       0       0       0       0       0
Total ram usage:        3 bytes
 Hardware stack levels used:    1
 This function calls:
		Nothing
 This function is called by:
		_MainInterrupt
 This function uses a non-reentrant model


 *************** function _SrvDrv_ServoPulse *****************
 Defined at:
		line 157 in file "../../../Framework/MercuryFwk/Source/c/01_Hal/02_Drv/servo_drv.c"
 Parameters:    Size  Location     Type
		None
 Auto vars:     Size  Location     Type
  ServoIndex      1    9[COMMON] unsigned char 
  OffCounter      1    8[COMMON] unsigned char 
 Return value:  Size  Location     Type
                  1    wreg      void 
 Registers used:
		wreg, fsr0l, fsr0h, fsr1l, fsr1h, status,2, status,0, pclath, cstack
 Tracked objects:
		On entry : 
		On exit  : 
		Unchanged: 
 Data sizes:     COMMON   BANK0   BANK1   BANK2   BANK3   BANK4   BANK5   BANK6   BANK7   BANK8   BANK9  BANK10  BANK11  BANK12
      Params:         0       0       0       0       0       0       0       0       0       0       0       0       0       0
      Locals:         2       0       0       0       0       0       0       0       0       0       0       0       0       0
      Temps:          6       0       0       0       0       0       0       0       0       0       0       0       0       0
      Totals:         8       0       0       0       0       0       0       0       0       0       0       0       0       0
Total ram usage:        8 bytes
 Hardware stack levels used:    1
 Hardware stack levels required when called:    1
 This function calls:
		_SetOutChSts
 This function is called by:
		_MainInterrupt
 This function uses a non-reentrant model


 *************** function _SetOutChSts *****************
 Defined at:
		line 84 in file "../../../Framework/MercuryFwk/Source/c/01_Hal/02_Drv/servo_drv.c"
 Parameters:    Size  Location     Type
  Ch              1    wreg     unsigned char 
  Sts             1    0[COMMON] unsigned char 
 Auto vars:     Size  Location     Type
  Ch              1    1[COMMON] unsigned char 
 Return value:  Size  Location     Type
                  1    wreg      void 
 Registers used:
		wreg, fsr0l, fsr0h, status,2, status,0
 Tracked objects:
		On entry : 
		On exit  : 
		Unchanged: 
 Data sizes:     COMMON   BANK0   BANK1   BANK2   BANK3   BANK4   BANK5   BANK6   BANK7   BANK8   BANK9  BANK10  BANK11  BANK12
      Params:         1       0       0       0       0       0       0       0       0       0       0       0       0       0
      Locals:         1       0       0       0       0       0       0       0       0       0       0       0       0       0
      Temps:          0       0       0       0       0       0       0       0       0       0       0       0       0       0
      Totals:         2       0       0       0       0       0       0       0       0       0       0       0       0       0
Total ram usage:        2 bytes
 Hardware stack levels used:    1
 This function calls:
		Nothing
 This function is called by:
		_SrvDrv_ServoPulse
 This function uses a non-reentrant model



MODULE INFORMATION

Module		Function		Class		Link	Load	Size
../Source/c/04_App/sys_init.c
		_InitTimer4    		CODE           	167D	0000	24
		_SystemInit    		CODE           	155E	0000	13
		_InitSchTimer  		CODE           	1666	0000	24

../Source/c/04_App/sys_init.c estimated size: 61

../../../Framework/MercuryFwk/Source/c/01_Hal/02_Drv/mcu_drv.c
		_Mcu_SetWdgPeriod		CODE           	158F	0000	15
		_Mcu_SetWdgSts 		CODE           	1519	0000	10
		_Mcu_Reset     		CODE           	14F7	0000	3
		_Mcu_SetDieTempMode		CODE           	1522	0000	10
		_Mcu_EnableInterrupts		CODE           	1503	0000	4
		_Mcu_SetDieTempSts		CODE           	152B	0000	10
		_Mcu_SetPullUpsSts		CODE           	1534	0000	10
		_Mcu_ClearWdg  		CODE           	14F9	0000	3
		_Mcu_StartSystemPll		CODE           	1506	0000	4
		_Mcu_ConfigPullUps		CODE           	063F	0000	204

../../../Framework/MercuryFwk/Source/c/01_Hal/02_Drv/mcu_drv.c estimated size: 273

C:\Program Files (x86)\Microchip\xc8\v1.38\sources\common\lwmod.c
		___lwmod       		CODE           	081B	0000	46

C:\Program Files (x86)\Microchip\xc8\v1.38\sources\common\lwmod.c estimated size: 46

../../../Framework/MercuryFwk/Source/c/02_Osl/interrupts.c
		_MainInterrupt 		CODE           	0004	0000	51

../../../Framework/MercuryFwk/Source/c/02_Osl/interrupts.c estimated size: 51

C:\Program Files (x86)\Microchip\xc8\v1.38\sources\common\Umul16.c
		___wmul        		CODE           	16C5	0000	29

C:\Program Files (x86)\Microchip\xc8\v1.38\sources\common\Umul16.c estimated size: 29

../../../Framework/MercuryFwk/Source/c/01_Hal/02_Drv/adc_drv.c
		_Adc_InitAdcModule		CODE           	097E	0000	67
		_Adc_GetConvSts		CODE           	1509	0000	5
		_Adc_GetConvResult		CODE           	15BC	0000	17
		_Adc_StartConversion		CODE           	1500	0000	4
		_Adc_SelectChannel		CODE           	159D	0000	16
		_Adc_ConfigAnCh		CODE           	0CE4	0000	138

../../../Framework/MercuryFwk/Source/c/01_Hal/02_Drv/adc_drv.c estimated size: 247

../../../Framework/MercuryFwk/Source/c/03_Sml/02_Ssl/led.c
		_LedStateMachine		CODE           	0878	0000	50
		_Led_SetLedPulseTime		CODE           	15FF	0000	19
		_Led_SetLedBlinkTime		CODE           	0801	0000	27
		_Led_InitSeq   		CODE           	0A93	0000	81
		_Led_MainTask  		CODE           	08A9	0000	52
		_Led_SetLedStatus		CODE           	15AC	0000	17

../../../Framework/MercuryFwk/Source/c/03_Sml/02_Ssl/led.c estimated size: 246

../../../Framework/MercuryFwk/Source/c/03_Sml/02_Ssl/sf.c
		_StringCopy    		CODE           	1763	0000	35

../../../Framework/MercuryFwk/Source/c/03_Sml/02_Ssl/sf.c estimated size: 35

C:\Program Files (x86)\Microchip\xc8\v1.38\sources\common\lwdiv.c
		___lwdiv       		CODE           	08DC	0000	54

C:\Program Files (x86)\Microchip\xc8\v1.38\sources\common\lwdiv.c estimated size: 54

C:\Program Files (x86)\Microchip\xc8\v1.38\sources\common\Umul32.c
		___lmul        		CODE           	0848	0000	49

C:\Program Files (x86)\Microchip\xc8\v1.38\sources\common\Umul32.c estimated size: 49

C:\Program Files (x86)\Microchip\xc8\v1.38\sources\common\lldiv.c
		___lldiv       		CODE           	0AE3	0000	84

C:\Program Files (x86)\Microchip\xc8\v1.38\sources\common\lldiv.c estimated size: 84

C:\Program Files (x86)\Microchip\xc8\v1.38\sources\common\itoa.c
		_utoa          		CODE           	0B36	0000	99

C:\Program Files (x86)\Microchip\xc8\v1.38\sources\common\itoa.c estimated size: 99

../../../Framework/MercuryFwk/Source/c/03_Sml/02_Ssl/wdg.c
		_Wdg_MainTask  		CODE           	1650	0000	23

../../../Framework/MercuryFwk/Source/c/03_Sml/02_Ssl/wdg.c estimated size: 23

../../../Framework/MercuryFwk/Source/c/02_Osl/os_ser.c
		_ReceiveEvt    		CODE           	171F	0000	35
		_GenerateEvt   		CODE           	1741	0000	35

../../../Framework/MercuryFwk/Source/c/02_Osl/os_ser.c estimated size: 70

shared
		_dpowers       		STRCODE        	0000	0000	0
		__initialization		CODE           	0038	0000	124
		i1_GenerateEvt 		CODE           	16FE	0000	34
		_TaskNumber    		STRCODE        	100A	0000	3

shared estimated size: 161

../../../Framework/MercuryFwk/Source/c/01_Hal/02_Drv/servo_drv.c
		_SrvDrv_ServoInit		CODE           	0911	0000	55
		_SetOutChSts   		CODE           	0947	0000	56
		_SrvDrv_ServoPulse		CODE           	0561	0000	223

../../../Framework/MercuryFwk/Source/c/01_Hal/02_Drv/servo_drv.c estimated size: 334

../Source/c/04_App/sb130_app.c
		_App_MainTask  		CODE           	0B98	0000	104
		_ManageProtocol		CODE           	00B7	0000	687
		_AppSm         		CODE           	17D5	0000	44

../Source/c/04_App/sb130_app.c estimated size: 835

../../../Framework/MercuryFwk/Source/c/01_Hal/02_Drv/tmr_drv.c
		_Tmr_TmrBConfig		CODE           	0A48	0000	76
		_Tmr_TmrBIrqSet		CODE           	1785	0000	41
		_Tmr_StartTmr  		CODE           	1694	0000	25
		_TmrBInit      		CODE           	0C67	0000	126
		_Tmr_TmrBPrSet 		CODE           	0F4A	0000	183

../../../Framework/MercuryFwk/Source/c/01_Hal/02_Drv/tmr_drv.c estimated size: 451

../../../Framework/MercuryFwk/Source/c/03_Sml/01_Pml/01_SlvI2c/i2c_slv.c
		_I2c_SetConfig 		CODE           	1626	0000	22
		_I2cSlv_MainTask		CODE           	163B	0000	22
		_I2cSlv_I2cDrvHandle		CODE           	0D6D	0000	145

../../../Framework/MercuryFwk/Source/c/03_Sml/01_Pml/01_SlvI2c/i2c_slv.c estimated size: 189

../../../Framework/MercuryFwk/Source/c/00_Main/main.c
		_main          		CODE           	07F9	0000	8

../../../Framework/MercuryFwk/Source/c/00_Main/main.c estimated size: 8

../../../Framework/MercuryFwk/Source/c/02_Osl/os_sched.c
		_InitializeTasks		CODE           	0A03	0000	70
		_ScheduleTasks 		CODE           	0E9A	0000	177
		_MainScheduler 		CODE           	15EE	0000	18

../../../Framework/MercuryFwk/Source/c/02_Osl/os_sched.c estimated size: 265

../../../Framework/MercuryFwk/Source/c/01_Hal/02_Drv/i2c_slv_drv.c
		_CheckAckStatus		CODE           	153D	0000	12
		_I2c_InitI2cModule		CODE           	070A	0000	184
		_ClearRxBuffer 		CODE           	15CC	0000	18
		_I2c_DataReceiveSm		CODE           	0365	0000	265
		_CheckStopBitStatus		CODE           	1553	0000	12
		_I2c_SetI2cAddress		CODE           	150D	0000	7
		_I2c_SetI2cAddressMask		CODE           	1513	0000	7
		_CheckByteStatus		CODE           	1548	0000	12
		_I2c_UpdateTxBuffer		CODE           	16E1	0000	30
		_ClearTxBuffer 		CODE           	15DD	0000	18

../../../Framework/MercuryFwk/Source/c/01_Hal/02_Drv/i2c_slv_drv.c estimated size: 565

../../../Framework/MercuryFwk/Source/c/01_Hal/02_Drv/led_drv.c
		_LedBlinkStateMachine		CODE           	0DFD	0000	158
		_LedPulseStateMachine		CODE           	0BFF	0000	105

../../../Framework/MercuryFwk/Source/c/01_Hal/02_Drv/led_drv.c estimated size: 263

../../../Framework/MercuryFwk/Source/c/03_Sml/02_Ssl/std_ser.c
		_BoardReset    		CODE           	14FD	0000	4
		_StdS_SetI2cAddress		CODE           	07C1	0000	57
		_SetLedBehavSts		CODE           	09C0	0000	68
		_ControlLedDirect		CODE           	1611	0000	22
		_StdS_ManageStdServices		CODE           	046D	0000	245
		_GetDieTemperature		CODE           	16AC	0000	26
		_LowPowerMode  		CODE           	1582	0000	14

../../../Framework/MercuryFwk/Source/c/03_Sml/02_Ssl/std_ser.c estimated size: 436

