Microchip MPLAB XC8 Compiler V1.45 ()

Linker command line:

--edf=C:\Program Files (x86)\Microchip\xc8\v1.45\dat\en_msgs.txt -cs \
  -h+dist/default/production\SB130_Servo.X.production.sym \
  --cmf=dist/default/production\SB130_Servo.X.production.cmf -z -Q16F1829 \
  -oC:\Users\franc\AppData\Local\Temp\s4ls.2 \
  -Mdist/default/production/SB130_Servo.X.production.map -E1 -ver=XC8 \
  -ASTACK=02280h-0239ch -pstack=STACK -ACODE=00h-07FFhx4 \
  -ASTRCODE=00h-01FFFh -ASTRING=00h-0FFhx32 -ACONST=00h-0FFhx32 \
  -AENTRY=00h-0FFhx32 -ACOMMON=070h-07Fh -ABANK0=020h-06Fh \
  -ABANK1=0A0h-0EFh -ABANK2=0120h-016Fh -ABANK3=01A0h-01EFh \
  -ABANK4=0220h-026Fh -ABANK5=02A0h-02EFh -ABANK6=0320h-036Fh \
  -ABANK7=03A0h-03EFh -ABANK8=0420h-046Fh -ABANK9=04A0h-04EFh \
  -ABANK10=0520h-056Fh -ABANK11=05A0h-05EFh -ABANK12=0620h-064Fh \
  -ABIGRAM=02000h-023EFh \
  -ARAM=020h-06Fh,0A0h-0EFh,0120h-016Fh,01A0h-01EFh,0220h-026Fh,02A0h-02EFh,0320h-036Fh,03A0h-03EFh,0420h-046Fh,04A0h-04EFh,0520h-056Fh,05A0h-05EFh,0620h-064Fh \
  -AABS1=020h-07Fh,0A0h-0EFh,0120h-016Fh,01A0h-01EFh,0220h-026Fh,02A0h-02EFh,0320h-036Fh,03A0h-03EFh,0420h-046Fh,04A0h-04EFh,0520h-056Fh,05A0h-05EFh,0620h-064Fh \
  -ASFR0=00h-01Fh -ASFR1=080h-09Fh -ASFR2=0100h-011Fh -ASFR3=0180h-019Fh \
  -ASFR4=0200h-021Fh -ASFR5=0280h-029Fh -ASFR6=0300h-031Fh \
  -ASFR7=0380h-039Fh -ASFR8=0400h-041Fh -ASFR9=0480h-049Fh \
  -ASFR10=0500h-051Fh -ASFR11=0580h-059Fh -ASFR12=0600h-061Fh \
  -ASFR13=0680h-06EFh -ASFR14=0700h-076Fh -ASFR15=0780h-07EFh \
  -ASFR16=0800h-086Fh -ASFR17=0880h-08EFh -ASFR18=0900h-096Fh \
  -ASFR19=0980h-09EFh -ASFR20=0A00h-0A6Fh -ASFR21=0A80h-0AEFh \
  -ASFR22=0B00h-0B6Fh -ASFR23=0B80h-0BEFh -ASFR24=0C00h-0C6Fh \
  -ASFR25=0C80h-0CEFh -ASFR26=0D00h-0D6Fh -ASFR27=0D80h-0DEFh \
  -ASFR28=0E00h-0E6Fh -ASFR29=0E80h-0EEFh -ASFR30=0F00h-0F6Fh \
  -ASFR31=0F80h-0FEFh -preset_vec=00h,intentry=04h,init,end_init \
  -ppowerup=CODE -pcinit=CODE -pfunctab=ENTRY -ACONFIG=08007h-08008h \
  -pconfig=CONFIG -DCONFIG=2 -AIDLOC=08000h-08003h -pidloc=IDLOC -DIDLOC=2 \
  -AEEDATA=00h-0FFh/0F000h -peeprom_data=EEDATA -DEEDATA=2 -DCODE=2 \
  -DSTRCODE=2 -DSTRING=2 -DCONST=2 -DENTRY=2 -k \
  C:\Users\franc\AppData\Local\Temp\s4ls.obj \
  dist/default/production\SB130_Servo.X.production.obj 

Object code version is 3.11

Machine type is 16F1829



                Name                               Link     Load   Length Selector   Space Scale
C:\Users\franc\AppData\Local\Temp\s4ls.obj
                end_init                             36       36        2        8       0
                reset_vec                             0        0        2        0       0
                config                             8007     8007        2    1000E       0
dist/default/production\SB130_Servo.X.production.obj
                cinit                                38       38       80        8       0
                intentry                              4        4       32        8       0
                swtext2                            1000     1000        C     2000       0
                text73                              8DA      8DA       37     11B4       0
                text72                              564      564       E6        8       0
                text71                             16F3     16F3       21     2DE6       0
                text69                              CE8      CE8       89     19D0       0
                text68                              982      982       42     1304       0
                text67                             1714     1714       22     2E28       0
                text66                             14DF     14DF        2     29BE       0
                text65                             14E3     14E3        3     29C6       0
                text64                             1595     1595       10     2B2A       0
                text63                             15FE     15FE       16     2BFC       0
                text62                             1736     1736       22     2E6C       0
                text61                             15A5     15A5       10     2B4A       0
                text60                              7FB      7FB        4        8       0
                text59                             1586     1586        F     2B0C       0
                text58                             14E6     14E6        3     29CC       0
                text57                             1687     1687       19     2D0E       0
                text56                             1502     1502        9     2A04       0
                text55                             156B     156B        D     2AD6       0
                text54                             16A0     16A0       1A     2D40       0
                text53                             15D7     15D7       12     2BAE       0
                text52                              9C4      9C4       43     1388       0
                text51                              7D9      7D9       22        8       0
                text50                              8A5      8A5       35     114A       0
                text49                             17D3     17D3       2D     2FA6       0
                text48                              B3A      B3A       62     1674       0
                text47                              470      470       F4        8       0
                text46                               B8       B8      2B0        8       0
                text45                              911      911       38     1222       0
                text44                             17A8     17A8       2B     2F50       0
                text43                              64A      64A       CB        8       0
                text42                             150B     150B        9     2A16       0
                text41                             1514     1514        9     2A28       0
                text40                             151D     151D        9     2A3A       0
                text39                              949      949       39     1292       0
                text38                             14EF     14EF        6     29DE       0
                text37                             14F5     14F5        6     29EA       0
                text36                             16D6     16D6       1D     2DAC       0
                text35                              D71      D71       90     1AE2       0
                text34                             15B5     15B5       11     2B6A       0
                text33                             15C6     15C6       11     2B8C       0
                text32                              E9E      E9E       AC     1D3C       0
                text31                             162A     162A       17     2C54       0
                text30                             1526     1526        B     2A4C       0
                text29                             1531     1531        B     2A62       0
                text28                             153C     153C        B     2A78       0
                text27                              E01      E01       9D     1C02       0
                text26                              C03      C03       68     1806       0
                text25                              841      841       31     1082       0
                text24                              A97      A97       50     152E       0
                text23                             14E1     14E1        2     29C2       0
                text22                             1578     1578        E     2AF0       0
                text21                             1614     1614       16     2C28       0
                swtext1                            100C     100C        A     2000       0
                text20                              368      368      108        8       0
                text19                             15E9     15E9       15     2BD2       0
                text18                              872      872       33     10E4       0
                text17                              B9C      B9C       67     1738       0
                text16                              A07      A07       45     140E       0
                text15                              715      715       C4        8       0
                text14                              800      800       11     1000       0
                text13                              C6B      C6B       7D     18D6       0
                text12                             166F     166F       18     2CDE       0
                text11                             1758     1758       28     2EB0       0
                text10                              AE7      AE7       53     15CE       0
                text9                               811      811       30     1022       0
                text8                              16BA     16BA       1C     2D74       0
                text7                               F4A      F4A       B6     1E94       0
                text6                               A4C      A4C       4B     1498       0
                text5                              1641     1641       17     2C82       0
                text4                              1658     1658       17     2CB0       0
                text3                              14E9     14E9        3     29D2       0
                text2                              14EC     14EC        3     29D8       0
                text1                              1547     1547        C     2A8E       0
                maintext                           14FB     14FB        7     29F6       0
                cstackBANK0                          20       20       4C       20       1
                cstackCOMMON                         70       70        B       70       1
                cstackBANK1                          DA       DA        1       A0       1
                clrtext                            1553     1553        C     2AA6       0
                inittext                           155F     155F        C     2ABE       0
                bssBANK7                            3A0      3A0       50      3A0       1
                bssBANK6                            320      320       50      320       1
                bssBANK5                            2A0      2A0       50      2A0       1
                bssBANK4                            220      220       50      220       1
                bssBANK3                            1A0      1A0       1E      1A0       1
                dataBANK2                           120      120       28      120       1
                bssBANK2                            148      148       21      120       1
                dataBANK1                            D8       D8        2       A0       1
                bssBANK1                             A0       A0       38       A0       1
                dataBANK0                            6F       6F        1       20       1
                bssBANK0                             6C       6C        3       20       1
                dataCOMMON                           7D       7D        1       70       1
                bssCOMMON                            7B       7B        2       70       1
                stringtext6                        182C     182C        5     3000       0
                stringtext5                        1826     1826        6     3000       0
                stringtext4                        181E     181E        8     3000       0
                stringtext3                        1815     1815        9     3000       0
                stringtext2                        1800     1800        B     3000       0
                stringtext1                        180B     180B        A     3000       0
                idataBANK2                         1780     1780       28     2F00       0
                idataBANK1                            2        2        2        0       0
                idataBANK0                         14DE     14DE        1     29BC       0
                idataCOMMON                         7FF      7FF        1        8       0

TOTAL           Name                               Link     Load   Length     Space
        CLASS   STACK          

        CLASS   CODE           
                end_init                             36       36        2         0
                cinit                                38       38       80         0
                intentry                              4        4       32         0
                reset_vec                             0        0        2         0
                text73                              8DA      8DA       37         0
                text72                              564      564       E6         0
                text71                             16F3     16F3       21         0
                text69                              CE8      CE8       89         0
                text68                              982      982       42         0
                text67                             1714     1714       22         0
                text66                             14DF     14DF        2         0
                text65                             14E3     14E3        3         0
                text64                             1595     1595       10         0
                text63                             15FE     15FE       16         0
                text62                             1736     1736       22         0
                text61                             15A5     15A5       10         0
                text60                              7FB      7FB        4         0
                text59                             1586     1586        F         0
                text58                             14E6     14E6        3         0
                text57                             1687     1687       19         0
                text56                             1502     1502        9         0
                text55                             156B     156B        D         0
                text54                             16A0     16A0       1A         0
                text53                             15D7     15D7       12         0
                text52                              9C4      9C4       43         0
                text51                              7D9      7D9       22         0
                text50                              8A5      8A5       35         0
                text49                             17D3     17D3       2D         0
                text48                              B3A      B3A       62         0
                text47                              470      470       F4         0
                text46                               B8       B8      2B0         0
                text45                              911      911       38         0
                text44                             17A8     17A8       2B         0
                text43                              64A      64A       CB         0
                text42                             150B     150B        9         0
                text41                             1514     1514        9         0
                text40                             151D     151D        9         0
                text39                              949      949       39         0
                text38                             14EF     14EF        6         0
                text37                             14F5     14F5        6         0
                text36                             16D6     16D6       1D         0
                text35                              D71      D71       90         0
                text34                             15B5     15B5       11         0
                text33                             15C6     15C6       11         0
                text32                              E9E      E9E       AC         0
                text31                             162A     162A       17         0
                text30                             1526     1526        B         0
                text29                             1531     1531        B         0
                text28                             153C     153C        B         0
                text27                              E01      E01       9D         0
                text26                              C03      C03       68         0
                text25                              841      841       31         0
                text24                              A97      A97       50         0
                text23                             14E1     14E1        2         0
                text22                             1578     1578        E         0
                text21                             1614     1614       16         0
                text20                              368      368      108         0
                text19                             15E9     15E9       15         0
                text18                              872      872       33         0
                text17                              B9C      B9C       67         0
                text16                              A07      A07       45         0
                text15                              715      715       C4         0
                text14                              800      800       11         0
                text13                              C6B      C6B       7D         0
                text12                             166F     166F       18         0
                text11                             1758     1758       28         0
                text10                              AE7      AE7       53         0
                text9                               811      811       30         0
                text8                              16BA     16BA       1C         0
                text7                               F4A      F4A       B6         0
                text6                               A4C      A4C       4B         0
                text5                              1641     1641       17         0
                text4                              1658     1658       17         0
                text3                              14E9     14E9        3         0
                text2                              14EC     14EC        3         0
                text1                              1547     1547        C         0
                maintext                           14FB     14FB        7         0
                clrtext                            1553     1553        C         0
                inittext                           155F     155F        C         0
                idataBANK2                         1780     1780       28         0
                idataBANK1                            2        2        2         0
                idataBANK0                         14DE     14DE        1         0
                idataCOMMON                         7FF      7FF        1         0

        CLASS   STRCODE        
                stringtext6                        182C     182C        5         0
                stringtext5                        1826     1826        6         0
                stringtext4                        181E     181E        8         0
                stringtext3                        1815     1815        9         0
                stringtext2                        1800     1800        B         0
                stringtext1                        180B     180B        A         0

        CLASS   STRING         

        CLASS   CONST          
                swtext2                            1000     1000        C         0
                swtext1                            100C     100C        A         0

        CLASS   ENTRY          

        CLASS   COMMON         
                cstackCOMMON                         70       70        B         1
                dataCOMMON                           7D       7D        1         1
                bssCOMMON                            7B       7B        2         1

        CLASS   BANK0          
                cstackBANK0                          20       20       4C         1
                dataBANK0                            6F       6F        1         1
                bssBANK0                             6C       6C        3         1

        CLASS   BANK1          
                cstackBANK1                          DA       DA        1         1
                dataBANK1                            D8       D8        2         1
                bssBANK1                             A0       A0       38         1

        CLASS   BANK2          
                dataBANK2                           120      120       28         1
                bssBANK2                            148      148       21         1

        CLASS   BANK3          
                bssBANK3                            1A0      1A0       1E         1

        CLASS   BANK4          
                bssBANK4                            220      220       50         1

        CLASS   BANK5          
                bssBANK5                            2A0      2A0       50         1

        CLASS   BANK6          
                bssBANK6                            320      320       50         1

        CLASS   BANK7          
                bssBANK7                            3A0      3A0       50         1

        CLASS   BANK8          

        CLASS   BANK9          

        CLASS   BANK10         

        CLASS   BANK11         

        CLASS   BANK12         

        CLASS   BIGRAM         

        CLASS   RAM            

        CLASS   ABS1           
                abs_s1                               7E       7E        2         1
                abs_s1                              5CD      5CD       23         1
                abs_s1                              620      620       30         1
                abs_s1                             239D     239D        0         1

        CLASS   SFR0           

        CLASS   SFR1           

        CLASS   SFR2           

        CLASS   SFR3           

        CLASS   SFR4           

        CLASS   SFR5           

        CLASS   SFR6           

        CLASS   SFR7           

        CLASS   SFR8           

        CLASS   SFR9           

        CLASS   SFR10          

        CLASS   SFR11          

        CLASS   SFR12          

        CLASS   SFR13          

        CLASS   SFR14          

        CLASS   SFR15          

        CLASS   SFR16          

        CLASS   SFR17          

        CLASS   SFR18          

        CLASS   SFR19          

        CLASS   SFR20          

        CLASS   SFR21          

        CLASS   SFR22          

        CLASS   SFR23          

        CLASS   SFR24          

        CLASS   SFR25          

        CLASS   SFR26          

        CLASS   SFR27          

        CLASS   SFR28          

        CLASS   SFR29          

        CLASS   SFR30          

        CLASS   SFR31          

        CLASS   CONFIG         
                config                             8007     8007        2         0

        CLASS   IDLOC          

        CLASS   EEDATA         

        CLASS   BANK31         

        CLASS   BANK30         

        CLASS   BANK29         

        CLASS   BANK28         

        CLASS   BANK27         

        CLASS   BANK26         

        CLASS   BANK25         

        CLASS   BANK24         

        CLASS   BANK23         

        CLASS   BANK22         

        CLASS   BANK21         

        CLASS   BANK20         

        CLASS   BANK19         

        CLASS   BANK18         

        CLASS   BANK17         

        CLASS   BANK16         

        CLASS   BANK15         

        CLASS   BANK14         

        CLASS   BANK13         



SEGMENTS        Name                           Load    Length   Top    Selector   Space  Class     Delta

                reset_vec                      000000  000004  000004         0       0  CODE        2
                intentry                       000004  0007FC  000800         8       0  CODE        2
                cstackBANK0                    000020  000050  000070        20       1  BANK0       1
                cstackCOMMON                   000070  00000E  00007E        70       1  COMMON      1
                bssBANK1                       0000A0  00003B  0000DB        A0       1  BANK1       1
                dataBANK2                      000120  000049  000169       120       1  BANK2       1
                bssBANK3                       0001A0  00001E  0001BE       1A0       1  BANK3       1
                bssBANK4                       000220  000050  000270       220       1  BANK4       1
                bssBANK5                       0002A0  000050  0002F0       2A0       1  BANK5       1
                bssBANK6                       000320  000050  000370       320       1  BANK6       1
                bssBANK7                       0003A0  000050  0003F0       3A0       1  BANK7       1
                text14                         000800  000011  000811      1000       0  CODE        2
                text9                          000811  000030  000841      1022       0  CODE        2
                text25                         000841  000031  000872      1082       0  CODE        2
                text18                         000872  000033  0008A5      10E4       0  CODE        2
                text50                         0008A5  000035  0008DA      114A       0  CODE        2
                text73                         0008DA  000037  000911      11B4       0  CODE        2
                text45                         000911  000038  000949      1222       0  CODE        2
                text39                         000949  000039  000982      1292       0  CODE        2
                text68                         000982  000042  0009C4      1304       0  CODE        2
                text52                         0009C4  000043  000A07      1388       0  CODE        2
                text16                         000A07  000045  000A4C      140E       0  CODE        2
                text6                          000A4C  00004B  000A97      1498       0  CODE        2
                text24                         000A97  000050  000AE7      152E       0  CODE        2
                text10                         000AE7  000053  000B3A      15CE       0  CODE        2
                text48                         000B3A  000062  000B9C      1674       0  CODE        2
                text17                         000B9C  000067  000C03      1738       0  CODE        2
                text26                         000C03  000068  000C6B      1806       0  CODE        2
                text13                         000C6B  00007D  000CE8      18D6       0  CODE        2
                text69                         000CE8  000089  000D71      19D0       0  CODE        2
                text35                         000D71  000090  000E01      1AE2       0  CODE        2
                text27                         000E01  00009D  000E9E      1C02       0  CODE        2
                text32                         000E9E  0000AC  000F4A      1D3C       0  CODE        2
                text7                          000F4A  0000B6  001000      1E94       0  CODE        2
                swtext2                        001000  000016  001016      2000       0  CONST       2
                idataBANK0                     0014DE  000001  0014DF      29BC       0  CODE        2
                text66                         0014DF  000002  0014E1      29BE       0  CODE        2
                text23                         0014E1  000002  0014E3      29C2       0  CODE        2
                text65                         0014E3  000003  0014E6      29C6       0  CODE        2
                text58                         0014E6  000003  0014E9      29CC       0  CODE        2
                text3                          0014E9  000003  0014EC      29D2       0  CODE        2
                text2                          0014EC  000003  0014EF      29D8       0  CODE        2
                text38                         0014EF  000006  0014F5      29DE       0  CODE        2
                text37                         0014F5  000006  0014FB      29EA       0  CODE        2
                maintext                       0014FB  000007  001502      29F6       0  CODE        2
                text56                         001502  000009  00150B      2A04       0  CODE        2
                text42                         00150B  000009  001514      2A16       0  CODE        2
                text41                         001514  000009  00151D      2A28       0  CODE        2
                text40                         00151D  000009  001526      2A3A       0  CODE        2
                text30                         001526  00000B  001531      2A4C       0  CODE        2
                text29                         001531  00000B  00153C      2A62       0  CODE        2
                text28                         00153C  00000B  001547      2A78       0  CODE        2
                text1                          001547  00000C  001553      2A8E       0  CODE        2
                clrtext                        001553  00000C  00155F      2AA6       0  CODE        2
                inittext                       00155F  00000C  00156B      2ABE       0  CODE        2
                text55                         00156B  00000D  001578      2AD6       0  CODE        2
                text22                         001578  00000E  001586      2AF0       0  CODE        2
                text59                         001586  00000F  001595      2B0C       0  CODE        2
                text64                         001595  000010  0015A5      2B2A       0  CODE        2
                text61                         0015A5  000010  0015B5      2B4A       0  CODE        2
                text34                         0015B5  000011  0015C6      2B6A       0  CODE        2
                text33                         0015C6  000011  0015D7      2B8C       0  CODE        2
                text53                         0015D7  000012  0015E9      2BAE       0  CODE        2
                text19                         0015E9  000015  0015FE      2BD2       0  CODE        2
                text63                         0015FE  000016  001614      2BFC       0  CODE        2
                text21                         001614  000016  00162A      2C28       0  CODE        2
                text31                         00162A  000017  001641      2C54       0  CODE        2
                text5                          001641  000017  001658      2C82       0  CODE        2
                text4                          001658  000017  00166F      2CB0       0  CODE        2
                text12                         00166F  000018  001687      2CDE       0  CODE        2
                text57                         001687  000019  0016A0      2D0E       0  CODE        2
                text54                         0016A0  00001A  0016BA      2D40       0  CODE        2
                text8                          0016BA  00001C  0016D6      2D74       0  CODE        2
                text36                         0016D6  00001D  0016F3      2DAC       0  CODE        2
                text71                         0016F3  000021  001714      2DE6       0  CODE        2
                text67                         001714  000022  001736      2E28       0  CODE        2
                text62                         001736  000022  001758      2E6C       0  CODE        2
                text11                         001758  000028  001780      2EB0       0  CODE        2
                idataBANK2                     001780  000028  0017A8      2F00       0  CODE        2
                text44                         0017A8  00002B  0017D3      2F50       0  CODE        2
                text49                         0017D3  00002D  001800      2FA6       0  CODE        2
                stringtext2                    001800  000031  001831      3000       0  STRCODE     2
                config                         008007  000002  008009     1000E       0  CONFIG      2


UNUSED ADDRESS RANGES

        Name                Unused          Largest block    Delta
        BANK1            000DB-000EF              15           1
        BANK10           00520-0056F              50           1
        BANK11           005A0-005CC              2D           1
        BANK2            00169-0016F               7           1
        BANK3            001BE-001EF              32           1
        BANK8            00420-0046F              50           1
        BANK9            004A0-004EF              50           1
        BIGRAM           02000-023EF             3F0           1
        CODE             01016-014DD             4C8           2
                         01831-01FFF             7CF
        CONST            01016-014DD             100           2
                         01831-01FFF             100
        EEDATA           0F000-0F0FF             100           2
        ENTRY            01016-014DD             100           2
                         01831-01FFF             100
        IDLOC            08000-08003               4           2
        RAM              000DB-000EF              15           1
                         00169-0016F               7
                         001BE-001EF              32
                         00420-0046F              50
                         004A0-004EF              50
                         00520-0056F              50
                         005A0-005CC              2D
        SFR0             00000-0001F              20           1
        SFR1             00080-0009F              20           1
        SFR10            00500-0051F              20           1
        SFR11            00580-0059F              20           1
        SFR12            00600-0061F              20           1
        SFR13            00680-006EF              70           1
        SFR14            00700-0076F              70           1
        SFR15            00780-007EF              70           1
        SFR16            00800-0086F              70           1
        SFR17            00880-008EF              70           1
        SFR18            00900-0096F              70           1
        SFR19            00980-009EF              70           1
        SFR2             00100-0011F              20           1
        SFR20            00A00-00A6F              70           1
        SFR21            00A80-00AEF              70           1
        SFR22            00B00-00B6F              70           1
        SFR23            00B80-00BEF              70           1
        SFR24            00C00-00C6F              70           1
        SFR25            00C80-00CEF              70           1
        SFR26            00D00-00D6F              70           1
        SFR27            00D80-00DEF              70           1
        SFR28            00E00-00E6F              70           1
        SFR29            00E80-00EEF              70           1
        SFR3             00180-0019F              20           1
        SFR30            00F00-00F6F              70           1
        SFR31            00F80-00FEF              70           1
        SFR4             00200-0021F              20           1
        SFR5             00280-0029F              20           1
        SFR6             00300-0031F              20           1
        SFR7             00380-0039F              20           1
        SFR8             00400-0041F              20           1
        SFR9             00480-0049F              20           1
        STACK            02280-0239C             11D           1
        STRCODE          01016-014DD             4C8           2
                         01831-01FFF             7CF
        STRING           01016-014DD             100           2
                         01831-01FFF             100

                                  Symbol Table

?_Adc_GetConvResult                    cstackBANK0  00020
?_GetDieTemperature                    cstackBANK0  00025
?___lldiv                              cstackBANK0  00020
?___lmul                               cstackBANK0  00026
?___lwdiv                              cstackBANK0  00020
?___lwmod                              cstackBANK0  00020
?___wmul                               cstackBANK0  00020
Adc_ConfigAnCh@AnChSel                 cstackBANK0  00020
Adc_GetConvResult@AdcResult            cstackBANK0  00023
Adc_InitAdcModule@AdcConfig            cstackBANK0  00020
Adc_SelectChannel@SelCh                cstackBANK0  00021
AppSm@AppState                         bssBANK1     000B1
AppSm@WpuSetCounter                    bssBANK1     000B0
App_MainTask@AdcConfig                 cstackBANK0  0004E
App_MainTask@AnalogChSel               cstackBANK0  00042
App_MainTask@F4156                     bssBANK3     001A0
App_MainTask@F4176                     bssBANK3     001B2
App_MainTask@Options                   cstackBANK0  00040
App_MainTask@WpuCh                     cstackBANK0  00054
ClearRxBuffer@Index                    cstackBANK0  00021
ClearTxBuffer@Index                    cstackBANK0  00021
GenerateEvt@Event                      cstackBANK0  00022
GenerateEvt@EventStatus                cstackBANK0  00021
GetDieTemperature@DieTempRes           cstackBANK0  00027
I2cSlv_I2cDrvHandle@I2cReceiveMsgState bssBANK1     000B4
I2cSlv_I2cDrvHandle@Index              cstackBANK0  0002A
I2c_DataReceiveSm@AddressStored        bssBANK1     000B9
I2c_DataReceiveSm@ErrorCounter         bssBANK1     000B8
I2c_DataReceiveSm@I2cRxAddress         bssCOMMON    0007C
I2c_DataReceiveSm@I2cRxFlag            bssBANK1     000BC
I2c_DataReceiveSm@I2cRxState           bssBANK1     000BD
I2c_DataReceiveSm@Index                cstackBANK0  00048
I2c_DataReceiveSm@OpType               bssCOMMON    0007B
I2c_DataReceiveSm@RxCounter            bssBANK1     000BB
I2c_DataReceiveSm@TxCounter            bssBANK1     000BA
I2c_InitI2cModule@I2cConfig            cstackBANK0  00024
I2c_SetI2cAddress@SlaveAddress         cstackBANK0  00020
I2c_SetI2cAddressMask@SlaveAddressMask cstackBANK0  00020
I2c_UpdateTxBuffer@DataBuffer          cstackBANK0  00023
I2c_UpdateTxBuffer@Index               cstackBANK0  00024
I2c_UpdateTxBuffer@Length              cstackBANK0  00020
InitSchTimer@TmrBConfig                cstackBANK0  00048
InitTimer4@TmrBConfig                  cstackBANK0  00048
InitializeTasks@ActiveTaskIndex        cstackBANK0  0006A
LedBlinkStateMachine@LedBlink          cstackBANK0  0002A
LedPulseStateMachine@Led               cstackBANK0  00028
LedPulseStateMachine@LedPulse          cstackBANK0  0002B
LedStateMachine@Led                    cstackBANK0  00031
LedStateMachine@LedBlink               cstackBANK0  0002D
LedStateMachine@LedOutSts              cstackBANK0  00032
LedStateMachine@LedPulse               cstackBANK0  0002E
LedStateMachine@LedSts                 cstackBANK0  0002C
Led_InitSeq@Counter                    bssBANK1     000B3
Led_InitSeq@DelayCounter               bssBANK1     000A2
Led_InitSeq@InitSeqState               bssBANK1     000B2
Led_InitSeq@LedInitSts                 dataCOMMON   0007D
Led_SetLedBlinkTime@Led                cstackBANK0  00024
Led_SetLedBlinkTime@OffTimeMs          cstackBANK0  00022
Led_SetLedBlinkTime@OnTimeMs           cstackBANK0  00020
Led_SetLedPulseTime@Led                cstackBANK0  00022
Led_SetLedPulseTime@PulseTimeMs        cstackBANK0  00020
Led_SetLedStatus@Led                   cstackBANK0  00022
Led_SetLedStatus@LedSts                cstackBANK0  00020
ManageProtocol@ServoCmdNumber          cstackBANK0  0003D
ManageProtocol@i                       cstackBANK0  0003E
Mcu_ConfigPullUps@WpuCh                cstackBANK0  00020
Mcu_SetDieTempMode@DieTempMode         cstackBANK0  00020
Mcu_SetDieTempSts@DieTempSts           cstackBANK0  00020
Mcu_SetPullUpsSts@PuSts                cstackBANK0  00020
Mcu_SetWdgPeriod@WdgPeriod             cstackBANK0  00021
Mcu_SetWdgSts@WdgSts                   cstackBANK0  00020
ReceiveEvt@Event                       cstackBANK0  00021
ReceiveEvt@EventStatus                 cstackBANK0  00020
ScheduleTasks@ActiveTaskIndex          cstackBANK1  000DA
ServoControl@Counter                   bssBANK1     000A0
SetLedBehavSts@LedBehav                cstackBANK0  00026
SetOutChSts@Ch                         cstackCOMMON 00071
SetOutChSts@Sts                        cstackCOMMON 00070
SrvDrv_ServoInit@i                     cstackBANK0  00022
SrvDrv_ServoPulse@OffCounter           cstackCOMMON 00078
SrvDrv_ServoPulse@OnPulseCounter       bssBANK1     000A6
SrvDrv_ServoPulse@ServoIndex           cstackCOMMON 00079
SrvDrv_ServoPulse@ServoPulseState      bssBANK1     000B7
SrvDrv_ServoPulse@TriggerCounter       bssBANK1     000A8
StdS_ManageStdServices@DieTemp         cstackBANK0  00037
StdS_ManageStdServices@DieTempStr      cstackBANK0  00033
StringCopy@DestStr                     cstackBANK0  00022
StringCopy@Index                       cstackBANK0  00028
StringCopy@Len                         cstackBANK0  00023
StringCopy@SourceStr                   cstackBANK0  00020
TmrBInit@Postscaler                    cstackBANK0  00021
TmrBInit@Prescaler                     cstackBANK0  00020
TmrBInit@TmrNumb                       cstackBANK0  00023
Tmr_StartTmr@TmrNumb                   cstackBANK0  00020
Tmr_TmrBConfig@TmrBConfig              cstackBANK0  00044
Tmr_TmrBConfig@TmrNumb                 cstackBANK0  00046
Tmr_TmrBIrqSet@TmrIrqSts               cstackBANK0  00020
Tmr_TmrBIrqSet@TmrNumb                 cstackBANK0  00021
Tmr_TmrBPrSet@Divisor                  cstackBANK0  00040
Tmr_TmrBPrSet@IntFreqHz                cstackBANK0  00032
Tmr_TmrBPrSet@Postscaler               cstackBANK0  00035
Tmr_TmrBPrSet@Prescaler                cstackBANK0  00034
Tmr_TmrBPrSet@TmrBPrCfgSts             cstackBANK0  0003F
Tmr_TmrBPrSet@TmrNumb                  cstackBANK0  0003E
_ADCON0bits                            (abs)        0009D
_ADCON1bits                            (abs)        0009E
_ADRESH                                (abs)        0009C
_ADRESL                                (abs)        0009B
_ANSELA                                (abs)        0018C
_ANSELAbits                            (abs)        0018C
_ANSELB                                (abs)        0018D
_ANSELBbits                            (abs)        0018D
_ANSELC                                (abs)        0018E
_ANSELCbits                            (abs)        0018E
_Adc_ConfigAnCh                        text69       00CE8
_Adc_GetConvResult                     text61       015A5
_Adc_GetConvSts                        text60       007FB
_Adc_InitAdcModule                     text68       00982
_Adc_SelectChannel                     text59       01586
_Adc_StartConversion                   text58       014E6
_AppSm                                 text44       017A8
_App_MainTask                          text17       00B9C
_BoardReset                            text65       014E3
_CheckAckStatus                        text30       01526
_CheckByteStatus                       text29       01531
_CheckStopBitStatus                    text28       0153C
_ClearRxBuffer                         text34       015B5
_ClearTxBuffer                         text33       015C6
_CmdBuffer                             bssBANK4     00220
_ControlLedDirect                      text63       015FE
_FVRCONbits                            (abs)        00117
_GenerateEvt                           text62       01736
_GetDieTemperature                     text57       01687
_I2cConfig                             bssBANK1     000BE
_I2cNewPacketNotification              bssBANK1     000D5
_I2cNewTxNotification                  bssBANK1     000D3
_I2cPacket                             (abs)        0239D
_I2cReplyPacketReady                   bssBANK0     0006D
_I2cRxBuffer                           bssBANK7     003A0
_I2cSetAddress                         bssBANK1     000D1
_I2cSlaveAddress                       bssBANK1     000B5
_I2cSlv_I2cDrvHandle                   text35       00D71
_I2cSlv_MainTask                       text19       015E9
_I2cTxBuffer                           bssBANK6     00320
_I2cWriteRequest                       bssBANK1     000CF
_I2c_DataReceiveSm                     text20       00368
_I2c_InitI2cModule                     text32       00E9E
_I2c_SetConfig                         text31       0162A
_I2c_SetI2cAddress                     text38       014EF
_I2c_SetI2cAddressMask                 text37       014F5
_I2c_UpdateTxBuffer                    text36       016D6
_INTCONbits                            (abs)        0000B
_InitSchTimer                          text5        01641
_InitTimer4                            text4        01658
_InitializeTasks                       text16       00A07
_InterruptCounter                      bssBANK1     000A4
_LATA                                  (abs)        0010C
_LATAbits                              (abs)        0010C
_LATB                                  (abs)        0010D
_LATBbits                              (abs)        0010D
_LATC                                  (abs)        0010E
_LATCbits                              (abs)        0010E
_Led1Blink                             bssBANK2     00160
_Led1Pulse                             bssBANK1     000C9
_Led1Sts                               bssBANK1     000D7
_LedBehaviourSts                       dataBANK0    0006F
_LedBlinkStateMachine                  text27       00E01
_LedPulseStateMachine                  text26       00C03
_LedStateMachine                       text25       00841
_Led_InitSeq                           text24       00A97
_Led_MainTask                          text18       00872
_Led_SetLedBlinkTime                   text54       016A0
_Led_SetLedPulseTime                   text53       015D7
_Led_SetLedStatus                      text64       01595
_LowPowerMode                          text55       0156B
_MainInterrupt                         intentry     00004
_MainScheduler                         text14       00800
_MainSystemTimebaseFlag                dataBANK1    000D9
_ManageProtocol                        text46       000B8
_Mcu_ClearWdg                          text23       014E1
_Mcu_ConfigPullUps                     text43       0064A
_Mcu_EnableInterrupts                  text3        014E9
_Mcu_Reset                             text66       014DF
_Mcu_SetDieTempMode                    text42       0150B
_Mcu_SetDieTempSts                     text41       01514
_Mcu_SetPullUpsSts                     text40       0151D
_Mcu_SetWdgPeriod                      text22       01578
_Mcu_SetWdgSts                         text56       01502
_Mcu_StartSystemPll                    text2        014EC
_OPTION_REGbits                        (abs)        00095
_OSCCONbits                            (abs)        00099
_OSCSTATbits                           (abs)        0009A
_PIE1bits                              (abs)        00091
_PIE3bits                              (abs)        00093
_PIR1bits                              (abs)        00011
_PIR3bits                              (abs)        00013
_PORTCbits                             (abs)        0000E
_PR2                                   (abs)        0001B
_PR4                                   (abs)        00416
_PR6                                   (abs)        0041D
_ReceiveEvt                            text67       01714
_RepBuffer                             bssBANK5     002A0
_RepBufferLen                          bssBANK1     000B6
_SSP1ADD                               (abs)        00212
_SSP1BUF                               (abs)        00211
_SSP1CON1                              (abs)        00215
_SSP1CON1bits                          (abs)        00215
_SSP1CON2                              (abs)        00216
_SSP1CON3                              (abs)        00217
_SSP1MSK                               (abs)        00213
_SSP1STAT                              (abs)        00214
_ScheduleTasks                         text15       00715
_Servo                                 bssBANK2     00148
_ServoTargetPos                        dataBANK1    000D8
_SetLedBehavSts                        text52       009C4
_SetOutChSts                           text73       008DA
_SrvDrv_ServoInit                      text39       00949
_SrvDrv_ServoPulse                     text72       00564
_StdS_ManageStdServices                text47       00470
_StdS_SetI2cAddress                    text45       00911
_StringCopy                            text51       007D9
_SystemInit                            text1        01547
_SystemState                           bssBANK0     0006C
_T2CONbits                             (abs)        0001C
_T4CONbits                             (abs)        00417
_T6CONbits                             (abs)        0041E
_TRISAbits                             (abs)        0008C
_TRISBbits                             (abs)        0008D
_TRISCbits                             (abs)        0008E
_TaskNumber                            stringtext2  01800
_TaskTable                             dataBANK2    00120
_TmrBInit                              text13       00C6B
_Tmr_StartTmr                          text12       0166F
_Tmr_TmrBConfig                        text6        00A4C
_Tmr_TmrBIrqSet                        text11       01758
_Tmr_TmrBPrSet                         text7        00F4A
_WDTCONbits                            (abs)        00097
_WPUA                                  (abs)        0020C
_WPUAbits                              (abs)        0020C
_WPUB                                  (abs)        0020D
_WPUBbits                              (abs)        0020D
_WPUC                                  (abs)        0020E
_WPUCbits                              (abs)        0020E
_Wdg_MainTask                          text21       01614
__CFG_BOREN$ON                         (abs)        00000
__CFG_BORV$LO                          (abs)        00000
__CFG_CLKOUTEN$OFF                     (abs)        00000
__CFG_CP$OFF                           (abs)        00000
__CFG_CPD$OFF                          (abs)        00000
__CFG_FCMEN$ON                         (abs)        00000
__CFG_FOSC$HS                          (abs)        00000
__CFG_IESO$ON                          (abs)        00000
__CFG_LVP$OFF                          (abs)        00000
__CFG_MCLRE$ON                         (abs)        00000
__CFG_PLLEN$ON                         (abs)        00000
__CFG_PWRTE$OFF                        (abs)        00000
__CFG_STVREN$ON                        (abs)        00000
__CFG_WDTE$SWDTEN                      (abs)        00000
__CFG_WRT$OFF                          (abs)        00000
__Habs1                                abs1         00000
__Hbank0                               bank0        00000
__Hbank1                               bank1        00000
__Hbank10                              bank10       00000
__Hbank11                              bank11       00000
__Hbank12                              bank12       00000
__Hbank13                              bank13       00000
__Hbank14                              bank14       00000
__Hbank15                              bank15       00000
__Hbank16                              bank16       00000
__Hbank17                              bank17       00000
__Hbank18                              bank18       00000
__Hbank19                              bank19       00000
__Hbank2                               bank2        00000
__Hbank20                              bank20       00000
__Hbank21                              bank21       00000
__Hbank22                              bank22       00000
__Hbank23                              bank23       00000
__Hbank24                              bank24       00000
__Hbank25                              bank25       00000
__Hbank26                              bank26       00000
__Hbank27                              bank27       00000
__Hbank28                              bank28       00000
__Hbank29                              bank29       00000
__Hbank3                               bank3        00000
__Hbank30                              bank30       00000
__Hbank31                              bank31       00000
__Hbank4                               bank4        00000
__Hbank5                               bank5        00000
__Hbank6                               bank6        00000
__Hbank7                               bank7        00000
__Hbank8                               bank8        00000
__Hbank9                               bank9        00000
__Hbigram                              bigram       00000
__HbssBANK0                            bssBANK0     00000
__HbssBANK1                            bssBANK1     00000
__HbssBANK2                            bssBANK2     00000
__HbssBANK3                            bssBANK3     00000
__HbssBANK4                            bssBANK4     00000
__HbssBANK5                            bssBANK5     00000
__HbssBANK6                            bssBANK6     00000
__HbssBANK7                            bssBANK7     00000
__HbssCOMMON                           bssCOMMON    00000
__Hcinit                               cinit        000B8
__Hclrtext                             clrtext      00000
__Hcode                                code         00000
__Hcommon                              common       00000
__Hconfig                              config       08009
__HcstackBANK0                         cstackBANK0  00000
__HcstackBANK1                         cstackBANK1  00000
__HcstackCOMMON                        cstackCOMMON 00000
__HdataBANK0                           dataBANK0    00000
__HdataBANK1                           dataBANK1    00000
__HdataBANK2                           dataBANK2    00000
__HdataCOMMON                          dataCOMMON   00000
__Heeprom_data                         eeprom_data  00000
__Hend_init                            end_init     00038
__Hfunctab                             functab      00000
__HidataBANK0                          idataBANK0   00000
__HidataBANK1                          idataBANK1   00000
__HidataBANK2                          idataBANK2   00000
__HidataCOMMON                         idataCOMMON  00000
__Hidloc                               idloc        00000
__Hinit                                init         00036
__Hinittext                            inittext     00000
__Hintentry                            intentry     00036
__Hmaintext                            maintext     00000
__Hpowerup                             powerup      00000
__Hram                                 ram          00000
__Hreset_vec                           reset_vec    00002
__Hsfr0                                sfr0         00000
__Hsfr1                                sfr1         00000
__Hsfr10                               sfr10        00000
__Hsfr11                               sfr11        00000
__Hsfr12                               sfr12        00000
__Hsfr13                               sfr13        00000
__Hsfr14                               sfr14        00000
__Hsfr15                               sfr15        00000
__Hsfr16                               sfr16        00000
__Hsfr17                               sfr17        00000
__Hsfr18                               sfr18        00000
__Hsfr19                               sfr19        00000
__Hsfr2                                sfr2         00000
__Hsfr20                               sfr20        00000
__Hsfr21                               sfr21        00000
__Hsfr22                               sfr22        00000
__Hsfr23                               sfr23        00000
__Hsfr24                               sfr24        00000
__Hsfr25                               sfr25        00000
__Hsfr26                               sfr26        00000
__Hsfr27                               sfr27        00000
__Hsfr28                               sfr28        00000
__Hsfr29                               sfr29        00000
__Hsfr3                                sfr3         00000
__Hsfr30                               sfr30        00000
__Hsfr31                               sfr31        00000
__Hsfr4                                sfr4         00000
__Hsfr5                                sfr5         00000
__Hsfr6                                sfr6         00000
__Hsfr7                                sfr7         00000
__Hsfr8                                sfr8         00000
__Hsfr9                                sfr9         00000
__Hspace_0                             (abs)        08009
__Hspace_1                             (abs)        003F0
__Hspace_2                             (abs)        00000
__Hspace_3                             (abs)        00000
__Hstack                               stack        00000
__Hstrings                             strings      00000
__Hstringtext1                         stringtext1  00000
__Hstringtext2                         stringtext2  00000
__Hstringtext3                         stringtext3  00000
__Hstringtext4                         stringtext4  00000
__Hstringtext5                         stringtext5  00000
__Hstringtext6                         stringtext6  00000
__Hstringtext7                         stringtext7  00000
__Htext                                text         00000
__Labs1                                abs1         00000
__Lbank0                               bank0        00000
__Lbank1                               bank1        00000
__Lbank10                              bank10       00000
__Lbank11                              bank11       00000
__Lbank12                              bank12       00000
__Lbank13                              bank13       00000
__Lbank14                              bank14       00000
__Lbank15                              bank15       00000
__Lbank16                              bank16       00000
__Lbank17                              bank17       00000
__Lbank18                              bank18       00000
__Lbank19                              bank19       00000
__Lbank2                               bank2        00000
__Lbank20                              bank20       00000
__Lbank21                              bank21       00000
__Lbank22                              bank22       00000
__Lbank23                              bank23       00000
__Lbank24                              bank24       00000
__Lbank25                              bank25       00000
__Lbank26                              bank26       00000
__Lbank27                              bank27       00000
__Lbank28                              bank28       00000
__Lbank29                              bank29       00000
__Lbank3                               bank3        00000
__Lbank30                              bank30       00000
__Lbank31                              bank31       00000
__Lbank4                               bank4        00000
__Lbank5                               bank5        00000
__Lbank6                               bank6        00000
__Lbank7                               bank7        00000
__Lbank8                               bank8        00000
__Lbank9                               bank9        00000
__Lbigram                              bigram       00000
__LbssBANK0                            bssBANK0     00000
__LbssBANK1                            bssBANK1     00000
__LbssBANK2                            bssBANK2     00000
__LbssBANK3                            bssBANK3     00000
__LbssBANK4                            bssBANK4     00000
__LbssBANK5                            bssBANK5     00000
__LbssBANK6                            bssBANK6     00000
__LbssBANK7                            bssBANK7     00000
__LbssCOMMON                           bssCOMMON    00000
__Lcinit                               cinit        00038
__Lclrtext                             clrtext      00000
__Lcode                                code         00000
__Lcommon                              common       00000
__Lconfig                              config       08007
__LcstackBANK0                         cstackBANK0  00000
__LcstackBANK1                         cstackBANK1  00000
__LcstackCOMMON                        cstackCOMMON 00000
__LdataBANK0                           dataBANK0    00000
__LdataBANK1                           dataBANK1    00000
__LdataBANK2                           dataBANK2    00000
__LdataCOMMON                          dataCOMMON   00000
__Leeprom_data                         eeprom_data  00000
__Lend_init                            end_init     00036
__Lfunctab                             functab      00000
__LidataBANK0                          idataBANK0   00000
__LidataBANK1                          idataBANK1   00000
__LidataBANK2                          idataBANK2   00000
__LidataCOMMON                         idataCOMMON  00000
__Lidloc                               idloc        00000
__Linit                                init         00036
__Linittext                            inittext     00000
__Lintentry                            intentry     00004
__Lmaintext                            maintext     00000
__Lpowerup                             powerup      00000
__Lram                                 ram          00000
__Lreset_vec                           reset_vec    00000
__Lsfr0                                sfr0         00000
__Lsfr1                                sfr1         00000
__Lsfr10                               sfr10        00000
__Lsfr11                               sfr11        00000
__Lsfr12                               sfr12        00000
__Lsfr13                               sfr13        00000
__Lsfr14                               sfr14        00000
__Lsfr15                               sfr15        00000
__Lsfr16                               sfr16        00000
__Lsfr17                               sfr17        00000
__Lsfr18                               sfr18        00000
__Lsfr19                               sfr19        00000
__Lsfr2                                sfr2         00000
__Lsfr20                               sfr20        00000
__Lsfr21                               sfr21        00000
__Lsfr22                               sfr22        00000
__Lsfr23                               sfr23        00000
__Lsfr24                               sfr24        00000
__Lsfr25                               sfr25        00000
__Lsfr26                               sfr26        00000
__Lsfr27                               sfr27        00000
__Lsfr28                               sfr28        00000
__Lsfr29                               sfr29        00000
__Lsfr3                                sfr3         00000
__Lsfr30                               sfr30        00000
__Lsfr31                               sfr31        00000
__Lsfr4                                sfr4         00000
__Lsfr5                                sfr5         00000
__Lsfr6                                sfr6         00000
__Lsfr7                                sfr7         00000
__Lsfr8                                sfr8         00000
__Lsfr9                                sfr9         00000
__Lspace_0                             (abs)        00000
__Lspace_1                             (abs)        00000
__Lspace_2                             (abs)        00000
__Lspace_3                             (abs)        00000
__Lstack                               stack        00000
__Lstrings                             strings      00000
__Lstringtext1                         stringtext1  00000
__Lstringtext2                         stringtext2  00000
__Lstringtext3                         stringtext3  00000
__Lstringtext4                         stringtext4  00000
__Lstringtext5                         stringtext5  00000
__Lstringtext6                         stringtext6  00000
__Lstringtext7                         stringtext7  00000
__Ltext                                text         00000
__S0                                   (abs)        08009
__S1                                   (abs)        003F0
__S2                                   (abs)        00000
__S3                                   (abs)        00000
___int_sp                              stack        00000
___latbits                             (abs)        00002
___lldiv                               text10       00AE7
___lldiv@counter                       cstackBANK0  0002D
___lldiv@dividend                      cstackBANK0  00024
___lldiv@divisor                       cstackBANK0  00020
___lldiv@quotient                      cstackBANK0  00029
___lmul                                text9        00811
___lmul@multiplicand                   cstackBANK0  0002A
___lmul@multiplier                     cstackBANK0  00026
___lmul@product                        cstackBANK0  0002E
___lwdiv                               text50       008A5
___lwdiv@counter                       cstackBANK0  00025
___lwdiv@dividend                      cstackBANK0  00022
___lwdiv@divisor                       cstackBANK0  00020
___lwdiv@quotient                      cstackBANK0  00026
___lwmod                               text49       017D3
___lwmod@counter                       cstackBANK0  00025
___lwmod@dividend                      cstackBANK0  00022
___lwmod@divisor                       cstackBANK0  00020
___sp                                  stack        00000
___wmul                                text8        016BA
___wmul@multiplicand                   cstackBANK0  00022
___wmul@multiplier                     cstackBANK0  00020
___wmul@product                        cstackBANK0  00024
__end_of_Adc_ConfigAnCh                text69       00D71
__end_of_Adc_GetConvResult             text61       015B5
__end_of_Adc_GetConvSts                text60       007FF
__end_of_Adc_InitAdcModule             text68       009C4
__end_of_Adc_SelectChannel             text59       01595
__end_of_Adc_StartConversion           text58       014E9
__end_of_AppSm                         text44       017D3
__end_of_App_MainTask                  text17       00C03
__end_of_BoardReset                    text65       014E6
__end_of_CheckAckStatus                text30       01531
__end_of_CheckByteStatus               text29       0153C
__end_of_CheckStopBitStatus            text28       01547
__end_of_ClearRxBuffer                 text34       015C6
__end_of_ClearTxBuffer                 text33       015D7
__end_of_ControlLedDirect              text63       01614
__end_of_GenerateEvt                   text62       01758
__end_of_GetDieTemperature             text57       016A0
__end_of_I2cSlv_I2cDrvHandle           text35       00E01
__end_of_I2cSlv_MainTask               text19       015FE
__end_of_I2c_DataReceiveSm             text20       00470
__end_of_I2c_InitI2cModule             text32       00F4A
__end_of_I2c_SetConfig                 text31       01641
__end_of_I2c_SetI2cAddress             text38       014F5
__end_of_I2c_SetI2cAddressMask         text37       014FB
__end_of_I2c_UpdateTxBuffer            text36       016F3
__end_of_InitSchTimer                  text5        01658
__end_of_InitTimer4                    text4        0166F
__end_of_InitializeTasks               text16       00A4C
__end_of_LedBlinkStateMachine          text27       00E9E
__end_of_LedPulseStateMachine          text26       00C6B
__end_of_LedStateMachine               text25       00872
__end_of_Led_InitSeq                   text24       00AE7
__end_of_Led_MainTask                  text18       008A5
__end_of_Led_SetLedBlinkTime           text54       016BA
__end_of_Led_SetLedPulseTime           text53       015E9
__end_of_Led_SetLedStatus              text64       015A5
__end_of_LowPowerMode                  text55       01578
__end_of_MainInterrupt                 intentry     00036
__end_of_MainScheduler                 text14       00811
__end_of_ManageProtocol                text46       00368
__end_of_Mcu_ClearWdg                  text23       014E3
__end_of_Mcu_ConfigPullUps             text43       00715
__end_of_Mcu_EnableInterrupts          text3        014EC
__end_of_Mcu_Reset                     text66       014E1
__end_of_Mcu_SetDieTempMode            text42       01514
__end_of_Mcu_SetDieTempSts             text41       0151D
__end_of_Mcu_SetPullUpsSts             text40       01526
__end_of_Mcu_SetWdgPeriod              text22       01586
__end_of_Mcu_SetWdgSts                 text56       0150B
__end_of_Mcu_StartSystemPll            text2        014EF
__end_of_ReceiveEvt                    text67       01736
__end_of_ScheduleTasks                 text15       007D9
__end_of_SetLedBehavSts                text52       00A07
__end_of_SetOutChSts                   text73       00911
__end_of_SrvDrv_ServoInit              text39       00982
__end_of_SrvDrv_ServoPulse             text72       0064A
__end_of_StdS_ManageStdServices        text47       00564
__end_of_StdS_SetI2cAddress            text45       00949
__end_of_StringCopy                    text51       007FB
__end_of_SystemInit                    text1        01553
__end_of_TaskNumber                    stringtext2  01802
__end_of_TmrBInit                      text13       00CE8
__end_of_Tmr_StartTmr                  text12       01687
__end_of_Tmr_TmrBConfig                text6        00A97
__end_of_Tmr_TmrBIrqSet                text11       01780
__end_of_Tmr_TmrBPrSet                 text7        01000
__end_of_Wdg_MainTask                  text21       0162A
__end_of___lldiv                       text10       00B3A
__end_of___lmul                        text9        00841
__end_of___lwdiv                       text50       008DA
__end_of___lwmod                       text49       01800
__end_of___wmul                        text8        016D6
__end_of__initialization               cinit        000B4
__end_of_dpowers                       stringtext1  01815
__end_of_main                          maintext     01502
__end_of_utoa                          text48       00B9C
__end_ofi1_GenerateEvt                 text71       01714
__initialization                       cinit        00038
__pbssBANK0                            bssBANK0     0006C
__pbssBANK1                            bssBANK1     000A0
__pbssBANK2                            bssBANK2     00148
__pbssBANK3                            bssBANK3     001A0
__pbssBANK4                            bssBANK4     00220
__pbssBANK5                            bssBANK5     002A0
__pbssBANK6                            bssBANK6     00320
__pbssBANK7                            bssBANK7     003A0
__pbssBIGRAM                           (abs)        0239D
__pbssCOMMON                           bssCOMMON    0007B
__pcstackBANK0                         cstackBANK0  00020
__pcstackBANK1                         cstackBANK1  000DA
__pcstackCOMMON                        cstackCOMMON 00070
__pdataBANK0                           dataBANK0    0006F
__pdataBANK1                           dataBANK1    000D8
__pdataBANK2                           dataBANK2    00120
__pdataCOMMON                          dataCOMMON   0007D
__pidataBANK0                          idataBANK0   014DE
__pidataBANK1                          idataBANK1   00002
__pidataBANK2                          idataBANK2   01780
__pidataCOMMON                         idataCOMMON  007FF
__pintentry                            intentry     00004
__pmaintext                            maintext     014FB
__pstringtext1                         stringtext1  0180B
__pstringtext2                         stringtext2  01800
__pstringtext3                         stringtext3  01815
__pstringtext4                         stringtext4  0181E
__pstringtext5                         stringtext5  01826
__pstringtext6                         stringtext6  0182C
__pstringtext7                         stringtext7  00000
__pswtext1                             swtext1      0100C
__pswtext2                             swtext2      01000
__ptext1                               text1        01547
__ptext10                              text10       00AE7
__ptext11                              text11       01758
__ptext12                              text12       0166F
__ptext13                              text13       00C6B
__ptext14                              text14       00800
__ptext15                              text15       00715
__ptext16                              text16       00A07
__ptext17                              text17       00B9C
__ptext18                              text18       00872
__ptext19                              text19       015E9
__ptext2                               text2        014EC
__ptext20                              text20       00368
__ptext21                              text21       01614
__ptext22                              text22       01578
__ptext23                              text23       014E1
__ptext24                              text24       00A97
__ptext25                              text25       00841
__ptext26                              text26       00C03
__ptext27                              text27       00E01
__ptext28                              text28       0153C
__ptext29                              text29       01531
__ptext3                               text3        014E9
__ptext30                              text30       01526
__ptext31                              text31       0162A
__ptext32                              text32       00E9E
__ptext33                              text33       015C6
__ptext34                              text34       015B5
__ptext35                              text35       00D71
__ptext36                              text36       016D6
__ptext37                              text37       014F5
__ptext38                              text38       014EF
__ptext39                              text39       00949
__ptext4                               text4        01658
__ptext40                              text40       0151D
__ptext41                              text41       01514
__ptext42                              text42       0150B
__ptext43                              text43       0064A
__ptext44                              text44       017A8
__ptext45                              text45       00911
__ptext46                              text46       000B8
__ptext47                              text47       00470
__ptext48                              text48       00B3A
__ptext49                              text49       017D3
__ptext5                               text5        01641
__ptext50                              text50       008A5
__ptext51                              text51       007D9
__ptext52                              text52       009C4
__ptext53                              text53       015D7
__ptext54                              text54       016A0
__ptext55                              text55       0156B
__ptext56                              text56       01502
__ptext57                              text57       01687
__ptext58                              text58       014E6
__ptext59                              text59       01586
__ptext6                               text6        00A4C
__ptext60                              text60       007FB
__ptext61                              text61       015A5
__ptext62                              text62       01736
__ptext63                              text63       015FE
__ptext64                              text64       01595
__ptext65                              text65       014E3
__ptext66                              text66       014DF
__ptext67                              text67       01714
__ptext68                              text68       00982
__ptext69                              text69       00CE8
__ptext7                               text7        00F4A
__ptext71                              text71       016F3
__ptext72                              text72       00564
__ptext73                              text73       008DA
__ptext8                               text8        016BA
__ptext9                               text9        00811
__size_of_Adc_ConfigAnCh               (abs)        00000
__size_of_Adc_GetConvResult            (abs)        00000
__size_of_Adc_GetConvSts               (abs)        00000
__size_of_Adc_InitAdcModule            (abs)        00000
__size_of_Adc_SelectChannel            (abs)        00000
__size_of_Adc_StartConversion          (abs)        00000
__size_of_AppSm                        (abs)        00000
__size_of_App_MainTask                 (abs)        00000
__size_of_BoardReset                   (abs)        00000
__size_of_CheckAckStatus               (abs)        00000
__size_of_CheckByteStatus              (abs)        00000
__size_of_CheckStopBitStatus           (abs)        00000
__size_of_ClearRxBuffer                (abs)        00000
__size_of_ClearTxBuffer                (abs)        00000
__size_of_ControlLedDirect             (abs)        00000
__size_of_GenerateEvt                  (abs)        00000
__size_of_GetDieTemperature            (abs)        00000
__size_of_I2cSlv_I2cDrvHandle          (abs)        00000
__size_of_I2cSlv_MainTask              (abs)        00000
__size_of_I2c_DataReceiveSm            (abs)        00000
__size_of_I2c_InitI2cModule            (abs)        00000
__size_of_I2c_SetConfig                (abs)        00000
__size_of_I2c_SetI2cAddress            (abs)        00000
__size_of_I2c_SetI2cAddressMask        (abs)        00000
__size_of_I2c_UpdateTxBuffer           (abs)        00000
__size_of_InitSchTimer                 (abs)        00000
__size_of_InitTimer4                   (abs)        00000
__size_of_InitializeTasks              (abs)        00000
__size_of_LedBlinkStateMachine         (abs)        00000
__size_of_LedPulseStateMachine         (abs)        00000
__size_of_LedStateMachine              (abs)        00000
__size_of_Led_InitSeq                  (abs)        00000
__size_of_Led_MainTask                 (abs)        00000
__size_of_Led_SetLedBlinkTime          (abs)        00000
__size_of_Led_SetLedPulseTime          (abs)        00000
__size_of_Led_SetLedStatus             (abs)        00000
__size_of_LowPowerMode                 (abs)        00000
__size_of_MainInterrupt                (abs)        00000
__size_of_MainScheduler                (abs)        00000
__size_of_ManageProtocol               (abs)        00000
[...]
      Params:         0       0       0       0       0       0       0       0       0       0       0       0       0       0
      Locals:         0       0       0       0       0       0       0       0       0       0       0       0       0       0
      Temps:          0       0       0       0       0       0       0       0       0       0       0       0       0       0
      Totals:         0       0       0       0       0       0       0       0       0       0       0       0       0       0
Total ram usage:        0 bytes
 Hardware stack levels used:    1
 Hardware stack levels required when called:    4
 This function calls:
		_Mcu_Reset
 This function is called by:
		_StdS_ManageStdServices
 This function uses a non-reentrant model


 *************** function _Mcu_Reset *****************
 Defined at:
		line 293 in file "../../../Framework/MercuryFwk/Source/c/01_Hal/02_Drv/mcu_drv.c"
 Parameters:    Size  Location     Type
		None
 Auto vars:     Size  Location     Type
		None
 Return value:  Size  Location     Type
                  1    wreg      void 
 Registers used:
		None
 Tracked objects:
		On entry : 
		On exit  : 
		Unchanged: 
 Data sizes:     COMMON   BANK0   BANK1   BANK2   BANK3   BANK4   BANK5   BANK6   BANK7   BANK8   BANK9  BANK10  BANK11  BANK12
      Params:         0       0       0       0       0       0       0       0       0       0       0       0       0       0
      Locals:         0       0       0       0       0       0       0       0       0       0       0       0       0       0
      Temps:          0       0       0       0       0       0       0       0       0       0       0       0       0       0
      Totals:         0       0       0       0       0       0       0       0       0       0       0       0       0       0
Total ram usage:        0 bytes
 Hardware stack levels used:    1
 Hardware stack levels required when called:    3
 This function calls:
		Nothing
 This function is called by:
		_I2c_DataReceiveSm
		_BoardReset
 This function uses a non-reentrant model


 *************** function _ReceiveEvt *****************
 Defined at:
		line 103 in file "../../../Framework/MercuryFwk/Source/c/02_Osl/os_ser.c"
 Parameters:    Size  Location     Type
  Event           1    wreg     PTR struct _EventStructu
		 -> I2cReplyPacketReady(2), I2cWriteRequest(2), I2cSetAddress(2), I2cNewTxNotification(2), 
		 -> I2cNewPacketNotification(2), 
 Auto vars:     Size  Location     Type
  Event           1    1[BANK0 ] PTR struct _EventStructu
		 -> I2cReplyPacketReady(2), I2cWriteRequest(2), I2cSetAddress(2), I2cNewTxNotification(2), 
		 -> I2cNewPacketNotification(2), 
  EventStatus     1    0[BANK0 ] enum E3633
 Return value:  Size  Location     Type
                  1    wreg      enum E3629
 Registers used:
		wreg, fsr1l, fsr1h, status,2, status,0
 Tracked objects:
		On entry : 
		On exit  : 
		Unchanged: 
 Data sizes:     COMMON   BANK0   BANK1   BANK2   BANK3   BANK4   BANK5   BANK6   BANK7   BANK8   BANK9  BANK10  BANK11  BANK12
      Params:         0       0       0       0       0       0       0       0       0       0       0       0       0       0
      Locals:         0       2       0       0       0       0       0       0       0       0       0       0       0       0
      Temps:          0       0       0       0       0       0       0       0       0       0       0       0       0       0
      Totals:         0       2       0       0       0       0       0       0       0       0       0       0       0       0
Total ram usage:        2 bytes
 Hardware stack levels used:    1
 Hardware stack levels required when called:    3
 This function calls:
		Nothing
 This function is called by:
		_I2c_DataReceiveSm
		_I2cSlv_I2cDrvHandle
		_ManageProtocol
 This function uses a non-reentrant model


 *************** function _Adc_InitAdcModule *****************
 Defined at:
		line 107 in file "../../../Framework/MercuryFwk/Source/c/01_Hal/02_Drv/adc_drv.c"
 Parameters:    Size  Location     Type
  AdcConfig       1    wreg     PTR struct _AdcCfgType
		 -> App_MainTask@AdcConfig(6), 
 Auto vars:     Size  Location     Type
  AdcConfig       1    0[BANK0 ] PTR struct _AdcCfgType
		 -> App_MainTask@AdcConfig(6), 
 Return value:  Size  Location     Type
                  1    wreg      void 
 Registers used:
		wreg, fsr1l, fsr1h, status,2, status,0
 Tracked objects:
		On entry : 
		On exit  : 
		Unchanged: 
 Data sizes:     COMMON   BANK0   BANK1   BANK2   BANK3   BANK4   BANK5   BANK6   BANK7   BANK8   BANK9  BANK10  BANK11  BANK12
      Params:         0       0       0       0       0       0       0       0       0       0       0       0       0       0
      Locals:         0       1       0       0       0       0       0       0       0       0       0       0       0       0
      Temps:          0       0       0       0       0       0       0       0       0       0       0       0       0       0
      Totals:         0       1       0       0       0       0       0       0       0       0       0       0       0       0
Total ram usage:        1 bytes
 Hardware stack levels used:    1
 Hardware stack levels required when called:    3
 This function calls:
		Nothing
 This function is called by:
		_App_MainTask
 This function uses a non-reentrant model


 *************** function _Adc_ConfigAnCh *****************
 Defined at:
		line 73 in file "../../../Framework/MercuryFwk/Source/c/01_Hal/02_Drv/adc_drv.c"
 Parameters:    Size  Location     Type
  AnChSel         1    wreg     PTR struct _AnalogChSelT
		 -> App_MainTask@AnalogChSel(12), 
 Auto vars:     Size  Location     Type
  AnChSel         1    0[BANK0 ] PTR struct _AnalogChSelT
		 -> App_MainTask@AnalogChSel(12), 
 Return value:  Size  Location     Type
                  1    wreg      void 
 Registers used:
		wreg, fsr1l, fsr1h, status,2, status,0
 Tracked objects:
		On entry : 
		On exit  : 
		Unchanged: 
 Data sizes:     COMMON   BANK0   BANK1   BANK2   BANK3   BANK4   BANK5   BANK6   BANK7   BANK8   BANK9  BANK10  BANK11  BANK12
      Params:         0       0       0       0       0       0       0       0       0       0       0       0       0       0
      Locals:         0       1       0       0       0       0       0       0       0       0       0       0       0       0
      Temps:          0       0       0       0       0       0       0       0       0       0       0       0       0       0
      Totals:         0       1       0       0       0       0       0       0       0       0       0       0       0       0
Total ram usage:        1 bytes
 Hardware stack levels used:    1
 Hardware stack levels required when called:    3
 This function calls:
		Nothing
 This function is called by:
		_App_MainTask
 This function uses a non-reentrant model


 *************** function _MainInterrupt *****************
 Defined at:
		line 50 in file "../../../Framework/MercuryFwk/Source/c/02_Osl/interrupts.c"
 Parameters:    Size  Location     Type
		None
 Auto vars:     Size  Location     Type
		None
 Return value:  Size  Location     Type
                  1    wreg      void 
 Registers used:
		wreg, fsr0l, fsr0h, fsr1l, fsr1h, status,2, status,0, pclath, cstack
 Tracked objects:
		On entry : 
		On exit  : 
		Unchanged: 
 Data sizes:     COMMON   BANK0   BANK1   BANK2   BANK3   BANK4   BANK5   BANK6   BANK7   BANK8   BANK9  BANK10  BANK11  BANK12
      Params:         0       0       0       0       0       0       0       0       0       0       0       0       0       0
      Locals:         0       0       0       0       0       0       0       0       0       0       0       0       0       0
      Temps:          1       0       0       0       0       0       0       0       0       0       0       0       0       0
      Totals:         1       0       0       0       0       0       0       0       0       0       0       0       0       0
Total ram usage:        1 bytes
 Hardware stack levels used:    1
 Hardware stack levels required when called:    2
 This function calls:
		_SrvDrv_ServoPulse
		i1_GenerateEvt
 This function is called by:
		Interrupt level 1
 This function uses a non-reentrant model


 *************** function i1_GenerateEvt *****************
 Defined at:
		line 73 in file "../../../Framework/MercuryFwk/Source/c/02_Osl/os_ser.c"
 Parameters:    Size  Location     Type
  Event           1    wreg     PTR struct _EventStructu
		 -> I2cReplyPacketReady(2), I2cWriteRequest(2), I2cSetAddress(2), I2cNewTxNotification(2), 
		 -> I2cNewPacketNotification(2), 
 Auto vars:     Size  Location     Type
  Event           1    1[COMMON] PTR struct _EventStructu
		 -> I2cReplyPacketReady(2), I2cWriteRequest(2), I2cSetAddress(2), I2cNewTxNotification(2), 
		 -> I2cNewPacketNotification(2), 
  GenerateEvt     1    2[COMMON] enum E3633
 Return value:  Size  Location     Type
                  1    wreg      enum E3629
 Registers used:
		wreg, fsr1l, fsr1h, status,2, status,0
 Tracked objects:
		On entry : 
		On exit  : 
		Unchanged: 
 Data sizes:     COMMON   BANK0   BANK1   BANK2   BANK3   BANK4   BANK5   BANK6   BANK7   BANK8   BANK9  BANK10  BANK11  BANK12
      Params:         0       0       0       0       0       0       0       0       0       0       0       0       0       0
      Locals:         2       0       0       0       0       0       0       0       0       0       0       0       0       0
      Temps:          1       0       0       0       0       0       0       0       0       0       0       0       0       0
      Totals:         3       0       0       0       0       0       0       0       0       0       0       0       0       0
Total ram usage:        3 bytes
 Hardware stack levels used:    1
 This function calls:
		Nothing
 This function is called by:
		_MainInterrupt
 This function uses a non-reentrant model


 *************** function _SrvDrv_ServoPulse *****************
 Defined at:
		line 157 in file "../../../Framework/MercuryFwk/Source/c/01_Hal/02_Drv/servo_drv.c"
 Parameters:    Size  Location     Type
		None
 Auto vars:     Size  Location     Type
  ServoIndex      1    9[COMMON] unsigned char 
  OffCounter      1    8[COMMON] unsigned char 
 Return value:  Size  Location     Type
                  1    wreg      void 
 Registers used:
		wreg, fsr0l, fsr0h, fsr1l, fsr1h, status,2, status,0, pclath, cstack
 Tracked objects:
		On entry : 
		On exit  : 
		Unchanged: 
 Data sizes:     COMMON   BANK0   BANK1   BANK2   BANK3   BANK4   BANK5   BANK6   BANK7   BANK8   BANK9  BANK10  BANK11  BANK12
      Params:         0       0       0       0       0       0       0       0       0       0       0       0       0       0
      Locals:         2       0       0       0       0       0       0       0       0       0       0       0       0       0
      Temps:          6       0       0       0       0       0       0       0       0       0       0       0       0       0
      Totals:         8       0       0       0       0       0       0       0       0       0       0       0       0       0
Total ram usage:        8 bytes
 Hardware stack levels used:    1
 Hardware stack levels required when called:    1
 This function calls:
		_SetOutChSts
 This function is called by:
		_MainInterrupt
 This function uses a non-reentrant model


 *************** function _SetOutChSts *****************
 Defined at:
		line 84 in file "../../../Framework/MercuryFwk/Source/c/01_Hal/02_Drv/servo_drv.c"
 Parameters:    Size  Location     Type
  Ch              1    wreg     unsigned char 
  Sts             1    0[COMMON] unsigned char 
 Auto vars:     Size  Location     Type
  Ch              1    1[COMMON] unsigned char 
 Return value:  Size  Location     Type
                  1    wreg      void 
 Registers used:
		wreg, fsr0l, fsr0h, status,2, status,0
 Tracked objects:
		On entry : 
		On exit  : 
		Unchanged: 
 Data sizes:     COMMON   BANK0   BANK1   BANK2   BANK3   BANK4   BANK5   BANK6   BANK7   BANK8   BANK9  BANK10  BANK11  BANK12
      Params:         1       0       0       0       0       0       0       0       0       0       0       0       0       0
      Locals:         1       0       0       0       0       0       0       0       0       0       0       0       0       0
      Temps:          0       0       0       0       0       0       0       0       0       0       0       0       0       0
      Totals:         2       0       0       0       0       0       0       0       0       0       0       0       0       0
Total ram usage:        2 bytes
 Hardware stack levels used:    1
 This function calls:
		Nothing
 This function is called by:
		_SrvDrv_ServoPulse
 This function uses a non-reentrant model



MODULE INFORMATION

Module		Function		Class		Link	Load	Size
../Source/c/04_App/sys_init.c
		_InitTimer4    		CODE           	1658	0000	24
		_SystemInit    		CODE           	1547	0000	13
		_InitSchTimer  		CODE           	1641	0000	24

../Source/c/04_App/sys_init.c estimated size: 61

../../../Framework/MercuryFwk/Source/c/01_Hal/02_Drv/mcu_drv.c
		_Mcu_SetWdgPeriod		CODE           	1578	0000	15
		_Mcu_SetWdgSts 		CODE           	1502	0000	10
		_Mcu_Reset     		CODE           	14DF	0000	3
		_Mcu_SetDieTempMode		CODE           	150B	0000	10
		_Mcu_EnableInterrupts		CODE           	14E9	0000	4
		_Mcu_SetDieTempSts		CODE           	1514	0000	10
		_Mcu_SetPullUpsSts		CODE           	151D	0000	10
		_Mcu_ClearWdg  		CODE           	14E1	0000	3
		_Mcu_StartSystemPll		CODE           	14EC	0000	4
		_Mcu_ConfigPullUps		CODE           	064A	0000	204

../../../Framework/MercuryFwk/Source/c/01_Hal/02_Drv/mcu_drv.c estimated size: 273

../../../Framework/MercuryFwk/Source/c/02_Osl/interrupts.c
		_MainInterrupt 		CODE           	0004	0000	51

../../../Framework/MercuryFwk/Source/c/02_Osl/interrupts.c estimated size: 51

C:\Program Files (x86)\Microchip\xc8\v1.45\sources\common\Umul16.c
		___wmul        		CODE           	16BA	0000	29

C:\Program Files (x86)\Microchip\xc8\v1.45\sources\common\Umul16.c estimated size: 29

../../../Framework/MercuryFwk/Source/c/01_Hal/02_Drv/adc_drv.c
		_Adc_InitAdcModule		CODE           	0982	0000	67
		_Adc_GetConvSts		CODE           	07FB	0000	5
		_Adc_GetConvResult		CODE           	15A5	0000	17
		_Adc_StartConversion		CODE           	14E6	0000	4
		_Adc_SelectChannel		CODE           	1586	0000	16
		_Adc_ConfigAnCh		CODE           	0CE8	0000	138

../../../Framework/MercuryFwk/Source/c/01_Hal/02_Drv/adc_drv.c estimated size: 247

../../../Framework/MercuryFwk/Source/c/03_Sml/02_Ssl/led.c
		_LedStateMachine		CODE           	0841	0000	50
		_Led_SetLedPulseTime		CODE           	15D7	0000	19
		_Led_SetLedBlinkTime		CODE           	16A0	0000	27
		_Led_InitSeq   		CODE           	0A97	0000	81
		_Led_MainTask  		CODE           	0872	0000	52
		_Led_SetLedStatus		CODE           	1595	0000	17

../../../Framework/MercuryFwk/Source/c/03_Sml/02_Ssl/led.c estimated size: 246

C:\Program Files (x86)\Microchip\xc8\v1.45\sources\common\lwmod.c
		___lwmod       		CODE           	17D3	0000	46

C:\Program Files (x86)\Microchip\xc8\v1.45\sources\common\lwmod.c estimated size: 46

../../../Framework/MercuryFwk/Source/c/03_Sml/02_Ssl/sf.c
		_StringCopy    		CODE           	07D9	0000	35

../../../Framework/MercuryFwk/Source/c/03_Sml/02_Ssl/sf.c estimated size: 35

C:\Program Files (x86)\Microchip\xc8\v1.45\sources\common\Umul32.c
		___lmul        		CODE           	0811	0000	49

C:\Program Files (x86)\Microchip\xc8\v1.45\sources\common\Umul32.c estimated size: 49

../../../Framework/MercuryFwk/Source/c/03_Sml/02_Ssl/wdg.c
		_Wdg_MainTask  		CODE           	1614	0000	23

../../../Framework/MercuryFwk/Source/c/03_Sml/02_Ssl/wdg.c estimated size: 23

../../../Framework/MercuryFwk/Source/c/02_Osl/os_ser.c
		_ReceiveEvt    		CODE           	1714	0000	35
		_GenerateEvt   		CODE           	1736	0000	35

../../../Framework/MercuryFwk/Source/c/02_Osl/os_ser.c estimated size: 70

shared
		_dpowers       		STRCODE        	0000	0000	0
		__initialization		CODE           	0038	0000	125
		i1_GenerateEvt 		CODE           	16F3	0000	34
		_TaskNumber    		STRCODE        	1800	0000	3

shared estimated size: 162

../../../Framework/MercuryFwk/Source/c/01_Hal/02_Drv/servo_drv.c
		_SrvDrv_ServoInit		CODE           	0949	0000	58
		_SetOutChSts   		CODE           	08DA	0000	56
		_SrvDrv_ServoPulse		CODE           	0564	0000	231

../../../Framework/MercuryFwk/Source/c/01_Hal/02_Drv/servo_drv.c estimated size: 345

../Source/c/04_App/sb130_app.c
		_App_MainTask  		CODE           	0B9C	0000	104
		_ManageProtocol		CODE           	00B8	0000	689
		_AppSm         		CODE           	17A8	0000	44

../Source/c/04_App/sb130_app.c estimated size: 837

../../../Framework/MercuryFwk/Source/c/01_Hal/02_Drv/tmr_drv.c
		_Tmr_TmrBConfig		CODE           	0A4C	0000	76
		_Tmr_TmrBIrqSet		CODE           	1758	0000	41
		_Tmr_StartTmr  		CODE           	166F	0000	25
		_TmrBInit      		CODE           	0C6B	0000	126
		_Tmr_TmrBPrSet 		CODE           	0F4A	0000	183

../../../Framework/MercuryFwk/Source/c/01_Hal/02_Drv/tmr_drv.c estimated size: 451

C:\Program Files (x86)\Microchip\xc8\v1.45\sources\common\lwdiv.c
		___lwdiv       		CODE           	08A5	0000	54

C:\Program Files (x86)\Microchip\xc8\v1.45\sources\common\lwdiv.c estimated size: 54

C:\Program Files (x86)\Microchip\xc8\v1.45\sources\common\lldiv.c
		___lldiv       		CODE           	0AE7	0000	84

C:\Program Files (x86)\Microchip\xc8\v1.45\sources\common\lldiv.c estimated size: 84

../../../Framework/MercuryFwk/Source/c/03_Sml/01_Pml/01_SlvI2c/i2c_slv.c
		_I2c_SetConfig 		CODE           	162A	0000	24
		_I2cSlv_MainTask		CODE           	15E9	0000	22
		_I2cSlv_I2cDrvHandle		CODE           	0D71	0000	145

../../../Framework/MercuryFwk/Source/c/03_Sml/01_Pml/01_SlvI2c/i2c_slv.c estimated size: 191

../../../Framework/MercuryFwk/Source/c/00_Main/main.c
		_main          		CODE           	14FB	0000	8

../../../Framework/MercuryFwk/Source/c/00_Main/main.c estimated size: 8

../../../Framework/MercuryFwk/Source/c/02_Osl/os_sched.c
		_InitializeTasks		CODE           	0A07	0000	70
		_ScheduleTasks 		CODE           	0715	0000	197
		_MainScheduler 		CODE           	0800	0000	18

../../../Framework/MercuryFwk/Source/c/02_Osl/os_sched.c estimated size: 285

../../../Framework/MercuryFwk/Source/c/01_Hal/02_Drv/i2c_slv_drv.c
		_CheckAckStatus		CODE           	1526	0000	12
		_I2c_InitI2cModule		CODE           	0E9E	0000	173
		_ClearRxBuffer 		CODE           	15B5	0000	18
		_I2c_DataReceiveSm		CODE           	0368	0000	265
		_CheckStopBitStatus		CODE           	153C	0000	12
		_I2c_SetI2cAddress		CODE           	14EF	0000	7
		_I2c_SetI2cAddressMask		CODE           	14F5	0000	7
		_CheckByteStatus		CODE           	1531	0000	12
		_I2c_UpdateTxBuffer		CODE           	16D6	0000	30
		_ClearTxBuffer 		CODE           	15C6	0000	18

../../../Framework/MercuryFwk/Source/c/01_Hal/02_Drv/i2c_slv_drv.c estimated size: 554

C:\Program Files (x86)\Microchip\xc8\v1.45\sources\common\itoa.c
		_utoa          		CODE           	0B3A	0000	99

C:\Program Files (x86)\Microchip\xc8\v1.45\sources\common\itoa.c estimated size: 99

../../../Framework/MercuryFwk/Source/c/01_Hal/02_Drv/led_drv.c
		_LedBlinkStateMachine		CODE           	0E01	0000	158
		_LedPulseStateMachine		CODE           	0C03	0000	105

../../../Framework/MercuryFwk/Source/c/01_Hal/02_Drv/led_drv.c estimated size: 263

../../../Framework/MercuryFwk/Source/c/03_Sml/02_Ssl/std_ser.c
		_BoardReset    		CODE           	14E3	0000	4
		_StdS_SetI2cAddress		CODE           	0911	0000	57
		_SetLedBehavSts		CODE           	09C4	0000	68
		_ControlLedDirect		CODE           	15FE	0000	23
		_StdS_ManageStdServices		CODE           	0470	0000	245
		_GetDieTemperature		CODE           	1687	0000	26
		_LowPowerMode  		CODE           	156B	0000	14

../../../Framework/MercuryFwk/Source/c/03_Sml/02_Ssl/std_ser.c estimated size: 437

