Microchip MPLAB XC8 Compiler V1.38 ()

Linker command line:

--edf=C:\Program Files (x86)\Microchip\xc8\v1.38\dat\en_msgs.txt -cs \
  -h+dist/default/production\EB210_ExpLcd.X.production.sym \
  --cmf=dist/default/production\EB210_ExpLcd.X.production.cmf -z -Q16F1829 \
  -oC:\Users\FRANCE~1\AppData\Local\Temp\sda8.2 \
  -Mdist/default/production/EB210_ExpLcd.X.production.map -E1 -ver=XC8 \
  -ASTACK=02280h-0239ch -pstack=STACK -ACODE=00h-07FFhx4 \
  -ASTRCODE=00h-01FFFh -ASTRING=00h-0FFhx32 -ACONST=00h-0FFhx32 \
  -AENTRY=00h-0FFhx32 -ACOMMON=070h-07Fh -ABANK0=020h-06Fh \
  -ABANK1=0A0h-0EFh -ABANK2=0120h-016Fh -ABANK3=01A0h-01EFh \
  -ABANK4=0220h-026Fh -ABANK5=02A0h-02EFh -ABANK6=0320h-036Fh \
  -ABANK7=03A0h-03EFh -ABANK8=0420h-046Fh -ABANK9=04A0h-04EFh \
  -ABANK10=0520h-056Fh -ABANK11=05A0h-05EFh -ABANK12=0620h-064Fh \
  -ABIGRAM=02000h-023EFh \
  -ARAM=020h-06Fh,0A0h-0EFh,0120h-016Fh,01A0h-01EFh,0220h-026Fh,02A0h-02EFh,0320h-036Fh,03A0h-03EFh,0420h-046Fh,04A0h-04EFh,0520h-056Fh,05A0h-05EFh,0620h-064Fh \
  -AABS1=020h-07Fh,0A0h-0EFh,0120h-016Fh,01A0h-01EFh,0220h-026Fh,02A0h-02EFh,0320h-036Fh,03A0h-03EFh,0420h-046Fh,04A0h-04EFh,0520h-056Fh,05A0h-05EFh,0620h-064Fh \
  -ASFR0=00h-01Fh -ASFR1=080h-09Fh -ASFR2=0100h-011Fh -ASFR3=0180h-019Fh \
  -ASFR4=0200h-021Fh -ASFR5=0280h-029Fh -ASFR6=0300h-031Fh \
  -ASFR7=0380h-039Fh -ASFR8=0400h-041Fh -ASFR9=0480h-049Fh \
  -ASFR10=0500h-051Fh -ASFR11=0580h-059Fh -ASFR12=0600h-061Fh \
  -ASFR13=0680h-06EFh -ASFR14=0700h-076Fh -ASFR15=0780h-07EFh \
  -ASFR16=0800h-086Fh -ASFR17=0880h-08EFh -ASFR18=0900h-096Fh \
  -ASFR19=0980h-09EFh -ASFR20=0A00h-0A6Fh -ASFR21=0A80h-0AEFh \
  -ASFR22=0B00h-0B6Fh -ASFR23=0B80h-0BEFh -ASFR24=0C00h-0C6Fh \
  -ASFR25=0C80h-0CEFh -ASFR26=0D00h-0D6Fh -ASFR27=0D80h-0DEFh \
  -ASFR28=0E00h-0E6Fh -ASFR29=0E80h-0EEFh -ASFR30=0F00h-0F6Fh \
  -ASFR31=0F80h-0FEFh -preset_vec=00h,intentry=04h,init,end_init \
  -ppowerup=CODE -pcinit=CODE -pfunctab=CODE -ACONFIG=08007h-08008h \
  -pconfig=CONFIG -DCONFIG=2 -AIDLOC=08000h-08003h -pidloc=IDLOC -DIDLOC=2 \
  -AEEDATA=00h-0FFh/0F000h -peeprom_data=EEDATA -DEEDATA=2 -DCODE=2 \
  -DSTRCODE=2 -DSTRING=2 -DCONST=2 -DENTRY=2 -k \
  C:\Users\FRANCE~1\AppData\Local\Temp\sda8.obj \
  dist/default/production\EB210_ExpLcd.X.production.obj 

Object code version is 3.11

Machine type is 16F1829



                Name                               Link     Load   Length Selector   Space Scale
C:\Users\FRANCE~1\AppData\Local\Temp\sda8.obj
                end_init                             2B       2B        2        8       0
                reset_vec                             0        0        2        0       0
                config                             8007     8007        2    1000E       0
dist/default/production\EB210_ExpLcd.X.production.obj
                cinit                                2D       2D       7A        8       0
                intentry                              4        4       27        8       0
                text82                             17DF     17DF       21     2FBE       0
                text80                              CB2      CB2       70     1964       0
                text79                              9F7      9F7       37     13EE       0
                text78                             17A8     17A8       1B     2F50       0
                text77                             15BC     15BC        A     2B78       0
                text76                             156B     156B        3     2AD6       0
                text75                             156E     156E        3     2ADC       0
                text74                             16DC     16DC       15     2DB8       0
                text73                             16A3     16A3       12     2D46       0
                text72                              F5C      F5C       A4     1EB8       0
                text71                              707      707       A6        8       0
                text70                             16F1     16F1       15     2DE2       0
                text69                              81F      81F       21     103E       0
                text68                             1569     1569        2     2AD2       0
                text67                             1571     1571        3     2AE2       0
                text66                             1620     1620       10     2C40       0
                text65                             16B5     16B5       13     2D6A       0
                text64                              840      840       22     1080       0
                text63                             1630     1630       10     2C60       0
                text62                             1577     1577        4     2AEE       0
                text61                             15EF     15EF        C     2BDE       0
                text60                             1574     1574        3     2AE8       0
                text59                             1776     1776       19     2EEC       0
                text58                             1593     1593        8     2B26       0
                text57                             1613     1613        D     2C26       0
                text56                             178F     178F       19     2F1E       0
                text55                             1640     1640       10     2C80       0
                text54                              A66      A66       42     14CC       0
                text53                              862      862       23     10C4       0
                text52                              9C2      9C2       35     1384       0
                text51                              901      901       2D     1202       0
                text50                              BE8      BE8       62     17D0       0
                text49                              1AF      1AF       F4        8       0
                text48                              2A3      2A3       D4        8       0
                text47                              A2E      A2E       38     145C       0
                text46                              8D6      8D6       2B     11AC       0
                text45                             1670     1670       11     2CE0       0
                text44                              B90      B90       58     1720       0
                swtext2                            104A     104A       1A     2094       0
                text43                              43B      43B       B9        8       0
                text42                             1681     1681       11     2D02       0
                text41                             1731     1731       17     2E62       0
                text40                              661      661       A6        8       0
                text39                             159B     159B        8     2B36       0
                text38                             15A3     15A3        8     2B46       0
                text37                             15AB     15AB        8     2B56       0
                text36                             157B     157B        5     2AF6       0
                text35                             1580     1580        5     2B00       0
                text34                              802      802       1D     1004       0
                text33                              D9D      D9D       90     1B3A       0
                text32                             1650     1650       10     2CA0       0
                text31                             1660     1660       10     2CC0       0
                text30                              4F4      4F4       B7        8       0
                text29                             16C8     16C8       14     2D90       0
                text28                             15C6     15C6        A     2B8C       0
                text27                             15D0     15D0        A     2BA0       0
                text26                             15DA     15DA        A     2BB4       0
                text25                              EBD      EBD       9F     1D7A       0
                text24                              C4A      C4A       68     1894       0
                text23                              95E      95E       31     12BC       0
                text22                              B41      B41       4F     1682       0
                text21                              800      800        2        8       0
                text20                             15E4     15E4        B     2BC8       0
                text19                             171B     171B       16     2E36       0
                swtext1                            1064     1064        A     2094       0
                text18                               A7       A7      108        8       0
                text17                             1706     1706       15     2E0C       0
                text16                              98F      98F       33     131E       0
                text15                              E2D      E2D       90     1C5A       0
                text14                              AF3      AF3       4E     15E6       0
                text13                              377      377       C4        8       0
                text12                             1692     1692       11     2D24       0
                text11                              D22      D22       7B     1A44       0
                text10                             1748     1748       17     2E90       0
                text9                               8AD      8AD       29     115A       0
                text8                               7AD      7AD       53        8       0
                text7                               92E      92E       30     125C       0
                text6                              17C3     17C3       1C     2F86       0
                text5                               5AB      5AB       B6        8       0
                text4                               AA8      AA8       4B     1550       0
                text3                              175F     175F       17     2EBE       0
                text2                              1585     1585        7     2B0A       0
                text1                              15B3     15B3        9     2B66       0
                maintext                           158C     158C        7     2B18       0
                cstackBANK0                          20       20       4D       20       1
                cstackCOMMON                         70       70        6       70       1
                cstackBANK1                          CB       CB       24       A0       1
                cstackBANK2                         166      166        6      120       1
                clrtext                            15FB     15FB        C     2BF6       0
                inittext                           1607     1607        C     2C0E       0
                bssBANK7                            3A0      3A0       50      3A0       1
                bssBANK6                            320      320       50      320       1
                bssBANK5                            2A0      2A0       50      2A0       1
                bssBANK4                            220      220       50      220       1
                bssBANK3                            1A0      1A0       1E      1A0       1
                dataBANK2                           120      120       28      120       1
                bssBANK2                            148      148       1E      120       1
                dataBANK1                            EF       EF        1       A0       1
                bssBANK1                             A0       A0       2B       A0       1
                bssBANK0                             6D       6D        1       20       1
                dataCOMMON                           78       78        2       70       1
                bssCOMMON                            76       76        2       70       1
                stringtext                         1000     1000       4A     2000       0
                idataBANK2                          885      885       28     110A       0
                idataBANK1                         1568     1568        1     2AD0       0
                idataCOMMON                           2        2        2        0       0

TOTAL           Name                               Link     Load   Length     Space
        CLASS   STACK          

        CLASS   CODE           
                end_init                             2B       2B        2         0
                cinit                                2D       2D       7A         0
                intentry                              4        4       27         0
                reset_vec                             0        0        2         0
                text82                             17DF     17DF       21         0
                text80                              CB2      CB2       70         0
                text79                              9F7      9F7       37         0
                text78                             17A8     17A8       1B         0
                text77                             15BC     15BC        A         0
                text76                             156B     156B        3         0
                text75                             156E     156E        3         0
                text74                             16DC     16DC       15         0
                text73                             16A3     16A3       12         0
                text72                              F5C      F5C       A4         0
                text71                              707      707       A6         0
                text70                             16F1     16F1       15         0
                text69                              81F      81F       21         0
                text68                             1569     1569        2         0
                text67                             1571     1571        3         0
                text66                             1620     1620       10         0
                text65                             16B5     16B5       13         0
                text64                              840      840       22         0
                text63                             1630     1630       10         0
                text62                             1577     1577        4         0
                text61                             15EF     15EF        C         0
                text60                             1574     1574        3         0
                text59                             1776     1776       19         0
                text58                             1593     1593        8         0
                text57                             1613     1613        D         0
                text56                             178F     178F       19         0
                text55                             1640     1640       10         0
                text54                              A66      A66       42         0
                text53                              862      862       23         0
                text52                              9C2      9C2       35         0
                text51                              901      901       2D         0
                text50                              BE8      BE8       62         0
                text49                              1AF      1AF       F4         0
                text48                              2A3      2A3       D4         0
                text47                              A2E      A2E       38         0
                text46                              8D6      8D6       2B         0
                text45                             1670     1670       11         0
                text44                              B90      B90       58         0
                text43                              43B      43B       B9         0
                text42                             1681     1681       11         0
                text41                             1731     1731       17         0
                text40                              661      661       A6         0
                text39                             159B     159B        8         0
                text38                             15A3     15A3        8         0
                text37                             15AB     15AB        8         0
                text36                             157B     157B        5         0
                text35                             1580     1580        5         0
                text34                              802      802       1D         0
                text33                              D9D      D9D       90         0
                text32                             1650     1650       10         0
                text31                             1660     1660       10         0
                text30                              4F4      4F4       B7         0
                text29                             16C8     16C8       14         0
                text28                             15C6     15C6        A         0
                text27                             15D0     15D0        A         0
                text26                             15DA     15DA        A         0
                text25                              EBD      EBD       9F         0
                text24                              C4A      C4A       68         0
                text23                              95E      95E       31         0
                text22                              B41      B41       4F         0
                text21                              800      800        2         0
                text20                             15E4     15E4        B         0
                text19                             171B     171B       16         0
                text18                               A7       A7      108         0
                text17                             1706     1706       15         0
                text16                              98F      98F       33         0
                text15                              E2D      E2D       90         0
                text14                              AF3      AF3       4E         0
                text13                              377      377       C4         0
                text12                             1692     1692       11         0
                text11                              D22      D22       7B         0
                text10                             1748     1748       17         0
                text9                               8AD      8AD       29         0
                text8                               7AD      7AD       53         0
                text7                               92E      92E       30         0
                text6                              17C3     17C3       1C         0
                text5                               5AB      5AB       B6         0
                text4                               AA8      AA8       4B         0
                text3                              175F     175F       17         0
                text2                              1585     1585        7         0
                text1                              15B3     15B3        9         0
                maintext                           158C     158C        7         0
                clrtext                            15FB     15FB        C         0
                inittext                           1607     1607        C         0
                idataBANK2                          885      885       28         0
                idataBANK1                         1568     1568        1         0
                idataCOMMON                           2        2        2         0

        CLASS   STRCODE        
                stringtext                         1000     1000       4A         0

        CLASS   STRING         

        CLASS   CONST          
                swtext2                            104A     104A       1A         0
                swtext1                            1064     1064        A         0

        CLASS   ENTRY          

        CLASS   COMMON         
                cstackCOMMON                         70       70        6         1
                dataCOMMON                           78       78        2         1
                bssCOMMON                            76       76        2         1

        CLASS   BANK0          
                cstackBANK0                          20       20       4D         1
                bssBANK0                             6D       6D        1         1

        CLASS   BANK1          
                cstackBANK1                          CB       CB       24         1
                dataBANK1                            EF       EF        1         1
                bssBANK1                             A0       A0       2B         1

        CLASS   BANK2          
                cstackBANK2                         166      166        6         1
                dataBANK2                           120      120       28         1
                bssBANK2                            148      148       1E         1

        CLASS   BANK3          
                bssBANK3                            1A0      1A0       1E         1

        CLASS   BANK4          
                bssBANK4                            220      220       50         1

        CLASS   BANK5          
                bssBANK5                            2A0      2A0       50         1

        CLASS   BANK6          
                bssBANK6                            320      320       50         1

        CLASS   BANK7          
                bssBANK7                            3A0      3A0       50         1

        CLASS   BANK8          

        CLASS   BANK9          

        CLASS   BANK10         

        CLASS   BANK11         

        CLASS   BANK12         

        CLASS   BIGRAM         

        CLASS   RAM            

        CLASS   ABS1           
                abs_s1                               7E       7E        2         1
                abs_s1                              5CD      5CD       23         1
                abs_s1                              620      620       30         1
                abs_s1                             239D     239D        0         1

        CLASS   SFR0           

        CLASS   SFR1           

        CLASS   SFR2           

        CLASS   SFR3           

        CLASS   SFR4           

        CLASS   SFR5           

        CLASS   SFR6           

        CLASS   SFR7           

        CLASS   SFR8           

        CLASS   SFR9           

        CLASS   SFR10          

        CLASS   SFR11          

        CLASS   SFR12          

        CLASS   SFR13          

        CLASS   SFR14          

        CLASS   SFR15          

        CLASS   SFR16          

        CLASS   SFR17          

        CLASS   SFR18          

        CLASS   SFR19          

        CLASS   SFR20          

        CLASS   SFR21          

        CLASS   SFR22          

        CLASS   SFR23          

        CLASS   SFR24          

        CLASS   SFR25          

        CLASS   SFR26          

        CLASS   SFR27          

        CLASS   SFR28          

        CLASS   SFR29          

        CLASS   SFR30          

        CLASS   SFR31          

        CLASS   CONFIG         
                config                             8007     8007        2         0

        CLASS   IDLOC          

        CLASS   EEDATA         

        CLASS   BANK31         

        CLASS   BANK30         

        CLASS   BANK29         

        CLASS   BANK28         

        CLASS   BANK27         

        CLASS   BANK26         

        CLASS   BANK25         

        CLASS   BANK24         

        CLASS   BANK23         

        CLASS   BANK22         

        CLASS   BANK21         

        CLASS   BANK20         

        CLASS   BANK19         

        CLASS   BANK18         

        CLASS   BANK17         

        CLASS   BANK16         

        CLASS   BANK15         

        CLASS   BANK14         

        CLASS   BANK13         



SEGMENTS        Name                           Load    Length   Top    Selector   Space  Class     Delta

                reset_vec                      000000  000004  000004         0       0  CODE        2
                intentry                       000004  0007FE  000802         8       0  CODE        2
                cstackBANK0                    000020  00004E  00006E        20       1  BANK0       1
                cstackCOMMON                   000070  00000A  00007A        70       1  COMMON      1
                bssBANK1                       0000A0  000050  0000F0        A0       1  BANK1       1
                dataBANK2                      000120  00004C  00016C       120       1  BANK2       1
                bssBANK3                       0001A0  00001E  0001BE       1A0       1  BANK3       1
                bssBANK4                       000220  000050  000270       220       1  BANK4       1
                bssBANK5                       0002A0  000050  0002F0       2A0       1  BANK5       1
                bssBANK6                       000320  000050  000370       320       1  BANK6       1
                bssBANK7                       0003A0  000050  0003F0       3A0       1  BANK7       1
                text34                         000802  00001D  00081F      1004       0  CODE        2
                text69                         00081F  000021  000840      103E       0  CODE        2
                text64                         000840  000022  000862      1080       0  CODE        2
                text53                         000862  000023  000885      10C4       0  CODE        2
                idataBANK2                     000885  000028  0008AD      110A       0  CODE        2
                text9                          0008AD  000029  0008D6      115A       0  CODE        2
                text46                         0008D6  00002B  000901      11AC       0  CODE        2
                text51                         000901  00002D  00092E      1202       0  CODE        2
                text7                          00092E  000030  00095E      125C       0  CODE        2
                text23                         00095E  000031  00098F      12BC       0  CODE        2
                text16                         00098F  000033  0009C2      131E       0  CODE        2
                text52                         0009C2  000035  0009F7      1384       0  CODE        2
                text79                         0009F7  000037  000A2E      13EE       0  CODE        2
                text47                         000A2E  000038  000A66      145C       0  CODE        2
                text54                         000A66  000042  000AA8      14CC       0  CODE        2
                text4                          000AA8  00004B  000AF3      1550       0  CODE        2
                text14                         000AF3  00004E  000B41      15E6       0  CODE        2
                text22                         000B41  00004F  000B90      1682       0  CODE        2
                text44                         000B90  000058  000BE8      1720       0  CODE        2
                text50                         000BE8  000062  000C4A      17D0       0  CODE        2
                text24                         000C4A  000068  000CB2      1894       0  CODE        2
                text80                         000CB2  000070  000D22      1964       0  CODE        2
                text11                         000D22  00007B  000D9D      1A44       0  CODE        2
                text33                         000D9D  000090  000E2D      1B3A       0  CODE        2
                text15                         000E2D  000090  000EBD      1C5A       0  CODE        2
                text25                         000EBD  00009F  000F5C      1D7A       0  CODE        2
                text72                         000F5C  0000A4  001000      1EB8       0  CODE        2
                stringtext                     001000  00004A  00104A      2000       0  STRCODE     2
                swtext2                        00104A  000024  00106E      2094       0  CONST       2
                idataBANK1                     001568  000001  001569      2AD0       0  CODE        2
                text68                         001569  000002  00156B      2AD2       0  CODE        2
                text76                         00156B  000003  00156E      2AD6       0  CODE        2
                text75                         00156E  000003  001571      2ADC       0  CODE        2
                text67                         001571  000003  001574      2AE2       0  CODE        2
                text60                         001574  000003  001577      2AE8       0  CODE        2
                text62                         001577  000004  00157B      2AEE       0  CODE        2
                text36                         00157B  000005  001580      2AF6       0  CODE        2
                text35                         001580  000005  001585      2B00       0  CODE        2
                text2                          001585  000007  00158C      2B0A       0  CODE        2
                maintext                       00158C  000007  001593      2B18       0  CODE        2
                text58                         001593  000008  00159B      2B26       0  CODE        2
                text39                         00159B  000008  0015A3      2B36       0  CODE        2
                text38                         0015A3  000008  0015AB      2B46       0  CODE        2
                text37                         0015AB  000008  0015B3      2B56       0  CODE        2
                text1                          0015B3  000009  0015BC      2B66       0  CODE        2
                text77                         0015BC  00000A  0015C6      2B78       0  CODE        2
                text28                         0015C6  00000A  0015D0      2B8C       0  CODE        2
                text27                         0015D0  00000A  0015DA      2BA0       0  CODE        2
                text26                         0015DA  00000A  0015E4      2BB4       0  CODE        2
                text20                         0015E4  00000B  0015EF      2BC8       0  CODE        2
                text61                         0015EF  00000C  0015FB      2BDE       0  CODE        2
                clrtext                        0015FB  00000C  001607      2BF6       0  CODE        2
                inittext                       001607  00000C  001613      2C0E       0  CODE        2
                text57                         001613  00000D  001620      2C26       0  CODE        2
                text66                         001620  000010  001630      2C40       0  CODE        2
                text63                         001630  000010  001640      2C60       0  CODE        2
                text55                         001640  000010  001650      2C80       0  CODE        2
                text32                         001650  000010  001660      2CA0       0  CODE        2
                text31                         001660  000010  001670      2CC0       0  CODE        2
                text45                         001670  000011  001681      2CE0       0  CODE        2
                text42                         001681  000011  001692      2D02       0  CODE        2
                text12                         001692  000011  0016A3      2D24       0  CODE        2
                text73                         0016A3  000012  0016B5      2D46       0  CODE        2
                text65                         0016B5  000013  0016C8      2D6A       0  CODE        2
                text29                         0016C8  000014  0016DC      2D90       0  CODE        2
                text74                         0016DC  000015  0016F1      2DB8       0  CODE        2
                text70                         0016F1  000015  001706      2DE2       0  CODE        2
                text17                         001706  000015  00171B      2E0C       0  CODE        2
                text19                         00171B  000016  001731      2E36       0  CODE        2
                text41                         001731  000017  001748      2E62       0  CODE        2
                text10                         001748  000017  00175F      2E90       0  CODE        2
                text3                          00175F  000017  001776      2EBE       0  CODE        2
                text59                         001776  000019  00178F      2EEC       0  CODE        2
                text56                         00178F  000019  0017A8      2F1E       0  CODE        2
                text78                         0017A8  00001B  0017C3      2F50       0  CODE        2
                text6                          0017C3  00001C  0017DF      2F86       0  CODE        2
                text82                         0017DF  000021  001800      2FBE       0  CODE        2
                config                         008007  000002  008009     1000E       0  CONFIG      2


UNUSED ADDRESS RANGES

        Name                Unused          Largest block    Delta
        BANK0            0006E-0006F               2           1
        BANK10           00520-0056F              50           1
        BANK11           005A0-005CC              2D           1
        BANK2            0016C-0016F               4           1
        BANK3            001BE-001EF              32           1
        BANK8            00420-0046F              50           1
        BANK9            004A0-004EF              50           1
        BIGRAM           02000-023EF             3F0           1
        CODE             0106E-01567             4FA           2
                         01800-01FFF             800
        COMMON           0007A-0007D               4           1
        CONST            0106E-01567             100           2
                         01800-01FFF             100
        EEDATA           0F000-0F0FF             100           2
        ENTRY            0106E-01567             100           2
                         01800-01FFF             100
        IDLOC            08000-08003               4           2
        RAM              0006E-0006F               2           1
                         0016C-0016F               4
                         001BE-001EF              32
                         00420-0046F              50
                         004A0-004EF              50
                         00520-0056F              50
                         005A0-005CC              2D
        SFR0             00000-0001F              20           1
        SFR1             00080-0009F              20           1
        SFR10            00500-0051F              20           1
        SFR11            00580-0059F              20           1
        SFR12            00600-0061F              20           1
        SFR13            00680-006EF              70           1
        SFR14            00700-0076F              70           1
        SFR15            00780-007EF              70           1
        SFR16            00800-0086F              70           1
        SFR17            00880-008EF              70           1
        SFR18            00900-0096F              70           1
        SFR19            00980-009EF              70           1
        SFR2             00100-0011F              20           1
        SFR20            00A00-00A6F              70           1
        SFR21            00A80-00AEF              70           1
        SFR22            00B00-00B6F              70           1
        SFR23            00B80-00BEF              70           1
        SFR24            00C00-00C6F              70           1
        SFR25            00C80-00CEF              70           1
        SFR26            00D00-00D6F              70           1
        SFR27            00D80-00DEF              70           1
        SFR28            00E00-00E6F              70           1
        SFR29            00E80-00EEF              70           1
        SFR3             00180-0019F              20           1
        SFR30            00F00-00F6F              70           1
        SFR31            00F80-00FEF              70           1
        SFR4             00200-0021F              20           1
        SFR5             00280-0029F              20           1
        SFR6             00300-0031F              20           1
        SFR7             00380-0039F              20           1
        SFR8             00400-0041F              20           1
        SFR9             00480-0049F              20           1
        STACK            02280-0239C             11D           1
        STRCODE          0106E-01567             4FA           2
                         01800-01FFF             800
        STRING           0106E-01567             100           2
                         01800-01FFF             100

                                  Symbol Table

?_Adc_GetConvResult                    cstackCOMMON 00074
?_GetDieTemperature                    cstackBANK0  00023
?___lldiv                              cstackBANK0  00020
?___lmul                               cstackBANK0  00024
?___lwdiv                              cstackBANK0  00020
?___lwmod                              cstackBANK0  00020
?___wmul                               cstackBANK0  00020
Adc_ConfigAnCh@AnChSel                 cstackCOMMON 00074
Adc_GetConvResult@AdcResult            cstackBANK0  00021
Adc_InitAdcModule@AdcConfig            cstackCOMMON 00074
Adc_SelectChannel@SelCh                cstackCOMMON 00075
AppSm@AppState                         bssBANK1     000AA
AppSm@WpuSetCounter                    bssBANK1     000AB
App_MainTask@AdcConfig                 cstackBANK1  000CB
App_MainTask@AnalogChSel               cstackBANK1  000E3
App_MainTask@F4132                     bssBANK3     001A0
App_MainTask@F4152                     bssBANK3     001B2
App_MainTask@Options                   cstackBANK0  00063
App_MainTask@WpuCh                     cstackBANK1  000D1
ClearBuffer@Buffer                     cstackBANK0  00022
ClearBuffer@Index                      cstackBANK0  00023
ClearBuffer@Len                        cstackCOMMON 00074
ClearRxBuffer@Index                    cstackCOMMON 00075
ClearTxBuffer@Index                    cstackCOMMON 00075
GenerateEvt@Event                      cstackBANK0  00021
GenerateEvt@EventStatus                cstackBANK0  00020
GetDieTemperature@DieTempRes           cstackBANK0  00025
I2cSlv_I2cDrvHandle@I2cReceiveMsgState bssBANK1     000AC
I2cSlv_I2cDrvHandle@Index              cstackBANK0  00029
I2c_DataReceiveSm@AddressStored        bssBANK1     000AD
I2c_DataReceiveSm@ErrorCounter         bssBANK1     000AE
I2c_DataReceiveSm@I2cRxAddress         bssCOMMON    00076
I2c_DataReceiveSm@I2cRxFlag            bssBANK1     000AF
I2c_DataReceiveSm@I2cRxState           bssBANK1     000B0
I2c_DataReceiveSm@Index                cstackBANK0  0006B
I2c_DataReceiveSm@OpType               bssCOMMON    00077
I2c_DataReceiveSm@RxCounter            bssBANK1     000B1
I2c_DataReceiveSm@TxCounter            bssBANK1     000B2
I2c_InitI2cModule@I2cConfig            cstackBANK0  00022
I2c_SetI2cAddress@SlaveAddress         cstackCOMMON 00074
I2c_SetI2cAddressMask@SlaveAddressMask cstackCOMMON 00074
I2c_UpdateTxBuffer@DataBuffer          cstackBANK0  00022
I2c_UpdateTxBuffer@Index               cstackBANK0  00023
I2c_UpdateTxBuffer@Length              cstackCOMMON 00074
InitSchTimer@TmrBConfig                cstackBANK0  00046
InitializeTasks@ActiveTaskIndex        cstackBANK0  0006C
LcdDelay@Delay                         cstackCOMMON 00074
LcdDelay@SerCnt                        cstackBANK0  00020
Lcd_Backlight@Backlight                cstackCOMMON 00074
Lcd_InitLcdInterface@LcdInitState      bssBANK1     000B3
Lcd_InitLcdInterface@LcdNextState      bssBANK1     000B5
Lcd_WriteChar@CharToWrite              cstackBANK0  00024
Lcd_WriteCommand@CommandToWrite        cstackBANK0  00024
Lcd_WriteConstString@ConstString       cstackBANK0  00025
Lcd_WriteNibbleCmd@CommandToWrite      cstackBANK0  00024
Lcd_WriteString@VarString              cstackBANK0  00026
LedBlinkStateMachine@LedBlink          cstackCOMMON 00075
LedPulseStateMachine@Led               cstackBANK0  00027
LedPulseStateMachine@LedPulse          cstackBANK0  0002A
LedStateMachine@Led                    cstackBANK0  00030
LedStateMachine@LedBlink               cstackBANK0  0002C
LedStateMachine@LedOutSts              cstackBANK0  00031
LedStateMachine@LedPulse               cstackBANK0  0002D
LedStateMachine@LedSts                 cstackBANK0  0002B
Led_InitSeq@Counter                    bssBANK1     000B6
Led_InitSeq@DelayCounter               bssBANK1     000A0
Led_InitSeq@InitSeqState               bssBANK1     000B7
Led_InitSeq@LedInitSts                 dataCOMMON   00078
Led_SetLedBlinkTime@Led                cstackCOMMON 00074
Led_SetLedBlinkTime@OffTimeMs          cstackBANK0  00022
Led_SetLedBlinkTime@OnTimeMs           cstackBANK0  00020
Led_SetLedPulseTime@Led                cstackBANK0  00020
Led_SetLedPulseTime@PulseTimeMs        cstackCOMMON 00074
Led_SetLedStatus@Led                   cstackBANK0  00020
Led_SetLedStatus@LedSts                cstackCOMMON 00074
ManageProtocol@Index                   cstackBANK0  00061
ManageProtocol@LcdWriteBuffer          cstackBANK0  00039
Mcu_ConfigPullUps@WpuCh                cstackCOMMON 00074
Mcu_SetDieTempMode@DieTempMode         cstackCOMMON 00074
Mcu_SetDieTempSts@DieTempSts           cstackCOMMON 00074
Mcu_SetPullUpsSts@PuSts                cstackCOMMON 00074
Mcu_SetWdgPeriod@WdgPeriod             cstackCOMMON 00075
Mcu_SetWdgSts@WdgSts                   cstackCOMMON 00074
ReceiveEvt@Event                       cstackCOMMON 00075
ReceiveEvt@EventStatus                 cstackCOMMON 00074
ScheduleTasks@ActiveTaskIndex          cstackBANK0  0006C
SetLedBehavSts@LedBehav                cstackBANK0  00025
StdS_ManageStdServices@DieTemp         cstackBANK0  00036
StdS_ManageStdServices@DieTempStr      cstackBANK0  00032
StringCopy@DestStr                     cstackBANK0  00022
StringCopy@Index                       cstackCOMMON 00074
StringCopy@Len                         cstackBANK0  00023
StringCopy@SourceStr                   cstackBANK0  00020
TmrBInit@Postscaler                    cstackCOMMON 00075
TmrBInit@Prescaler                     cstackCOMMON 00074
TmrBInit@TmrNumb                       cstackBANK0  00021
Tmr_StartTmr@TmrNumb                   cstackCOMMON 00074
Tmr_TmrBConfig@TmrBConfig              cstackBANK0  00042
Tmr_TmrBConfig@TmrNumb                 cstackBANK0  00044
Tmr_TmrBIrqSet@TmrIrqSts               cstackCOMMON 00074
Tmr_TmrBIrqSet@TmrNumb                 cstackCOMMON 00075
Tmr_TmrBPrSet@Divisor                  cstackBANK0  0003E
Tmr_TmrBPrSet@IntFreqHz                cstackBANK0  00030
Tmr_TmrBPrSet@Postscaler               cstackBANK0  00033
Tmr_TmrBPrSet@Prescaler                cstackBANK0  00032
Tmr_TmrBPrSet@TmrBPrCfgSts             cstackBANK0  0003D
Tmr_TmrBPrSet@TmrNumb                  cstackBANK0  0003C
_ADCON0bits                            (abs)        0009D
_ADCON1bits                            (abs)        0009E
_ADRESH                                (abs)        0009C
_ADRESL                                (abs)        0009B
_ANSELA                                (abs)        0018C
_ANSELAbits                            (abs)        0018C
_ANSELB                                (abs)        0018D
_ANSELBbits                            (abs)        0018D
_ANSELC                                (abs)        0018E
_ANSELCbits                            (abs)        0018E
_Adc_ConfigAnCh                        text80       00CB2
_Adc_GetConvResult                     text63       01630
_Adc_GetConvSts                        text62       01577
_Adc_InitAdcModule                     text79       009F7
_Adc_SelectChannel                     text61       015EF
_Adc_StartConversion                   text60       01574
_AppSm                                 text46       008D6
_App_MainTask                          text15       00E2D
_BoardReset                            text67       01571
_CheckAckStatus                        text28       015C6
_CheckByteStatus                       text27       015D0
_CheckStopBitStatus                    text26       015DA
_ClearBuffer                           text78       017A8
_ClearRxBuffer                         text32       01650
_ClearTxBuffer                         text31       01660
_CmdBuffer                             bssBANK4     00220
_ControlLedDirect                      text65       016B5
_FVRCONbits                            (abs)        00117
_GenerateEvt                           text64       00840
_GetDieTemperature                     text59       01776
_I2cConfig                             bssBANK2     00152
_I2cNewPacketNotification              bssBANK1     000C0
_I2cNewTxNotification                  bssBANK1     000C2
_I2cPacket                             (abs)        0239D
_I2cReplyPacketReady                   bssBANK1     000C4
_I2cRxBuffer                           bssBANK7     003A0
_I2cSetAddress                         bssBANK1     000C6
_I2cSlaveAddress                       bssBANK1     000B8
_I2cSlv_I2cDrvHandle                   text33       00D9D
_I2cSlv_MainTask                       text17       01706
_I2cTxBuffer                           bssBANK6     00320
_I2cWriteRequest                       bssBANK1     000C8
_I2c_DataReceiveSm                     text18       000A7
_I2c_InitI2cModule                     text30       004F4
_I2c_SetConfig                         text29       016C8
_I2c_SetI2cAddress                     text36       0157B
_I2c_SetI2cAddressMask                 text35       01580
_I2c_UpdateTxBuffer                    text34       00802
_INTCONbits                            (abs)        0000B
_InitSchTimer                          text3        0175F
_InitializeTasks                       text14       00AF3
_InterruptCounter                      bssBANK1     000A2
_LATA                                  (abs)        0010C
_LATAbits                              (abs)        0010C
_LATB                                  (abs)        0010D
_LATBbits                              (abs)        0010D
_LATC                                  (abs)        0010E
_LATCbits                              (abs)        0010E
_LcdConfig                             bssBANK2     00148
_LcdDelay                              text74       016DC
_Lcd_Backlight                         text77       015BC
_Lcd_InitHwInterface                   text45       01670
_Lcd_InitLcdInterface                  text43       0043B
_Lcd_SetConfig                         text42       01681
_Lcd_WriteChar                         text71       00707
_Lcd_WriteCommand                      text72       00F5C
_Lcd_WriteConstString                  text41       01731
_Lcd_WriteNibbleCmd                    text44       00B90
_Lcd_WriteString                       text70       016F1
_Led1Blink                             bssBANK2     0015D
_Led1Pulse                             bssBANK1     000BA
_Led1Sts                               bssBANK1     000CA
_LedBehaviourSts                       dataCOMMON   00079
_LedBlinkStateMachine                  text25       00EBD
_LedPulseStateMachine                  text24       00C4A
_LedStateMachine                       text23       0095E
_Led_InitSeq                           text22       00B41
_Led_MainTask                          text16       0098F
_Led_SetLedBlinkTime                   text56       0178F
_Led_SetLedPulseTime                   text55       01640
_Led_SetLedStatus                      text66       01620
_LowPowerMode                          text57       01613
_MainInterrupt                         intentry     00004
_MainScheduler                         text12       01692
_MainSystemTimebaseFlag                dataBANK1    000EF
_ManageProtocol                        text48       002A3
_Mcu_ClearWdg                          text21       00800
_Mcu_ConfigPullUps                     text40       00661
_Mcu_DisableInterrupts                 text76       0156B
_Mcu_EnableInterrupts                  text75       0156E
_Mcu_InitIntOsc                        text2        01585
_Mcu_Reset                             text68       01569
_Mcu_SetDieTempMode                    text39       0159B
_Mcu_SetDieTempSts                     text38       015A3
_Mcu_SetPullUpsSts                     text37       015AB
_Mcu_SetWdgPeriod                      text20       015E4
_Mcu_SetWdgSts                         text58       01593
_OPTION_REGbits                        (abs)        00095
_OSCCONbits                            (abs)        00099
_OSCSTATbits                           (abs)        0009A
_PIE1bits                              (abs)        00091
_PIE3bits                              (abs)        00093
_PIR1bits                              (abs)        00011
_PIR3bits                              (abs)        00013
_PORTCbits                             (abs)        0000E
_PR2                                   (abs)        0001B
_PR4                                   (abs)        00416
_PR6                                   (abs)        0041D
_ReceiveEvt                            text69       0081F
_RepBuffer                             bssBANK5     002A0
_RepBufferLen                          bssBANK1     000B9
_SSP1ADD                               (abs)        00212
_SSP1BUF                               (abs)        00211
_SSP1CON1                              (abs)        00215
_SSP1CON1bits                          (abs)        00215
_SSP1CON2                              (abs)        00216
_SSP1CON3                              (abs)        00217
_SSP1MSK                               (abs)        00213
_SSP1STAT                              (abs)        00214
_ScheduleTasks                         text13       00377
_SendEnabPulse                         text73       016A3
_SetLedBehavSts                        text54       00A66
_StdS_ManageStdServices                text49       001AF
_StdS_SetI2cAddress                    text47       00A2E
_StringCopy                            text53       00862
_SystemInit                            text1        015B3
_SystemState                           bssBANK0     0006D
_T2CONbits                             (abs)        0001C
_T4CONbits                             (abs)        00417
_T6CONbits                             (abs)        0041E
_TRISAbits                             (abs)        0008C
_TRISBbits                             (abs)        0008D
_TRISCbits                             (abs)        0008E
_TaskNumber                            stringtext   0100A
_TaskTable                             dataBANK2    00120
_TmrBInit                              text11       00D22
_Tmr_StartTmr                          text10       01748
_Tmr_TmrBConfig                        text4        00AA8
_Tmr_TmrBIrqSet                        text9        008AD
_Tmr_TmrBPrSet                         text5        005AB
_WDTCONbits                            (abs)        00097
_WPUA                                  (abs)        0020C
_WPUAbits                              (abs)        0020C
_WPUB                                  (abs)        0020D
_WPUBbits                              (abs)        0020D
_WPUC                                  (abs)        0020E
_WPUCbits                              (abs)        0020E
_Wdg_MainTask                          text19       0171B
__CFG_BOREN$ON                         (abs)        00000
__CFG_BORV$LO                          (abs)        00000
__CFG_CLKOUTEN$OFF                     (abs)        00000
__CFG_CP$OFF                           (abs)        00000
__CFG_CPD$OFF                          (abs)        00000
__CFG_FCMEN$ON                         (abs)        00000
__CFG_FOSC$INTOSC                      (abs)        00000
__CFG_IESO$ON                          (abs)        00000
__CFG_LVP$OFF                          (abs)        00000
__CFG_MCLRE$ON                         (abs)        00000
__CFG_PLLEN$ON                         (abs)        00000
__CFG_PWRTE$OFF                        (abs)        00000
__CFG_STVREN$ON                        (abs)        00000
__CFG_WDTE$SWDTEN                      (abs)        00000
__CFG_WRT$OFF                          (abs)        00000
__Habs1                                abs1         00000
__Hbank0                               bank0        00000
__Hbank1                               bank1        00000
__Hbank10                              bank10       00000
__Hbank11                              bank11       00000
__Hbank12                              bank12       00000
__Hbank13                              bank13       00000
__Hbank14                              bank14       00000
__Hbank15                              bank15       00000
__Hbank16                              bank16       00000
__Hbank17                              bank17       00000
__Hbank18                              bank18       00000
__Hbank19                              bank19       00000
__Hbank2                               bank2        00000
__Hbank20                              bank20       00000
__Hbank21                              bank21       00000
__Hbank22                              bank22       00000
__Hbank23                              bank23       00000
__Hbank24                              bank24       00000
__Hbank25                              bank25       00000
__Hbank26                              bank26       00000
__Hbank27                              bank27       00000
__Hbank28                              bank28       00000
__Hbank29                              bank29       00000
__Hbank3                               bank3        00000
__Hbank30                              bank30       00000
__Hbank31                              bank31       00000
__Hbank4                               bank4        00000
__Hbank5                               bank5        00000
__Hbank6                               bank6        00000
__Hbank7                               bank7        00000
__Hbank8                               bank8        00000
__Hbank9                               bank9        00000
__Hbigram                              bigram       00000
__HbssBANK0                            bssBANK0     00000
__HbssBANK1                            bssBANK1     00000
__HbssBANK2                            bssBANK2     00000
__HbssBANK3                            bssBANK3     00000
__HbssBANK4                            bssBANK4     00000
__HbssBANK5                            bssBANK5     00000
__HbssBANK6                            bssBANK6     00000
__HbssBANK7                            bssBANK7     00000
__HbssCOMMON                           bssCOMMON    00000
__Hcinit                               cinit        000A7
__Hclrtext                             clrtext      00000
__Hcode                                code         00000
__Hcommon                              common       00000
__Hconfig                              config       08009
__HcstackBANK0                         cstackBANK0  00000
__HcstackBANK1                         cstackBANK1  00000
__HcstackBANK2                         cstackBANK2  00000
__HcstackCOMMON                        cstackCOMMON 00000
__HdataBANK1                           dataBANK1    00000
__HdataBANK2                           dataBANK2    00000
__HdataCOMMON                          dataCOMMON   00000
__Heeprom_data                         eeprom_data  00000
__Hend_init                            end_init     0002D
__Hfunctab                             functab      00000
__HidataBANK1                          idataBANK1   00000
__HidataBANK2                          idataBANK2   00000
__HidataCOMMON                         idataCOMMON  00000
__Hidloc                               idloc        00000
__Hinit                                init         0002B
__Hinittext                            inittext     00000
__Hintentry                            intentry     0002B
__Hmaintext                            maintext     00000
__Hpowerup                             powerup      00000
__Hram                                 ram          00000
__Hreset_vec                           reset_vec    00002
__Hsfr0                                sfr0         00000
__Hsfr1                                sfr1         00000
__Hsfr10                               sfr10        00000
__Hsfr11                               sfr11        00000
__Hsfr12                               sfr12        00000
__Hsfr13                               sfr13        00000
__Hsfr14                               sfr14        00000
__Hsfr15                               sfr15        00000
__Hsfr16                               sfr16        00000
__Hsfr17                               sfr17        00000
__Hsfr18                               sfr18        00000
__Hsfr19                               sfr19        00000
__Hsfr2                                sfr2         00000
__Hsfr20                               sfr20        00000
__Hsfr21                               sfr21        00000
__Hsfr22                               sfr22        00000
__Hsfr23                               sfr23        00000
__Hsfr24                               sfr24        00000
__Hsfr25                               sfr25        00000
__Hsfr26                               sfr26        00000
__Hsfr27                               sfr27        00000
__Hsfr28                               sfr28        00000
__Hsfr29                               sfr29        00000
__Hsfr3                                sfr3         00000
__Hsfr30                               sfr30        00000
__Hsfr31                               sfr31        00000
__Hsfr4                                sfr4         00000
__Hsfr5                                sfr5         00000
__Hsfr6                                sfr6         00000
__Hsfr7                                sfr7         00000
__Hsfr8                                sfr8         00000
__Hsfr9                                sfr9         00000
__Hspace_0                             (abs)        08009
__Hspace_1                             (abs)        003F0
__Hspace_2                             (abs)        00000
__Hspace_3                             (abs)        00000
__Hstack                               stack        00000
__Hstrings                             strings      00000
__Hstringtext                          stringtext   00000
__Htext                                text         00000
__Labs1                                abs1         00000
__Lbank0                               bank0        00000
__Lbank1                               bank1        00000
__Lbank10                              bank10       00000
__Lbank11                              bank11       00000
__Lbank12                              bank12       00000
__Lbank13                              bank13       00000
__Lbank14                              bank14       00000
__Lbank15                              bank15       00000
__Lbank16                              bank16       00000
__Lbank17                              bank17       00000
__Lbank18                              bank18       00000
__Lbank19                              bank19       00000
__Lbank2                               bank2        00000
__Lbank20                              bank20       00000
__Lbank21                              bank21       00000
__Lbank22                              bank22       00000
__Lbank23                              bank23       00000
__Lbank24                              bank24       00000
__Lbank25                              bank25       00000
__Lbank26                              bank26       00000
__Lbank27                              bank27       00000
__Lbank28                              bank28       00000
__Lbank29                              bank29       00000
__Lbank3                               bank3        00000
__Lbank30                              bank30       00000
__Lbank31                              bank31       00000
__Lbank4                               bank4        00000
__Lbank5                               bank5        00000
__Lbank6                               bank6        00000
__Lbank7                               bank7        00000
__Lbank8                               bank8        00000
__Lbank9                               bank9        00000
__Lbigram                              bigram       00000
__LbssBANK0                            bssBANK0     00000
__LbssBANK1                            bssBANK1     00000
__LbssBANK2                            bssBANK2     00000
__LbssBANK3                            bssBANK3     00000
__LbssBANK4                            bssBANK4     00000
__LbssBANK5                            bssBANK5     00000
__LbssBANK6                            bssBANK6     00000
__LbssBANK7                            bssBANK7     00000
__LbssCOMMON                           bssCOMMON    00000
__Lcinit                               cinit        0002D
__Lclrtext                             clrtext      00000
__Lcode                                code         00000
__Lcommon                              common       00000
__Lconfig                              config       08007
__LcstackBANK0                         cstackBANK0  00000
__LcstackBANK1                         cstackBANK1  00000
__LcstackBANK2                         cstackBANK2  00000
__LcstackCOMMON                        cstackCOMMON 00000
__LdataBANK1                           dataBANK1    00000
__LdataBANK2                           dataBANK2    00000
__LdataCOMMON                          dataCOMMON   00000
__Leeprom_data                         eeprom_data  00000
__Lend_init                            end_init     0002B
__Lfunctab                             functab      00000
__LidataBANK1                          idataBANK1   00000
__LidataBANK2                          idataBANK2   00000
__LidataCOMMON                         idataCOMMON  00000
__Lidloc                               idloc        00000
__Linit                                init         0002B
__Linittext                            inittext     00000
__Lintentry                            intentry     00004
__Lmaintext                            maintext     00000
__Lpowerup                             powerup      00000
__Lram                                 ram          00000
__Lreset_vec                           reset_vec    00000
__Lsfr0                                sfr0         00000
__Lsfr1                                sfr1         00000
__Lsfr10                               sfr10        00000
__Lsfr11                               sfr11        00000
__Lsfr12                               sfr12        00000
__Lsfr13                               sfr13        00000
__Lsfr14                               sfr14        00000
__Lsfr15                               sfr15        00000
__Lsfr16                               sfr16        00000
__Lsfr17                               sfr17        00000
__Lsfr18                               sfr18        00000
__Lsfr19                               sfr19        00000
__Lsfr2                                sfr2         00000
__Lsfr20                               sfr20        00000
__Lsfr21                               sfr21        00000
__Lsfr22                               sfr22        00000
__Lsfr23                               sfr23        00000
__Lsfr24                               sfr24        00000
__Lsfr25                               sfr25        00000
__Lsfr26                               sfr26        00000
__Lsfr27                               sfr27        00000
__Lsfr28                               sfr28        00000
__Lsfr29                               sfr29        00000
__Lsfr3                                sfr3         00000
__Lsfr30                               sfr30        00000
__Lsfr31                               sfr31        00000
__Lsfr4                                sfr4         00000
__Lsfr5                                sfr5         00000
__Lsfr6                                sfr6         00000
__Lsfr7                                sfr7         00000
__Lsfr8                                sfr8         00000
__Lsfr9                                sfr9         00000
__Lspace_0                             (abs)        00000
__Lspace_1                             (abs)        00000
__Lspace_2                             (abs)        00000
__Lspace_3                             (abs)        00000
__Lstack                               stack        00000
__Lstrings                             strings      00000
__Lstringtext                          stringtext   00000
__Ltext                                text         00000
__S0                                   (abs)        08009
__S1                                   (abs)        003F0
__S2                                   (abs)        00000
__S3                                   (abs)        00000
___int_sp                              stack        00000
___latbits                             (abs)        00002
___lldiv                               text8        007AD
___lldiv@counter                       cstackBANK0  0002C
___lldiv@dividend                      cstackBANK0  00024
___lldiv@divisor                       cstackBANK0  00020
___lldiv@quotient                      cstackBANK0  00028
___lmul                                text7        0092E
___lmul@multiplicand                   cstackBANK0  00028
___lmul@multiplier                     cstackBANK0  00024
___lmul@product                        cstackBANK0  0002C
___lwdiv                               text52       009C2
___lwdiv@counter                       cstackBANK0  00024
___lwdiv@dividend                      cstackBANK0  00022
___lwdiv@divisor                       cstackBANK0  00020
___lwdiv@quotient                      cstackBANK0  00025
___lwmod                               text51       00901
___lwmod@counter                       cstackCOMMON 00075
___lwmod@dividend                      cstackBANK0  00022
___lwmod@divisor                       cstackBANK0  00020
___sp                                  stack        00000
___wmul                                text6        017C3
___wmul@multiplicand                   cstackBANK0  00022
___wmul@multiplier                     cstackBANK0  00020
___wmul@product                        cstackCOMMON 00074
__end_of_Adc_ConfigAnCh                text80       00D22
__end_of_Adc_GetConvResult             text63       01640
__end_of_Adc_GetConvSts                text62       0157B
__end_of_Adc_InitAdcModule             text79       00A2E
__end_of_Adc_SelectChannel             text61       015FB
__end_of_Adc_StartConversion           text60       01577
__end_of_AppSm                         text46       00901
__end_of_App_MainTask                  text15       00EBD
__end_of_BoardReset                    text67       01574
__end_of_CheckAckStatus                text28       015D0
__end_of_CheckByteStatus               text27       015DA
__end_of_CheckStopBitStatus            text26       015E4
__end_of_ClearBuffer                   text78       017C3
__end_of_ClearRxBuffer                 text32       01660
__end_of_ClearTxBuffer                 text31       01670
__end_of_ControlLedDirect              text65       016C8
__end_of_GenerateEvt                   text64       00862
__end_of_GetDieTemperature             text59       0178F
__end_of_I2cSlv_I2cDrvHandle           text33       00E2D
__end_of_I2cSlv_MainTask               text17       0171B
__end_of_I2c_DataReceiveSm             text18       001AF
__end_of_I2c_InitI2cModule             text30       005AB
__end_of_I2c_SetConfig                 text29       016DC
__end_of_I2c_SetI2cAddress             text36       01580
__end_of_I2c_SetI2cAddressMask         text35       01585
__end_of_I2c_UpdateTxBuffer            text34       0081F
__end_of_InitSchTimer                  text3        01776
__end_of_InitializeTasks               text14       00B41
__end_of_LcdDelay                      text74       016F1
__end_of_Lcd_Backlight                 text77       015C6
__end_of_Lcd_InitHwInterface           text45       01681
__end_of_Lcd_InitLcdInterface          text43       004F4
__end_of_Lcd_SetConfig                 text42       01692
__end_of_Lcd_WriteChar                 text71       007AD
__end_of_Lcd_WriteCommand              text72       01000
__end_of_Lcd_WriteConstString          text41       01748
__end_of_Lcd_WriteNibbleCmd            text44       00BE8
__end_of_Lcd_WriteString               text70       01706
__end_of_LedBlinkStateMachine          text25       00F5C
__end_of_LedPulseStateMachine          text24       00CB2
__end_of_LedStateMachine               text23       0098F
__end_of_Led_InitSeq                   text22       00B90
__end_of_Led_MainTask                  text16       009C2
__end_of_Led_SetLedBlinkTime           text56       017A8
__end_of_Led_SetLedPulseTime           text55       01650
__end_of_Led_SetLedStatus              text66       01630
__end_of_LowPowerMode                  text57       01620
__end_of_MainInterrupt                 intentry     0002B
__end_of_MainScheduler                 text12       016A3
__end_of_ManageProtocol                text48       00377
__end_of_Mcu_ClearWdg                  text21       00802
__end_of_Mcu_ConfigPullUps             text40       00707
__end_of_Mcu_DisableInterrupts         text76       0156E
__end_of_Mcu_EnableInterrupts          text75       01571
__end_of_Mcu_InitIntOsc                text2        0158C
__end_of_Mcu_Reset                     text68       0156B
__end_of_Mcu_SetDieTempMode            text39       015A3
__end_of_Mcu_SetDieTempSts             text38       015AB
__end_of_Mcu_SetPullUpsSts             text37       015B3
__end_of_Mcu_SetWdgPeriod              text20       015EF
__end_of_Mcu_SetWdgSts                 text58       0159B
__end_of_ReceiveEvt                    text69       00840
__end_of_ScheduleTasks                 text13       0043B
__end_of_SendEnabPulse                 text73       016B5
__end_of_SetLedBehavSts                text54       00AA8
__end_of_StdS_ManageStdServices        text49       002A3
__end_of_StdS_SetI2cAddress            text47       00A66
__end_of_StringCopy                    text53       00885
__end_of_SystemInit                    text1        015BC
__end_of_TaskNumber                    stringtext   0100C
__end_of_TmrBInit                      text11       00D9D
__end_of_Tmr_StartTmr                  text10       0175F
__end_of_Tmr_TmrBConfig                text4        00AF3
__end_of_Tmr_TmrBIrqSet                text9        008D6
__end_of_Tmr_TmrBPrSet                 text5        00661
__end_of_Wdg_MainTask                  text19       01731
__end_of___lldiv                       text8        00800
__end_of___lmul                        text7        0095E
__end_of___lwdiv                       text52       009F7
__end_of___lwmod                       text51       0092E
__end_of___wmul                        text6        017DF
__end_of__initialization               cinit        000A3
__end_of_dpowers                       stringtext   0100A
__end_of_main                          maintext     01593
__end_of_utoa                          text50       00C4A
__end_ofi1_GenerateEvt                 text82       01800
__initialization                       cinit        0002D
__pbssBANK0                            bssBANK0     0006D
__pbssBANK1                            bssBANK1     000A0
__pbssBANK2                            bssBANK2     00148
__pbssBANK3                            bssBANK3     001A0
__pbssBANK4                            bssBANK4     00220
__pbssBANK5                            bssBANK5     002A0
__pbssBANK6                            bssBANK6     00320
__pbssBANK7                            bssBANK7     003A0
__pbssBIGRAM                           (abs)        0239D
__pbssCOMMON                           bssCOMMON    00076
__pcstackBANK0                         cstackBANK0  00020
__pcstackBANK1                         cstackBANK1  000CB
__pcstackBANK2                         cstackBANK2  00166
__pcstackCOMMON                        cstackCOMMON 00070
__pdataBANK1                           dataBANK1    000EF
__pdataBANK2                           dataBANK2    00120
__pdataCOMMON                          dataCOMMON   00078
__pidataBANK1                          idataBANK1   01568
__pidataBANK2                          idataBANK2   00885
__pidataCOMMON                         idataCOMMON  00002
__pintentry                            intentry     00004
__pmaintext                            maintext     0158C
__pstringtext                          stringtext   01000
__pswtext1                             swtext1      01064
__pswtext2                             swtext2      0104A
__ptext1                               text1        015B3
__ptext10                              text10       01748
__ptext11                              text11       00D22
__ptext12                              text12       01692
__ptext13                              text13       00377
__ptext14                              text14       00AF3
__ptext15                              text15       00E2D
__ptext16                              text16       0098F
__ptext17                              text17       01706
__ptext18                              text18       000A7
__ptext19                              text19       0171B
__ptext2                               text2        01585
__ptext20                              text20       015E4
__ptext21                              text21       00800
__ptext22                              text22       00B41
__ptext23                              text23       0095E
__ptext24                              text24       00C4A
__ptext25                              text25       00EBD
__ptext26                              text26       015DA
__ptext27                              text27       015D0
__ptext28                              text28       015C6
__ptext29                              text29       016C8
__ptext3                               text3        0175F
__ptext30                              text30       004F4
__ptext31                              text31       01660
__ptext32                              text32       01650
__ptext33                              text33       00D9D
__ptext34                              text34       00802
__ptext35                              text35       01580
__ptext36                              text36       0157B
__ptext37                              text37       015AB
__ptext38                              text38       015A3
__ptext39                              text39       0159B
__ptext4                               text4        00AA8
__ptext40                              text40       00661
__ptext41                              text41       01731
__ptext42                              text42       01681
__ptext43                              text43       0043B
__ptext44                              text44       00B90
__ptext45                              text45       01670
__ptext46                              text46       008D6
__ptext47                              text47       00A2E
__ptext48                              text48       002A3
__ptext49                              text49       001AF
__ptext5                               text5        005AB
__ptext50                              text50       00BE8
__ptext51                              text51       00901
__ptext52                              text52       009C2
__ptext53                              text53       00862
__ptext54                              text54       00A66
__ptext55                              text55       01640
__ptext56                              text56       0178F
__ptext57                              text57       01613
__ptext58                              text58       01593
__ptext59                              text59       01776
__ptext6                               text6        017C3
__ptext60                              text60       01574
__ptext61                              text61       015EF
__ptext62                              text62       01577
__ptext63                              text63       01630
__ptext64                              text64       00840
__ptext65                              text65       016B5
__ptext66                              text66       01620
__ptext67                              text67       01571
__ptext68                              text68       01569
__ptext69                              text69       0081F
__ptext7                               text7        0092E
__ptext70                              text70       016F1
__ptext71                              text71       00707
__ptext72                              text72       00F5C
__ptext73                              text73       016A3
__ptext74                              text74       016DC
__ptext75                              text75       0156E
__ptext76                              text76       0156B
__ptext77                              text77       015BC
__ptext78                              text78       017A8
__ptext79                              text79       009F7
__ptext8                               text8        007AD
__ptext80                              text80       00CB2
__ptext82                              text82       017DF
__ptext9                               text9        008AD
__size_of_Adc_ConfigAnCh               (abs)        00000
__size_of_Adc_GetConvResult            (abs)        00000
__size_of_Adc_GetConvSts               (abs)        00000
__size_of_Adc_InitAdcModule            (abs)        00000
__size_of_Adc_SelectChannel            (abs)        00000
__size_of_Adc_StartConversion          (abs)        00000
__size_of_AppSm                        (abs)        00000
__size_of_App_MainTask                 (abs)        00000
__size_of_BoardReset                   (abs)        00000
__size_of_CheckAckStatus               (abs)        00000
__size_of_CheckByteStatus              (abs)        00000
[...]
      Locals:         0       2       0       0       0       0       0       0       0       0       0       0       0       0
      Temps:          0       0       0       0       0       0       0       0       0       0       0       0       0       0
      Totals:         2       2       0       0       0       0       0       0       0       0       0       0       0       0
Total ram usage:        4 bytes
 Hardware stack levels used:    1
 Hardware stack levels required when called:    2
 This function calls:
		Nothing
 This function is called by:
		_SendEnabPulse
		_Lcd_InitLcdInterface
 This function uses a non-reentrant model


 *************** function _Mcu_EnableInterrupts *****************
 Defined at:
		line 97 in file "../../../Framework/MercuryFwk/Source/c/01_Hal/02_Drv/mcu_drv.c"
 Parameters:    Size  Location     Type
		None
 Auto vars:     Size  Location     Type
		None
 Return value:  Size  Location     Type
                  1    wreg      void 
 Registers used:
		None
 Tracked objects:
		On entry : 
		On exit  : 
		Unchanged: 
 Data sizes:     COMMON   BANK0   BANK1   BANK2   BANK3   BANK4   BANK5   BANK6   BANK7   BANK8   BANK9  BANK10  BANK11  BANK12
      Params:         0       0       0       0       0       0       0       0       0       0       0       0       0       0
      Locals:         0       0       0       0       0       0       0       0       0       0       0       0       0       0
      Temps:          0       0       0       0       0       0       0       0       0       0       0       0       0       0
      Totals:         0       0       0       0       0       0       0       0       0       0       0       0       0       0
Total ram usage:        0 bytes
 Hardware stack levels used:    1
 Hardware stack levels required when called:    2
 This function calls:
		Nothing
 This function is called by:
		_Lcd_WriteNibbleCmd
		_Lcd_WriteCommand
		_Lcd_WriteChar
		_SystemInit
 This function uses a non-reentrant model


 *************** function _Mcu_DisableInterrupts *****************
 Defined at:
		line 125 in file "../../../Framework/MercuryFwk/Source/c/01_Hal/02_Drv/mcu_drv.c"
 Parameters:    Size  Location     Type
		None
 Auto vars:     Size  Location     Type
		None
 Return value:  Size  Location     Type
                  1    wreg      void 
 Registers used:
		None
 Tracked objects:
		On entry : 
		On exit  : 
		Unchanged: 
 Data sizes:     COMMON   BANK0   BANK1   BANK2   BANK3   BANK4   BANK5   BANK6   BANK7   BANK8   BANK9  BANK10  BANK11  BANK12
      Params:         0       0       0       0       0       0       0       0       0       0       0       0       0       0
      Locals:         0       0       0       0       0       0       0       0       0       0       0       0       0       0
      Temps:          0       0       0       0       0       0       0       0       0       0       0       0       0       0
      Totals:         0       0       0       0       0       0       0       0       0       0       0       0       0       0
Total ram usage:        0 bytes
 Hardware stack levels used:    1
 Hardware stack levels required when called:    2
 This function calls:
		Nothing
 This function is called by:
		_Lcd_WriteNibbleCmd
		_Lcd_WriteCommand
		_Lcd_WriteChar
 This function uses a non-reentrant model


 *************** function _Lcd_Backlight *****************
 Defined at:
		line 459 in file "../../../Framework/MercuryFwk/Source/c/01_Hal/02_Drv/lcd_drv.c"
 Parameters:    Size  Location     Type
  Backlight       1    wreg     enum E3651
 Auto vars:     Size  Location     Type
  Backlight       1    4[COMMON] enum E3651
 Return value:  Size  Location     Type
                  1    wreg      void 
 Registers used:
		wreg, status,2, status,0
 Tracked objects:
		On entry : 
		On exit  : 
		Unchanged: 
 Data sizes:     COMMON   BANK0   BANK1   BANK2   BANK3   BANK4   BANK5   BANK6   BANK7   BANK8   BANK9  BANK10  BANK11  BANK12
      Params:         0       0       0       0       0       0       0       0       0       0       0       0       0       0
      Locals:         1       0       0       0       0       0       0       0       0       0       0       0       0       0
      Temps:          0       0       0       0       0       0       0       0       0       0       0       0       0       0
      Totals:         1       0       0       0       0       0       0       0       0       0       0       0       0       0
Total ram usage:        1 bytes
 Hardware stack levels used:    1
 Hardware stack levels required when called:    2
 This function calls:
		Nothing
 This function is called by:
		_ManageProtocol
		_App_MainTask
 This function uses a non-reentrant model


 *************** function _ClearBuffer *****************
 Defined at:
		line 124 in file "../../../Framework/MercuryFwk/Source/c/03_Sml/02_Ssl/sf.c"
 Parameters:    Size  Location     Type
  Buffer          1    wreg     PTR unsigned char 
		 -> ManageProtocol@LcdWriteBuffer(40), 
  Len             2    4[COMMON] unsigned short 
 Auto vars:     Size  Location     Type
  Buffer          1    2[BANK0 ] PTR unsigned char 
		 -> ManageProtocol@LcdWriteBuffer(40), 
  Index           1    3[BANK0 ] unsigned char 
 Return value:  Size  Location     Type
                  1    wreg      void 
 Registers used:
		wreg, fsr1l, fsr1h, status,2, status,0
 Tracked objects:
		On entry : 
		On exit  : 
		Unchanged: 
 Data sizes:     COMMON   BANK0   BANK1   BANK2   BANK3   BANK4   BANK5   BANK6   BANK7   BANK8   BANK9  BANK10  BANK11  BANK12
      Params:         2       0       0       0       0       0       0       0       0       0       0       0       0       0
      Locals:         0       2       0       0       0       0       0       0       0       0       0       0       0       0
      Temps:          0       2       0       0       0       0       0       0       0       0       0       0       0       0
      Totals:         2       4       0       0       0       0       0       0       0       0       0       0       0       0
Total ram usage:        6 bytes
 Hardware stack levels used:    1
 Hardware stack levels required when called:    2
 This function calls:
		Nothing
 This function is called by:
		_ManageProtocol
 This function uses a non-reentrant model


 *************** function _Adc_InitAdcModule *****************
 Defined at:
		line 107 in file "../../../Framework/MercuryFwk/Source/c/01_Hal/02_Drv/adc_drv.c"
 Parameters:    Size  Location     Type
  AdcConfig       1    wreg     PTR struct _AdcCfgType
		 -> App_MainTask@AdcConfig(6), 
 Auto vars:     Size  Location     Type
  AdcConfig       1    4[COMMON] PTR struct _AdcCfgType
		 -> App_MainTask@AdcConfig(6), 
 Return value:  Size  Location     Type
                  1    wreg      void 
 Registers used:
		wreg, fsr1l, fsr1h, status,2, status,0
 Tracked objects:
		On entry : 
		On exit  : 
		Unchanged: 
 Data sizes:     COMMON   BANK0   BANK1   BANK2   BANK3   BANK4   BANK5   BANK6   BANK7   BANK8   BANK9  BANK10  BANK11  BANK12
      Params:         0       0       0       0       0       0       0       0       0       0       0       0       0       0
      Locals:         1       0       0       0       0       0       0       0       0       0       0       0       0       0
      Temps:          0       0       0       0       0       0       0       0       0       0       0       0       0       0
      Totals:         1       0       0       0       0       0       0       0       0       0       0       0       0       0
Total ram usage:        1 bytes
 Hardware stack levels used:    1
 Hardware stack levels required when called:    2
 This function calls:
		Nothing
 This function is called by:
		_App_MainTask
 This function uses a non-reentrant model


 *************** function _Adc_ConfigAnCh *****************
 Defined at:
		line 73 in file "../../../Framework/MercuryFwk/Source/c/01_Hal/02_Drv/adc_drv.c"
 Parameters:    Size  Location     Type
  AnChSel         1    wreg     PTR struct _AnalogChSelT
		 -> App_MainTask@AnalogChSel(12), 
 Auto vars:     Size  Location     Type
  AnChSel         1    4[COMMON] PTR struct _AnalogChSelT
		 -> App_MainTask@AnalogChSel(12), 
 Return value:  Size  Location     Type
                  1    wreg      void 
 Registers used:
		wreg, fsr1l, fsr1h, status,2, status,0
 Tracked objects:
		On entry : 
		On exit  : 
		Unchanged: 
 Data sizes:     COMMON   BANK0   BANK1   BANK2   BANK3   BANK4   BANK5   BANK6   BANK7   BANK8   BANK9  BANK10  BANK11  BANK12
      Params:         0       0       0       0       0       0       0       0       0       0       0       0       0       0
      Locals:         1       0       0       0       0       0       0       0       0       0       0       0       0       0
      Temps:          0       0       0       0       0       0       0       0       0       0       0       0       0       0
      Totals:         1       0       0       0       0       0       0       0       0       0       0       0       0       0
Total ram usage:        1 bytes
 Hardware stack levels used:    1
 Hardware stack levels required when called:    2
 This function calls:
		Nothing
 This function is called by:
		_App_MainTask
 This function uses a non-reentrant model


 *************** function _MainInterrupt *****************
 Defined at:
		line 50 in file "../../../Framework/MercuryFwk/Source/c/02_Osl/interrupts.c"
 Parameters:    Size  Location     Type
		None
 Auto vars:     Size  Location     Type
		None
 Return value:  Size  Location     Type
                  1    wreg      void 
 Registers used:
		wreg, fsr1l, fsr1h, status,2, status,0, pclath, cstack
 Tracked objects:
		On entry : 
		On exit  : 
		Unchanged: 
 Data sizes:     COMMON   BANK0   BANK1   BANK2   BANK3   BANK4   BANK5   BANK6   BANK7   BANK8   BANK9  BANK10  BANK11  BANK12
      Params:         0       0       0       0       0       0       0       0       0       0       0       0       0       0
      Locals:         0       0       0       0       0       0       0       0       0       0       0       0       0       0
      Temps:          1       0       0       0       0       0       0       0       0       0       0       0       0       0
      Totals:         1       0       0       0       0       0       0       0       0       0       0       0       0       0
Total ram usage:        1 bytes
 Hardware stack levels used:    1
 Hardware stack levels required when called:    1
 This function calls:
		i1_GenerateEvt
 This function is called by:
		Interrupt level 1
 This function uses a non-reentrant model


 *************** function i1_GenerateEvt *****************
 Defined at:
		line 73 in file "../../../Framework/MercuryFwk/Source/c/02_Osl/os_ser.c"
 Parameters:    Size  Location     Type
  Event           1    wreg     PTR struct _EventStructu
		 -> I2cReplyPacketReady(2), I2cWriteRequest(2), I2cSetAddress(2), I2cNewTxNotification(2), 
		 -> I2cNewPacketNotification(2), 
 Auto vars:     Size  Location     Type
  Event           1    1[COMMON] PTR struct _EventStructu
		 -> I2cReplyPacketReady(2), I2cWriteRequest(2), I2cSetAddress(2), I2cNewTxNotification(2), 
		 -> I2cNewPacketNotification(2), 
  GenerateEvt     1    2[COMMON] enum E3629
 Return value:  Size  Location     Type
                  1    wreg      enum E3625
 Registers used:
		wreg, fsr1l, fsr1h, status,2, status,0
 Tracked objects:
		On entry : 
		On exit  : 
		Unchanged: 
 Data sizes:     COMMON   BANK0   BANK1   BANK2   BANK3   BANK4   BANK5   BANK6   BANK7   BANK8   BANK9  BANK10  BANK11  BANK12
      Params:         0       0       0       0       0       0       0       0       0       0       0       0       0       0
      Locals:         2       0       0       0       0       0       0       0       0       0       0       0       0       0
      Temps:          1       0       0       0       0       0       0       0       0       0       0       0       0       0
      Totals:         3       0       0       0       0       0       0       0       0       0       0       0       0       0
Total ram usage:        3 bytes
 Hardware stack levels used:    1
 This function calls:
		Nothing
 This function is called by:
		_MainInterrupt
 This function uses a non-reentrant model



MODULE INFORMATION

Module		Function		Class		Link	Load	Size
../Source/c/04_App/sys_init.c
		_SystemInit    		CODE           	15B3	0000	10
		_InitSchTimer  		CODE           	175F	0000	24

../Source/c/04_App/sys_init.c estimated size: 34

../../../Framework/MercuryFwk/Source/c/01_Hal/02_Drv/mcu_drv.c
		_Mcu_InitIntOsc		CODE           	1585	0000	8
		_Mcu_SetWdgPeriod		CODE           	15E4	0000	12
		_Mcu_SetWdgSts 		CODE           	1593	0000	9
		_Mcu_Reset     		CODE           	1569	0000	3
		_Mcu_SetDieTempMode		CODE           	159B	0000	9
		_Mcu_EnableInterrupts		CODE           	156E	0000	4
		_Mcu_SetDieTempSts		CODE           	15A3	0000	9
		_Mcu_SetPullUpsSts		CODE           	15AB	0000	9
		_Mcu_ClearWdg  		CODE           	0800	0000	3
		_Mcu_DisableInterrupts		CODE           	156B	0000	4
		_Mcu_ConfigPullUps		CODE           	0661	0000	167

../../../Framework/MercuryFwk/Source/c/01_Hal/02_Drv/mcu_drv.c estimated size: 237

C:\Program Files (x86)\Microchip\xc8\v1.38\sources\common\lwmod.c
		___lwmod       		CODE           	0901	0000	46

C:\Program Files (x86)\Microchip\xc8\v1.38\sources\common\lwmod.c estimated size: 46

../../../Framework/MercuryFwk/Source/c/02_Osl/interrupts.c
		_MainInterrupt 		CODE           	0004	0000	40

../../../Framework/MercuryFwk/Source/c/02_Osl/interrupts.c estimated size: 40

C:\Program Files (x86)\Microchip\xc8\v1.38\sources\common\Umul16.c
		___wmul        		CODE           	17C3	0000	29

C:\Program Files (x86)\Microchip\xc8\v1.38\sources\common\Umul16.c estimated size: 29

../Source/c/04_App/eb210_app.c
		_App_MainTask  		CODE           	0E2D	0000	145
		_ManageProtocol		CODE           	02A3	0000	213
		_AppSm         		CODE           	08D6	0000	44

../Source/c/04_App/eb210_app.c estimated size: 402

../../../Framework/MercuryFwk/Source/c/01_Hal/02_Drv/adc_drv.c
		_Adc_InitAdcModule		CODE           	09F7	0000	56
		_Adc_GetConvSts		CODE           	1577	0000	5
		_Adc_GetConvResult		CODE           	1630	0000	17
		_Adc_StartConversion		CODE           	1574	0000	4
		_Adc_SelectChannel		CODE           	15EF	0000	13
		_Adc_ConfigAnCh		CODE           	0CB2	0000	113

../../../Framework/MercuryFwk/Source/c/01_Hal/02_Drv/adc_drv.c estimated size: 208

../../../Framework/MercuryFwk/Source/c/03_Sml/02_Ssl/led.c
		_LedStateMachine		CODE           	095E	0000	50
		_Led_SetLedPulseTime		CODE           	1640	0000	17
		_Led_SetLedBlinkTime		CODE           	178F	0000	26
		_Led_InitSeq   		CODE           	0B41	0000	80
		_Led_MainTask  		CODE           	098F	0000	52
		_Led_SetLedStatus		CODE           	1620	0000	17

../../../Framework/MercuryFwk/Source/c/03_Sml/02_Ssl/led.c estimated size: 242

../../../Framework/MercuryFwk/Source/c/03_Sml/02_Ssl/sf.c
		_ClearBuffer   		CODE           	17A8	0000	28
		_StringCopy    		CODE           	0862	0000	36

../../../Framework/MercuryFwk/Source/c/03_Sml/02_Ssl/sf.c estimated size: 64

C:\Program Files (x86)\Microchip\xc8\v1.38\sources\common\lwdiv.c
		___lwdiv       		CODE           	09C2	0000	54

C:\Program Files (x86)\Microchip\xc8\v1.38\sources\common\lwdiv.c estimated size: 54

C:\Program Files (x86)\Microchip\xc8\v1.38\sources\common\Umul32.c
		___lmul        		CODE           	092E	0000	49

C:\Program Files (x86)\Microchip\xc8\v1.38\sources\common\Umul32.c estimated size: 49

../../../Framework/MercuryFwk/Source/c/01_Hal/02_Drv/lcd_drv.c
		_Lcd_WriteCommand		CODE           	0F5C	0000	165
		_Lcd_WriteChar 		CODE           	0707	0000	167
		_SendEnabPulse 		CODE           	16A3	0000	19
		_Lcd_WriteConstString		CODE           	1731	0000	24
		_Lcd_WriteNibbleCmd		CODE           	0B90	0000	89
		_Lcd_InitLcdInterface		CODE           	043B	0000	186
		_LcdDelay      		CODE           	16DC	0000	22
		_Lcd_SetConfig 		CODE           	1681	0000	18
		_Lcd_Backlight 		CODE           	15BC	0000	11
		_Lcd_WriteString		CODE           	16F1	0000	22
		_Lcd_InitHwInterface		CODE           	1670	0000	18

../../../Framework/MercuryFwk/Source/c/01_Hal/02_Drv/lcd_drv.c estimated size: 741

C:\Program Files (x86)\Microchip\xc8\v1.38\sources\common\lldiv.c
		___lldiv       		CODE           	07AD	0000	84

C:\Program Files (x86)\Microchip\xc8\v1.38\sources\common\lldiv.c estimated size: 84

C:\Program Files (x86)\Microchip\xc8\v1.38\sources\common\itoa.c
		_utoa          		CODE           	0BE8	0000	99

C:\Program Files (x86)\Microchip\xc8\v1.38\sources\common\itoa.c estimated size: 99

../../../Framework/MercuryFwk/Source/c/03_Sml/02_Ssl/wdg.c
		_Wdg_MainTask  		CODE           	171B	0000	23

../../../Framework/MercuryFwk/Source/c/03_Sml/02_Ssl/wdg.c estimated size: 23

../../../Framework/MercuryFwk/Source/c/02_Osl/os_ser.c
		_ReceiveEvt    		CODE           	081F	0000	34
		_GenerateEvt   		CODE           	0840	0000	35

../../../Framework/MercuryFwk/Source/c/02_Osl/os_ser.c estimated size: 69

shared
		_dpowers       		STRCODE        	0000	0000	0
		__initialization		CODE           	002D	0000	119
		i1_GenerateEvt 		CODE           	17DF	0000	34
		_TaskNumber    		STRCODE        	100A	0000	3

shared estimated size: 156

../../../Framework/MercuryFwk/Source/c/01_Hal/02_Drv/tmr_drv.c
		_Tmr_TmrBConfig		CODE           	0AA8	0000	76
		_Tmr_TmrBIrqSet		CODE           	08AD	0000	42
		_Tmr_StartTmr  		CODE           	1748	0000	24
		_TmrBInit      		CODE           	0D22	0000	124
		_Tmr_TmrBPrSet 		CODE           	05AB	0000	183

../../../Framework/MercuryFwk/Source/c/01_Hal/02_Drv/tmr_drv.c estimated size: 449

../../../Framework/MercuryFwk/Source/c/03_Sml/01_Pml/01_SlvI2c/i2c_slv.c
		_I2c_SetConfig 		CODE           	16C8	0000	21
		_I2cSlv_MainTask		CODE           	1706	0000	22
		_I2cSlv_I2cDrvHandle		CODE           	0D9D	0000	145

../../../Framework/MercuryFwk/Source/c/03_Sml/01_Pml/01_SlvI2c/i2c_slv.c estimated size: 188

../../../Framework/MercuryFwk/Source/c/00_Main/main.c
		_main          		CODE           	158C	0000	8

../../../Framework/MercuryFwk/Source/c/00_Main/main.c estimated size: 8

../../../Framework/MercuryFwk/Source/c/02_Osl/os_sched.c
		_InitializeTasks		CODE           	0AF3	0000	79
		_ScheduleTasks 		CODE           	0377	0000	197
		_MainScheduler 		CODE           	1692	0000	18

../../../Framework/MercuryFwk/Source/c/02_Osl/os_sched.c estimated size: 294

../../../Framework/MercuryFwk/Source/c/01_Hal/02_Drv/i2c_slv_drv.c
		_CheckAckStatus		CODE           	15C6	0000	11
		_I2c_InitI2cModule		CODE           	04F4	0000	184
		_ClearRxBuffer 		CODE           	1650	0000	17
		_I2c_DataReceiveSm		CODE           	00A7	0000	265
		_CheckStopBitStatus		CODE           	15DA	0000	11
		_I2c_SetI2cAddress		CODE           	157B	0000	6
		_I2c_SetI2cAddressMask		CODE           	1580	0000	6
		_CheckByteStatus		CODE           	15D0	0000	11
		_I2c_UpdateTxBuffer		CODE           	0802	0000	30
		_ClearTxBuffer 		CODE           	1660	0000	17

../../../Framework/MercuryFwk/Source/c/01_Hal/02_Drv/i2c_slv_drv.c estimated size: 558

../../../Framework/MercuryFwk/Source/c/01_Hal/02_Drv/led_drv.c
		_LedBlinkStateMachine		CODE           	0EBD	0000	160
		_LedPulseStateMachine		CODE           	0C4A	0000	105

../../../Framework/MercuryFwk/Source/c/01_Hal/02_Drv/led_drv.c estimated size: 265

../../../Framework/MercuryFwk/Source/c/03_Sml/02_Ssl/std_ser.c
		_BoardReset    		CODE           	1571	0000	4
		_StdS_SetI2cAddress		CODE           	0A2E	0000	57
		_SetLedBehavSts		CODE           	0A66	0000	67
		_ControlLedDirect		CODE           	16B5	0000	20
		_StdS_ManageStdServices		CODE           	01AF	0000	245
		_GetDieTemperature		CODE           	1776	0000	26
		_LowPowerMode  		CODE           	1613	0000	14

../../../Framework/MercuryFwk/Source/c/03_Sml/02_Ssl/std_ser.c estimated size: 433

