Microchip MPLAB XC8 Compiler V1.45 ()

Linker command line:

--edf=C:\Program Files (x86)\Microchip\xc8\v1.45\dat\en_msgs.txt -cs \
  -h+dist/default/production\EB210_ExpLcd.X.production.sym \
  --cmf=dist/default/production\EB210_ExpLcd.X.production.cmf -z -Q16F1829 \
  -oC:\Users\franc\AppData\Local\Temp\s2r4.2 \
  -Mdist/default/production/EB210_ExpLcd.X.production.map -E1 -ver=XC8 \
  -ASTACK=02280h-0239ch -pstack=STACK -ACODE=00h-07FFhx4 \
  -ASTRCODE=00h-01FFFh -ASTRING=00h-0FFhx32 -ACONST=00h-0FFhx32 \
  -AENTRY=00h-0FFhx32 -ACOMMON=070h-07Fh -ABANK0=020h-06Fh \
  -ABANK1=0A0h-0EFh -ABANK2=0120h-016Fh -ABANK3=01A0h-01EFh \
  -ABANK4=0220h-026Fh -ABANK5=02A0h-02EFh -ABANK6=0320h-036Fh \
  -ABANK7=03A0h-03EFh -ABANK8=0420h-046Fh -ABANK9=04A0h-04EFh \
  -ABANK10=0520h-056Fh -ABANK11=05A0h-05EFh -ABANK12=0620h-064Fh \
  -ABIGRAM=02000h-023EFh \
  -ARAM=020h-06Fh,0A0h-0EFh,0120h-016Fh,01A0h-01EFh,0220h-026Fh,02A0h-02EFh,0320h-036Fh,03A0h-03EFh,0420h-046Fh,04A0h-04EFh,0520h-056Fh,05A0h-05EFh,0620h-064Fh \
  -AABS1=020h-07Fh,0A0h-0EFh,0120h-016Fh,01A0h-01EFh,0220h-026Fh,02A0h-02EFh,0320h-036Fh,03A0h-03EFh,0420h-046Fh,04A0h-04EFh,0520h-056Fh,05A0h-05EFh,0620h-064Fh \
  -ASFR0=00h-01Fh -ASFR1=080h-09Fh -ASFR2=0100h-011Fh -ASFR3=0180h-019Fh \
  -ASFR4=0200h-021Fh -ASFR5=0280h-029Fh -ASFR6=0300h-031Fh \
  -ASFR7=0380h-039Fh -ASFR8=0400h-041Fh -ASFR9=0480h-049Fh \
  -ASFR10=0500h-051Fh -ASFR11=0580h-059Fh -ASFR12=0600h-061Fh \
  -ASFR13=0680h-06EFh -ASFR14=0700h-076Fh -ASFR15=0780h-07EFh \
  -ASFR16=0800h-086Fh -ASFR17=0880h-08EFh -ASFR18=0900h-096Fh \
  -ASFR19=0980h-09EFh -ASFR20=0A00h-0A6Fh -ASFR21=0A80h-0AEFh \
  -ASFR22=0B00h-0B6Fh -ASFR23=0B80h-0BEFh -ASFR24=0C00h-0C6Fh \
  -ASFR25=0C80h-0CEFh -ASFR26=0D00h-0D6Fh -ASFR27=0D80h-0DEFh \
  -ASFR28=0E00h-0E6Fh -ASFR29=0E80h-0EEFh -ASFR30=0F00h-0F6Fh \
  -ASFR31=0F80h-0FEFh -preset_vec=00h,intentry=04h,init,end_init \
  -ppowerup=CODE -pcinit=CODE -pfunctab=ENTRY -ACONFIG=08007h-08008h \
  -pconfig=CONFIG -DCONFIG=2 -AIDLOC=08000h-08003h -pidloc=IDLOC -DIDLOC=2 \
  -AEEDATA=00h-0FFh/0F000h -peeprom_data=EEDATA -DEEDATA=2 -DCODE=2 \
  -DSTRCODE=2 -DSTRING=2 -DCONST=2 -DENTRY=2 -k \
  C:\Users\franc\AppData\Local\Temp\s2r4.obj \
  dist/default/production\EB210_ExpLcd.X.production.obj 

Object code version is 3.11

Machine type is 16F1829



                Name                               Link     Load   Length Selector   Space Scale
C:\Users\franc\AppData\Local\Temp\s2r4.obj
                end_init                             2E       2E        2        8       0
                reset_vec                             0        0        2        0       0
                config                             8007     8007        2    1000E       0
dist/default/production\EB210_ExpLcd.X.production.obj
                cinit                                30       30       70        8       0
                intentry                              4        4       2A        8       0
                text82                             1761     1761       27     2EC2       0
                text80                              D07      D07       89     1A0E       0
                text79                              99B      99B       42     1336       0
                text78                             16EB     16EB       1B     2DD6       0
                text77                             150A     150A        B     2A14       0
                text76                             14B3     14B3        3     2966       0
                text75                             14B6     14B6        3     296C       0
                text74                             15F0     15F0       15     2BE0       0
                text73                             15DC     15DC       14     2BB8       0
                text72                              F5C      F5C       A4     1EB8       0
                text71                              749      749       A6        8       0
                text70                             1605     1605       15     2C0A       0
                text69                              812      812       2C     1024       0
                text68                             14B1     14B1        2     2962       0
                text67                             14B9     14B9        3     2972       0
                text66                             1578     1578       10     2AF0       0
                text65                             162F     162F       16     2C5E       0
                text64                             1788     1788       28     2F10       0
                text63                             1588     1588       10     2B10       0
                text62                             14BF     14BF        4     297E       0
                text61                             1569     1569        F     2AD2       0
                text60                             14BC     14BC        3     2978       0
                text59                             16B8     16B8       19     2D70       0
                text58                             14DD     14DD        9     29BA       0
                text57                             154E     154E        D     2A9C       0
                text56                             16D1     16D1       1A     2DA2       0
                text55                              800      800       12     1000       0
                text54                              9DD      9DD       43     13BA       0
                text53                             173F     173F       22     2E7E       0
                text52                              92E      92E       35     125C       0
                text51                              83E      83E       2D     107C       0
                text50                              BB5      BB5       62     176A       0
                text49                               A0       A0      10C        8       0
                text48                              2B7      2B7       DB        8       0
                text47                              963      963       38     12C6       0
                text46                              86B      86B       2F     10D6       0
                text45                             1598     1598       11     2B30       0
                text44                              B5D      B5D       58     16BA       0
                swtext2                            1000     1000       1A     2000       0
                text43                              521      521       BB        8       0
                text42                             15A9     15A9       11     2B52       0
                text41                             165B     165B       17     2CB6       0
                text40                              392      392       CB        8       0
                text39                             14E6     14E6        9     29CC       0
                text38                             14EF     14EF        9     29DE       0
                text37                             14F8     14F8        9     29F0       0
                text36                             14C3     14C3        6     2986       0
                text35                             14C9     14C9        6     2992       0
                text34                             1722     1722       1D     2E44       0
                text33                              EBD      EBD       9F     1D7A       0
                text32                             15BA     15BA       11     2B74       0
                text31                             15CB     15CB       11     2B96       0
                text30                              5DC      5DC       B7        8       0
                text29                             1672     1672       17     2CE4       0
                text28                             1515     1515        B     2A2A       0
                text27                             1520     1520        B     2A40       0
                text26                             152B     152B        B     2A56       0
                text25                              E20      E20       9D     1C40       0
                text24                              C17      C17       73     182E       0
                text23                              8CA      8CA       31     1194       0
                text22                              AB9      AB9       51     1572       0
                text21                                2        2        2        0       0
                text20                             155B     155B        E     2AB6       0
                text19                             1645     1645       16     2C8A       0
                swtext1                            101A     101A        A     2000       0
                text18                              1AC      1AC      10B        8       0
                text17                             161A     161A       15     2C34       0
                text16                              8FB      8FB       33     11F6       0
                text15                              D90      D90       90     1B20       0
                text14                              A6B      A6B       4E     14D6       0
                text13                              45D      45D       C4        8       0
                text12                              7EF      7EF       11        8       0
                text11                              C8A      C8A       7D     1914       0
                text10                             16A0     16A0       18     2D40       0
                text9                              17B0     17B0       28     2F60       0
                text8                               B0A      B0A       53     1614       0
                text7                               89A      89A       30     1134       0
                text6                              1706     1706       1C     2E0C       0
                text5                               693      693       B6        8       0
                text4                               A20      A20       4B     1440       0
                text3                              1689     1689       17     2D12       0
                text2                              14CF     14CF        7     299E       0
                text1                              1501     1501        9     2A02       0
                maintext                           14D6     14D6        7     29AC       0
                cstackBANK0                          20       20       4E       20       1
                cstackCOMMON                         70       70        6       70       1
                cstackBANK1                          A0       A0       2A       A0       1
                clrtext                            1536     1536        C     2A6C       0
                inittext                           1542     1542        C     2A84       0
                bssBANK7                            3A0      3A0       50      3A0       1
                bssBANK6                            320      320       50      320       1
                bssBANK5                            2A0      2A0       50      2A0       1
                bssBANK4                            220      220       50      220       1
                dataBANK3                           1A0      1A0       28      1A0       1
                bssBANK2                            120      120       4C      120       1
                dataBANK1                            E4       E4        1       A0       1
                bssBANK1                             CA       CA       1A       A0       1
                dataBANK0                            6F       6F        1       20       1
                bssBANK0                             6E       6E        1       20       1
                dataCOMMON                           79       79        1       70       1
                bssCOMMON                            76       76        3       70       1
                stringtext7                        1845     1845        5     3000       0
                stringtext6                        183F     183F        6     3000       0
                stringtext5                        1837     1837        8     3000       0
                stringtext4                        182E     182E        9     3000       0
                stringtext3                        1813     1813       11     3000       0
                stringtext2                        1800     1800       13     3000       0
                stringtext1                        1824     1824        A     3000       0
                idataBANK3                         17D8     17D8       28     2FB0       0
                idataBANK1                         14AE     14AE        1     295C       0
                idataBANK0                         14AF     14AF        1     295E       0
                idataCOMMON                        14B0     14B0        1     2960       0

TOTAL           Name                               Link     Load   Length     Space
        CLASS   STACK          

        CLASS   CODE           
                end_init                             2E       2E        2         0
                cinit                                30       30       70         0
                intentry                              4        4       2A         0
                reset_vec                             0        0        2         0
                text82                             1761     1761       27         0
                text80                              D07      D07       89         0
                text79                              99B      99B       42         0
                text78                             16EB     16EB       1B         0
                text77                             150A     150A        B         0
                text76                             14B3     14B3        3         0
                text75                             14B6     14B6        3         0
                text74                             15F0     15F0       15         0
                text73                             15DC     15DC       14         0
                text72                              F5C      F5C       A4         0
                text71                              749      749       A6         0
                text70                             1605     1605       15         0
                text69                              812      812       2C         0
                text68                             14B1     14B1        2         0
                text67                             14B9     14B9        3         0
                text66                             1578     1578       10         0
                text65                             162F     162F       16         0
                text64                             1788     1788       28         0
                text63                             1588     1588       10         0
                text62                             14BF     14BF        4         0
                text61                             1569     1569        F         0
                text60                             14BC     14BC        3         0
                text59                             16B8     16B8       19         0
                text58                             14DD     14DD        9         0
                text57                             154E     154E        D         0
                text56                             16D1     16D1       1A         0
                text55                              800      800       12         0
                text54                              9DD      9DD       43         0
                text53                             173F     173F       22         0
                text52                              92E      92E       35         0
                text51                              83E      83E       2D         0
                text50                              BB5      BB5       62         0
                text49                               A0       A0      10C         0
                text48                              2B7      2B7       DB         0
                text47                              963      963       38         0
                text46                              86B      86B       2F         0
                text45                             1598     1598       11         0
                text44                              B5D      B5D       58         0
                text43                              521      521       BB         0
                text42                             15A9     15A9       11         0
                text41                             165B     165B       17         0
                text40                              392      392       CB         0
                text39                             14E6     14E6        9         0
                text38                             14EF     14EF        9         0
                text37                             14F8     14F8        9         0
                text36                             14C3     14C3        6         0
                text35                             14C9     14C9        6         0
                text34                             1722     1722       1D         0
                text33                              EBD      EBD       9F         0
                text32                             15BA     15BA       11         0
                text31                             15CB     15CB       11         0
                text30                              5DC      5DC       B7         0
                text29                             1672     1672       17         0
                text28                             1515     1515        B         0
                text27                             1520     1520        B         0
                text26                             152B     152B        B         0
                text25                              E20      E20       9D         0
                text24                              C17      C17       73         0
                text23                              8CA      8CA       31         0
                text22                              AB9      AB9       51         0
                text21                                2        2        2         0
                text20                             155B     155B        E         0
                text19                             1645     1645       16         0
                text18                              1AC      1AC      10B         0
                text17                             161A     161A       15         0
                text16                              8FB      8FB       33         0
                text15                              D90      D90       90         0
                text14                              A6B      A6B       4E         0
                text13                              45D      45D       C4         0
                text12                              7EF      7EF       11         0
                text11                              C8A      C8A       7D         0
                text10                             16A0     16A0       18         0
                text9                              17B0     17B0       28         0
                text8                               B0A      B0A       53         0
                text7                               89A      89A       30         0
                text6                              1706     1706       1C         0
                text5                               693      693       B6         0
                text4                               A20      A20       4B         0
                text3                              1689     1689       17         0
                text2                              14CF     14CF        7         0
                text1                              1501     1501        9         0
                maintext                           14D6     14D6        7         0
                clrtext                            1536     1536        C         0
                inittext                           1542     1542        C         0
                idataBANK3                         17D8     17D8       28         0
                idataBANK1                         14AE     14AE        1         0
                idataBANK0                         14AF     14AF        1         0
                idataCOMMON                        14B0     14B0        1         0

        CLASS   STRCODE        
                stringtext7                        1845     1845        5         0
                stringtext6                        183F     183F        6         0
                stringtext5                        1837     1837        8         0
                stringtext4                        182E     182E        9         0
                stringtext3                        1813     1813       11         0
                stringtext2                        1800     1800       13         0
                stringtext1                        1824     1824        A         0

        CLASS   STRING         

        CLASS   CONST          
                swtext2                            1000     1000       1A         0
                swtext1                            101A     101A        A         0

        CLASS   ENTRY          

        CLASS   COMMON         
                cstackCOMMON                         70       70        6         1
                dataCOMMON                           79       79        1         1
                bssCOMMON                            76       76        3         1

        CLASS   BANK0          
                cstackBANK0                          20       20       4E         1
                dataBANK0                            6F       6F        1         1
                bssBANK0                             6E       6E        1         1

        CLASS   BANK1          
                cstackBANK1                          A0       A0       2A         1
                dataBANK1                            E4       E4        1         1
                bssBANK1                             CA       CA       1A         1

        CLASS   BANK2          
                bssBANK2                            120      120       4C         1

        CLASS   BANK3          
                dataBANK3                           1A0      1A0       28         1

        CLASS   BANK4          
                bssBANK4                            220      220       50         1

        CLASS   BANK5          
                bssBANK5                            2A0      2A0       50         1

        CLASS   BANK6          
                bssBANK6                            320      320       50         1

        CLASS   BANK7          
                bssBANK7                            3A0      3A0       50         1

        CLASS   BANK8          

        CLASS   BANK9          

        CLASS   BANK10         

        CLASS   BANK11         

        CLASS   BANK12         

        CLASS   BIGRAM         

        CLASS   RAM            

        CLASS   ABS1           
                abs_s1                               7E       7E        2         1
                abs_s1                              5CD      5CD       23         1
                abs_s1                              620      620       30         1
                abs_s1                             239D     239D        0         1

        CLASS   SFR0           

        CLASS   SFR1           

        CLASS   SFR2           

        CLASS   SFR3           

        CLASS   SFR4           

        CLASS   SFR5           

        CLASS   SFR6           

        CLASS   SFR7           

        CLASS   SFR8           

        CLASS   SFR9           

        CLASS   SFR10          

        CLASS   SFR11          

        CLASS   SFR12          

        CLASS   SFR13          

        CLASS   SFR14          

        CLASS   SFR15          

        CLASS   SFR16          

        CLASS   SFR17          

        CLASS   SFR18          

        CLASS   SFR19          

        CLASS   SFR20          

        CLASS   SFR21          

        CLASS   SFR22          

        CLASS   SFR23          

        CLASS   SFR24          

        CLASS   SFR25          

        CLASS   SFR26          

        CLASS   SFR27          

        CLASS   SFR28          

        CLASS   SFR29          

        CLASS   SFR30          

        CLASS   SFR31          

        CLASS   CONFIG         
                config                             8007     8007        2         0

        CLASS   IDLOC          

        CLASS   EEDATA         

        CLASS   BANK31         

        CLASS   BANK30         

        CLASS   BANK29         

        CLASS   BANK28         

        CLASS   BANK27         

        CLASS   BANK26         

        CLASS   BANK25         

        CLASS   BANK24         

        CLASS   BANK23         

        CLASS   BANK22         

        CLASS   BANK21         

        CLASS   BANK20         

        CLASS   BANK19         

        CLASS   BANK18         

        CLASS   BANK17         

        CLASS   BANK16         

        CLASS   BANK15         

        CLASS   BANK14         

        CLASS   BANK13         



SEGMENTS        Name                           Load    Length   Top    Selector   Space  Class     Delta

                reset_vec                      000000  000004  000004         0       0  CODE        2
                intentry                       000004  0007FC  000800         8       0  CODE        2
                cstackBANK0                    000020  000050  000070        20       1  BANK0       1
                cstackCOMMON                   000070  00000A  00007A        70       1  COMMON      1
                cstackBANK1                    0000A0  000045  0000E5        A0       1  BANK1       1
                bssBANK2                       000120  00004C  00016C       120       1  BANK2       1
                dataBANK3                      0001A0  000028  0001C8       1A0       1  BANK3       1
                bssBANK4                       000220  000050  000270       220       1  BANK4       1
                bssBANK5                       0002A0  000050  0002F0       2A0       1  BANK5       1
                bssBANK6                       000320  000050  000370       320       1  BANK6       1
                bssBANK7                       0003A0  000050  0003F0       3A0       1  BANK7       1
                text55                         000800  000012  000812      1000       0  CODE        2
                text69                         000812  00002C  00083E      1024       0  CODE        2
                text51                         00083E  00002D  00086B      107C       0  CODE        2
                text46                         00086B  00002F  00089A      10D6       0  CODE        2
                text7                          00089A  000030  0008CA      1134       0  CODE        2
                text23                         0008CA  000031  0008FB      1194       0  CODE        2
                text16                         0008FB  000033  00092E      11F6       0  CODE        2
                text52                         00092E  000035  000963      125C       0  CODE        2
                text47                         000963  000038  00099B      12C6       0  CODE        2
                text79                         00099B  000042  0009DD      1336       0  CODE        2
                text54                         0009DD  000043  000A20      13BA       0  CODE        2
                text4                          000A20  00004B  000A6B      1440       0  CODE        2
                text14                         000A6B  00004E  000AB9      14D6       0  CODE        2
                text22                         000AB9  000051  000B0A      1572       0  CODE        2
                text8                          000B0A  000053  000B5D      1614       0  CODE        2
                text44                         000B5D  000058  000BB5      16BA       0  CODE        2
                text50                         000BB5  000062  000C17      176A       0  CODE        2
                text24                         000C17  000073  000C8A      182E       0  CODE        2
                text11                         000C8A  00007D  000D07      1914       0  CODE        2
                text80                         000D07  000089  000D90      1A0E       0  CODE        2
                text15                         000D90  000090  000E20      1B20       0  CODE        2
                text25                         000E20  00009D  000EBD      1C40       0  CODE        2
                text33                         000EBD  00009F  000F5C      1D7A       0  CODE        2
                text72                         000F5C  0000A4  001000      1EB8       0  CODE        2
                swtext2                        001000  000024  001024      2000       0  CONST       2
                idataBANK1                     0014AE  000001  0014AF      295C       0  CODE        2
                idataBANK0                     0014AF  000001  0014B0      295E       0  CODE        2
                idataCOMMON                    0014B0  000001  0014B1      2960       0  CODE        2
                text68                         0014B1  000002  0014B3      2962       0  CODE        2
                text76                         0014B3  000003  0014B6      2966       0  CODE        2
                text75                         0014B6  000003  0014B9      296C       0  CODE        2
                text67                         0014B9  000003  0014BC      2972       0  CODE        2
                text60                         0014BC  000003  0014BF      2978       0  CODE        2
                text62                         0014BF  000004  0014C3      297E       0  CODE        2
                text36                         0014C3  000006  0014C9      2986       0  CODE        2
                text35                         0014C9  000006  0014CF      2992       0  CODE        2
                text2                          0014CF  000007  0014D6      299E       0  CODE        2
                maintext                       0014D6  000007  0014DD      29AC       0  CODE        2
                text58                         0014DD  000009  0014E6      29BA       0  CODE        2
                text39                         0014E6  000009  0014EF      29CC       0  CODE        2
                text38                         0014EF  000009  0014F8      29DE       0  CODE        2
                text37                         0014F8  000009  001501      29F0       0  CODE        2
                text1                          001501  000009  00150A      2A02       0  CODE        2
                text77                         00150A  00000B  001515      2A14       0  CODE        2
                text28                         001515  00000B  001520      2A2A       0  CODE        2
                text27                         001520  00000B  00152B      2A40       0  CODE        2
                text26                         00152B  00000B  001536      2A56       0  CODE        2
                clrtext                        001536  00000C  001542      2A6C       0  CODE        2
                inittext                       001542  00000C  00154E      2A84       0  CODE        2
                text57                         00154E  00000D  00155B      2A9C       0  CODE        2
                text20                         00155B  00000E  001569      2AB6       0  CODE        2
                text61                         001569  00000F  001578      2AD2       0  CODE        2
                text66                         001578  000010  001588      2AF0       0  CODE        2
                text63                         001588  000010  001598      2B10       0  CODE        2
                text45                         001598  000011  0015A9      2B30       0  CODE        2
                text42                         0015A9  000011  0015BA      2B52       0  CODE        2
                text32                         0015BA  000011  0015CB      2B74       0  CODE        2
                text31                         0015CB  000011  0015DC      2B96       0  CODE        2
                text73                         0015DC  000014  0015F0      2BB8       0  CODE        2
                text74                         0015F0  000015  001605      2BE0       0  CODE        2
                text70                         001605  000015  00161A      2C0A       0  CODE        2
                text17                         00161A  000015  00162F      2C34       0  CODE        2
                text65                         00162F  000016  001645      2C5E       0  CODE        2
                text19                         001645  000016  00165B      2C8A       0  CODE        2
                text41                         00165B  000017  001672      2CB6       0  CODE        2
                text29                         001672  000017  001689      2CE4       0  CODE        2
                text3                          001689  000017  0016A0      2D12       0  CODE        2
                text10                         0016A0  000018  0016B8      2D40       0  CODE        2
                text59                         0016B8  000019  0016D1      2D70       0  CODE        2
                text56                         0016D1  00001A  0016EB      2DA2       0  CODE        2
                text78                         0016EB  00001B  001706      2DD6       0  CODE        2
                text6                          001706  00001C  001722      2E0C       0  CODE        2
                text34                         001722  00001D  00173F      2E44       0  CODE        2
                text53                         00173F  000022  001761      2E7E       0  CODE        2
                text82                         001761  000027  001788      2EC2       0  CODE        2
                text64                         001788  000028  0017B0      2F10       0  CODE        2
                text9                          0017B0  000028  0017D8      2F60       0  CODE        2
                idataBANK3                     0017D8  000028  001800      2FB0       0  CODE        2
                stringtext2                    001800  00004A  00184A      3000       0  STRCODE     2
                config                         008007  000002  008009     1000E       0  CONFIG      2


UNUSED ADDRESS RANGES

        Name                Unused          Largest block    Delta
        BANK1            000E5-000EF               B           1
        BANK10           00520-0056F              50           1
        BANK11           005A0-005CC              2D           1
        BANK2            0016C-0016F               4           1
        BANK3            001C8-001EF              28           1
        BANK8            00420-0046F              50           1
        BANK9            004A0-004EF              50           1
        BIGRAM           02000-023EF             3F0           1
        CODE             01024-014AD             48A           2
                         0184A-01FFF             7B6
        COMMON           0007A-0007D               4           1
        CONST            01024-014AD             100           2
                         0184A-01FFF             100
        EEDATA           0F000-0F0FF             100           2
        ENTRY            01024-014AD             100           2
                         0184A-01FFF             100
        IDLOC            08000-08003               4           2
        RAM              000E5-000EF               B           1
                         0016C-0016F               4
                         001C8-001EF              28
                         00420-0046F              50
                         004A0-004EF              50
                         00520-0056F              50
                         005A0-005CC              2D
        SFR0             00000-0001F              20           1
        SFR1             00080-0009F              20           1
        SFR10            00500-0051F              20           1
        SFR11            00580-0059F              20           1
        SFR12            00600-0061F              20           1
        SFR13            00680-006EF              70           1
        SFR14            00700-0076F              70           1
        SFR15            00780-007EF              70           1
        SFR16            00800-0086F              70           1
        SFR17            00880-008EF              70           1
        SFR18            00900-0096F              70           1
        SFR19            00980-009EF              70           1
        SFR2             00100-0011F              20           1
        SFR20            00A00-00A6F              70           1
        SFR21            00A80-00AEF              70           1
        SFR22            00B00-00B6F              70           1
        SFR23            00B80-00BEF              70           1
        SFR24            00C00-00C6F              70           1
        SFR25            00C80-00CEF              70           1
        SFR26            00D00-00D6F              70           1
        SFR27            00D80-00DEF              70           1
        SFR28            00E00-00E6F              70           1
        SFR29            00E80-00EEF              70           1
        SFR3             00180-0019F              20           1
        SFR30            00F00-00F6F              70           1
        SFR31            00F80-00FEF              70           1
        SFR4             00200-0021F              20           1
        SFR5             00280-0029F              20           1
        SFR6             00300-0031F              20           1
        SFR7             00380-0039F              20           1
        SFR8             00400-0041F              20           1
        SFR9             00480-0049F              20           1
        STACK            02280-0239C             11D           1
        STRCODE          01024-014AD             48A           2
                         0184A-01FFF             7B6
        STRING           01024-014AD             100           2
                         0184A-01FFF             100

                                  Symbol Table

?_Adc_GetConvResult                    cstackBANK0  00020
?_GetDieTemperature                    cstackBANK0  00025
?___lldiv                              cstackBANK0  00020
?___lmul                               cstackBANK0  00026
?___lwdiv                              cstackBANK0  00020
?___lwmod                              cstackBANK0  00020
?___wmul                               cstackBANK0  00020
Adc_ConfigAnCh@AnChSel                 cstackBANK0  00020
Adc_GetConvResult@AdcResult            cstackBANK0  00023
Adc_InitAdcModule@AdcConfig            cstackBANK0  00020
Adc_SelectChannel@SelCh                cstackBANK0  00021
AppSm@AppState                         bssBANK1     000CD
AppSm@WpuSetCounter                    bssBANK1     000CC
App_MainTask@AdcConfig                 cstackBANK1  000A0
App_MainTask@AnalogChSel               cstackBANK1  000B8
App_MainTask@F4136                     bssBANK2     00120
App_MainTask@F4156                     bssBANK2     00132
App_MainTask@Options                   cstackBANK0  00064
App_MainTask@WpuCh                     cstackBANK1  000A6
ClearBuffer@Buffer                     cstackBANK0  00024
ClearBuffer@Index                      cstackBANK0  00025
ClearBuffer@Len                        cstackBANK0  00020
ClearRxBuffer@Index                    cstackBANK0  00021
ClearTxBuffer@Index                    cstackBANK0  00021
GenerateEvt@Event                      cstackBANK0  00020
GenerateEvt@EventStatus                cstackBANK0  00024
GetDieTemperature@DieTempRes           cstackBANK0  00027
I2cSlv_I2cDrvHandle@I2cReceiveMsgState bssBANK1     000D0
I2cSlv_I2cDrvHandle@Index              cstackBANK0  0002A
I2c_DataReceiveSm@AddressStored        bssBANK1     000D7
I2c_DataReceiveSm@ErrorCounter         bssBANK1     000D6
I2c_DataReceiveSm@I2cRxAddress         bssCOMMON    00078
I2c_DataReceiveSm@I2cRxFlag            bssBANK1     000D9
I2c_DataReceiveSm@I2cRxState           bssBANK1     000DA
I2c_DataReceiveSm@Index                cstackBANK0  0006C
I2c_DataReceiveSm@OpType               bssCOMMON    00077
I2c_DataReceiveSm@RxCounter            bssCOMMON    00076
I2c_DataReceiveSm@TxCounter            bssBANK1     000D8
I2c_InitI2cModule@I2cConfig            cstackBANK0  00024
I2c_SetI2cAddress@SlaveAddress         cstackBANK0  00020
I2c_SetI2cAddressMask@SlaveAddressMask cstackBANK0  00020
I2c_UpdateTxBuffer@DataBuffer          cstackBANK0  00023
I2c_UpdateTxBuffer@Index               cstackBANK0  00024
I2c_UpdateTxBuffer@Length              cstackBANK0  00020
InitSchTimer@TmrBConfig                cstackBANK0  00048
InitializeTasks@ActiveTaskIndex        cstackBANK0  0006D
LcdDelay@Delay                         cstackBANK0  00020
LcdDelay@SerCnt                        cstackBANK0  00022
Lcd_Backlight@Backlight                cstackBANK0  00020
Lcd_InitLcdInterface@LcdInitState      bssBANK1     000D5
Lcd_InitLcdInterface@LcdNextState      bssBANK1     000D4
Lcd_WriteChar@CharToWrite              cstackBANK0  00026
Lcd_WriteCommand@CommandToWrite        cstackBANK0  00026
Lcd_WriteConstString@ConstString       cstackBANK0  00027
Lcd_WriteNibbleCmd@CommandToWrite      cstackBANK0  00026
Lcd_WriteString@VarString              cstackBANK0  00028
LedBlinkStateMachine@LedBlink          cstackBANK0  0002A
LedPulseStateMachine@Led               cstackBANK0  00028
LedPulseStateMachine@LedPulse          cstackBANK0  0002B
LedStateMachine@Led                    cstackBANK0  00031
LedStateMachine@LedBlink               cstackBANK0  0002D
LedStateMachine@LedOutSts              cstackBANK0  00032
LedStateMachine@LedPulse               cstackBANK0  0002E
LedStateMachine@LedSts                 cstackBANK0  0002C
Led_InitSeq@Counter                    bssBANK1     000CF
Led_InitSeq@DelayCounter               bssBANK2     00148
Led_InitSeq@InitSeqState               bssBANK1     000CE
Led_InitSeq@LedInitSts                 dataCOMMON   00079
Led_SetLedBlinkTime@Led                cstackBANK0  00024
Led_SetLedBlinkTime@OffTimeMs          cstackBANK0  00022
Led_SetLedBlinkTime@OnTimeMs           cstackBANK0  00020
Led_SetLedPulseTime@Led                cstackBANK0  00022
Led_SetLedPulseTime@PulseTimeMs        cstackBANK0  00020
Led_SetLedStatus@Led                   cstackBANK0  00022
Led_SetLedStatus@LedSts                cstackBANK0  00020
ManageProtocol@Index                   cstackBANK0  00062
ManageProtocol@LcdWriteBuffer          cstackBANK0  0003A
Mcu_ConfigPullUps@WpuCh                cstackBANK0  00020
Mcu_SetDieTempMode@DieTempMode         cstackBANK0  00020
Mcu_SetDieTempSts@DieTempSts           cstackBANK0  00020
Mcu_SetPullUpsSts@PuSts                cstackBANK0  00020
Mcu_SetWdgPeriod@WdgPeriod             cstackBANK0  00021
Mcu_SetWdgSts@WdgSts                   cstackBANK0  00020
ReceiveEvt@Event                       cstackBANK0  00020
ReceiveEvt@EventStatus                 cstackBANK0  00024
ScheduleTasks@ActiveTaskIndex          cstackBANK0  0006D
SetLedBehavSts@LedBehav                cstackBANK0  00026
StdS_ManageStdServices@DieTemp         cstackBANK0  00037
StdS_ManageStdServices@DieTempStr      cstackBANK0  00033
StringCopy@DestStr                     cstackBANK0  00022
StringCopy@Index                       cstackBANK0  00028
StringCopy@Len                         cstackBANK0  00023
StringCopy@SourceStr                   cstackBANK0  00020
TmrBInit@Postscaler                    cstackBANK0  00021
TmrBInit@Prescaler                     cstackBANK0  00020
TmrBInit@TmrNumb                       cstackBANK0  00023
Tmr_StartTmr@TmrNumb                   cstackBANK0  00020
Tmr_TmrBConfig@TmrBConfig              cstackBANK0  00044
Tmr_TmrBConfig@TmrNumb                 cstackBANK0  00046
Tmr_TmrBIrqSet@TmrIrqSts               cstackBANK0  00020
Tmr_TmrBIrqSet@TmrNumb                 cstackBANK0  00021
Tmr_TmrBPrSet@Divisor                  cstackBANK0  00040
Tmr_TmrBPrSet@IntFreqHz                cstackBANK0  00032
Tmr_TmrBPrSet@Postscaler               cstackBANK0  00035
Tmr_TmrBPrSet@Prescaler                cstackBANK0  00034
Tmr_TmrBPrSet@TmrBPrCfgSts             cstackBANK0  0003F
Tmr_TmrBPrSet@TmrNumb                  cstackBANK0  0003E
_ADCON0bits                            (abs)        0009D
_ADCON1bits                            (abs)        0009E
_ADRESH                                (abs)        0009C
_ADRESL                                (abs)        0009B
_ANSELA                                (abs)        0018C
_ANSELAbits                            (abs)        0018C
_ANSELB                                (abs)        0018D
_ANSELBbits                            (abs)        0018D
_ANSELC                                (abs)        0018E
_ANSELCbits                            (abs)        0018E
_Adc_ConfigAnCh                        text80       00D07
_Adc_GetConvResult                     text63       01588
_Adc_GetConvSts                        text62       014BF
_Adc_InitAdcModule                     text79       0099B
_Adc_SelectChannel                     text61       01569
_Adc_StartConversion                   text60       014BC
_AppSm                                 text46       0086B
_App_MainTask                          text15       00D90
_BoardReset                            text67       014B9
_CheckAckStatus                        text28       01515
_CheckByteStatus                       text27       01520
_CheckStopBitStatus                    text26       0152B
_ClearBuffer                           text78       016EB
_ClearRxBuffer                         text32       015BA
_ClearTxBuffer                         text31       015CB
_CmdBuffer                             bssBANK4     00220
_ControlLedDirect                      text65       0162F
_FVRCONbits                            (abs)        00117
_GenerateEvt                           text64       01788
_GetDieTemperature                     text59       016B8
_I2cConfig                             bssBANK2     00150
_I2cNewPacketNotification              bssBANK1     000E1
_I2cNewTxNotification                  bssBANK1     000DF
_I2cPacket                             (abs)        0239D
_I2cReplyPacketReady                   bssBANK1     000DB
_I2cRxBuffer                           bssBANK7     003A0
_I2cSetAddress                         bssBANK1     000DD
_I2cSlaveAddress                       bssBANK1     000D1
_I2cSlv_I2cDrvHandle                   text33       00EBD
_I2cSlv_MainTask                       text17       0161A
_I2cTxBuffer                           bssBANK6     00320
_I2cWriteRequest                       bssBANK2     0016A
_I2c_DataReceiveSm                     text18       001AC
_I2c_InitI2cModule                     text30       005DC
_I2c_SetConfig                         text29       01672
_I2c_SetI2cAddress                     text36       014C3
_I2c_SetI2cAddressMask                 text35       014C9
_I2c_UpdateTxBuffer                    text34       01722
_INTCONbits                            (abs)        0000B
_InitSchTimer                          text3        01689
_InitializeTasks                       text14       00A6B
_InterruptCounter                      bssBANK1     000CA
_LATA                                  (abs)        0010C
_LATAbits                              (abs)        0010C
_LATB                                  (abs)        0010D
_LATBbits                              (abs)        0010D
_LATC                                  (abs)        0010E
_LATCbits                              (abs)        0010E
_LcdConfig                             bssBANK2     0013E
_LcdDelay                              text74       015F0
_Lcd_Backlight                         text77       0150A
_Lcd_InitHwInterface                   text45       01598
_Lcd_InitLcdInterface                  text43       00521
_Lcd_SetConfig                         text42       015A9
_Lcd_WriteChar                         text71       00749
_Lcd_WriteCommand                      text72       00F5C
_Lcd_WriteConstString                  text41       0165B
_Lcd_WriteNibbleCmd                    text44       00B5D
_Lcd_WriteString                       text70       01605
_Led1Blink                             bssBANK2     0015B
_Led1Pulse                             bssBANK2     00164
_Led1Sts                               bssBANK1     000E3
_LedBehaviourSts                       dataBANK0    0006F
_LedBlinkStateMachine                  text25       00E20
_LedPulseStateMachine                  text24       00C17
_LedStateMachine                       text23       008CA
_Led_InitSeq                           text22       00AB9
_Led_MainTask                          text16       008FB
_Led_SetLedBlinkTime                   text56       016D1
_Led_SetLedPulseTime                   text55       00800
_Led_SetLedStatus                      text66       01578
_LowPowerMode                          text57       0154E
_MainInterrupt                         intentry     00004
_MainScheduler                         text12       007EF
_MainSystemTimebaseFlag                dataBANK1    000E4
_ManageProtocol                        text48       002B7
_Mcu_ClearWdg                          text21       00002
_Mcu_ConfigPullUps                     text40       00392
_Mcu_DisableInterrupts                 text76       014B3
_Mcu_EnableInterrupts                  text75       014B6
_Mcu_InitIntOsc                        text2        014CF
_Mcu_Reset                             text68       014B1
_Mcu_SetDieTempMode                    text39       014E6
_Mcu_SetDieTempSts                     text38       014EF
_Mcu_SetPullUpsSts                     text37       014F8
_Mcu_SetWdgPeriod                      text20       0155B
_Mcu_SetWdgSts                         text58       014DD
_OPTION_REGbits                        (abs)        00095
_OSCCONbits                            (abs)        00099
_OSCSTATbits                           (abs)        0009A
_PIE1bits                              (abs)        00091
_PIE3bits                              (abs)        00093
_PIR1bits                              (abs)        00011
_PIR3bits                              (abs)        00013
_PORTCbits                             (abs)        0000E
_PR2                                   (abs)        0001B
_PR4                                   (abs)        00416
_PR6                                   (abs)        0041D
_ReceiveEvt                            text69       00812
_RepBuffer                             bssBANK5     002A0
_RepBufferLen                          bssBANK1     000D2
_SSP1ADD                               (abs)        00212
_SSP1BUF                               (abs)        00211
_SSP1CON1                              (abs)        00215
_SSP1CON1bits                          (abs)        00215
_SSP1CON2                              (abs)        00216
_SSP1CON3                              (abs)        00217
_SSP1MSK                               (abs)        00213
_SSP1STAT                              (abs)        00214
_ScheduleTasks                         text13       0045D
_SendEnabPulse                         text73       015DC
_SetLedBehavSts                        text54       009DD
_StdS_ManageStdServices                text49       000A0
_StdS_SetI2cAddress                    text47       00963
_StringCopy                            text53       0173F
_SystemInit                            text1        01501
_SystemState                           bssBANK0     0006E
_T2CONbits                             (abs)        0001C
_T4CONbits                             (abs)        00417
_T6CONbits                             (abs)        0041E
_TRISAbits                             (abs)        0008C
_TRISBbits                             (abs)        0008D
_TRISCbits                             (abs)        0008E
_TaskNumber                            stringtext2  01800
_TaskTable                             dataBANK3    001A0
_TmrBInit                              text11       00C8A
_Tmr_StartTmr                          text10       016A0
_Tmr_TmrBConfig                        text4        00A20
_Tmr_TmrBIrqSet                        text9        017B0
_Tmr_TmrBPrSet                         text5        00693
_WDTCONbits                            (abs)        00097
_WPUA                                  (abs)        0020C
_WPUAbits                              (abs)        0020C
_WPUB                                  (abs)        0020D
_WPUBbits                              (abs)        0020D
_WPUC                                  (abs)        0020E
_WPUCbits                              (abs)        0020E
_Wdg_MainTask                          text19       01645
__CFG_BOREN$ON                         (abs)        00000
__CFG_BORV$LO                          (abs)        00000
__CFG_CLKOUTEN$OFF                     (abs)        00000
__CFG_CP$OFF                           (abs)        00000
__CFG_CPD$OFF                          (abs)        00000
__CFG_FCMEN$ON                         (abs)        00000
__CFG_FOSC$INTOSC                      (abs)        00000
__CFG_IESO$ON                          (abs)        00000
__CFG_LVP$OFF                          (abs)        00000
__CFG_MCLRE$ON                         (abs)        00000
__CFG_PLLEN$ON                         (abs)        00000
__CFG_PWRTE$OFF                        (abs)        00000
__CFG_STVREN$ON                        (abs)        00000
__CFG_WDTE$SWDTEN                      (abs)        00000
__CFG_WRT$OFF                          (abs)        00000
__Habs1                                abs1         00000
__Hbank0                               bank0        00000
__Hbank1                               bank1        00000
__Hbank10                              bank10       00000
__Hbank11                              bank11       00000
__Hbank12                              bank12       00000
__Hbank13                              bank13       00000
__Hbank14                              bank14       00000
__Hbank15                              bank15       00000
__Hbank16                              bank16       00000
__Hbank17                              bank17       00000
__Hbank18                              bank18       00000
__Hbank19                              bank19       00000
__Hbank2                               bank2        00000
__Hbank20                              bank20       00000
__Hbank21                              bank21       00000
__Hbank22                              bank22       00000
__Hbank23                              bank23       00000
__Hbank24                              bank24       00000
__Hbank25                              bank25       00000
__Hbank26                              bank26       00000
__Hbank27                              bank27       00000
__Hbank28                              bank28       00000
__Hbank29                              bank29       00000
__Hbank3                               bank3        00000
__Hbank30                              bank30       00000
__Hbank31                              bank31       00000
__Hbank4                               bank4        00000
__Hbank5                               bank5        00000
__Hbank6                               bank6        00000
__Hbank7                               bank7        00000
__Hbank8                               bank8        00000
__Hbank9                               bank9        00000
__Hbigram                              bigram       00000
__HbssBANK0                            bssBANK0     00000
__HbssBANK1                            bssBANK1     00000
__HbssBANK2                            bssBANK2     00000
__HbssBANK4                            bssBANK4     00000
__HbssBANK5                            bssBANK5     00000
__HbssBANK6                            bssBANK6     00000
__HbssBANK7                            bssBANK7     00000
__HbssCOMMON                           bssCOMMON    00000
__Hcinit                               cinit        000A0
__Hclrtext                             clrtext      00000
__Hcode                                code         00000
__Hcommon                              common       00000
__Hconfig                              config       08009
__HcstackBANK0                         cstackBANK0  00000
__HcstackBANK1                         cstackBANK1  00000
__HcstackCOMMON                        cstackCOMMON 00000
__HdataBANK0                           dataBANK0    00000
__HdataBANK1                           dataBANK1    00000
__HdataBANK3                           dataBANK3    00000
__HdataCOMMON                          dataCOMMON   00000
__Heeprom_data                         eeprom_data  00000
__Hend_init                            end_init     00030
__Hfunctab                             functab      00000
__HidataBANK0                          idataBANK0   00000
__HidataBANK1                          idataBANK1   00000
__HidataBANK3                          idataBANK3   00000
__HidataCOMMON                         idataCOMMON  00000
__Hidloc                               idloc        00000
__Hinit                                init         0002E
__Hinittext                            inittext     00000
__Hintentry                            intentry     0002E
__Hmaintext                            maintext     00000
__Hpowerup                             powerup      00000
__Hram                                 ram          00000
__Hreset_vec                           reset_vec    00002
__Hsfr0                                sfr0         00000
__Hsfr1                                sfr1         00000
__Hsfr10                               sfr10        00000
__Hsfr11                               sfr11        00000
__Hsfr12                               sfr12        00000
__Hsfr13                               sfr13        00000
__Hsfr14                               sfr14        00000
__Hsfr15                               sfr15        00000
__Hsfr16                               sfr16        00000
__Hsfr17                               sfr17        00000
__Hsfr18                               sfr18        00000
__Hsfr19                               sfr19        00000
__Hsfr2                                sfr2         00000
__Hsfr20                               sfr20        00000
__Hsfr21                               sfr21        00000
__Hsfr22                               sfr22        00000
__Hsfr23                               sfr23        00000
__Hsfr24                               sfr24        00000
__Hsfr25                               sfr25        00000
__Hsfr26                               sfr26        00000
__Hsfr27                               sfr27        00000
__Hsfr28                               sfr28        00000
__Hsfr29                               sfr29        00000
__Hsfr3                                sfr3         00000
__Hsfr30                               sfr30        00000
__Hsfr31                               sfr31        00000
__Hsfr4                                sfr4         00000
__Hsfr5                                sfr5         00000
__Hsfr6                                sfr6         00000
__Hsfr7                                sfr7         00000
__Hsfr8                                sfr8         00000
__Hsfr9                                sfr9         00000
__Hspace_0                             (abs)        08009
__Hspace_1                             (abs)        003F0
__Hspace_2                             (abs)        00000
__Hspace_3                             (abs)        00000
__Hstack                               stack        00000
__Hstrings                             strings      00000
__Hstringtext1                         stringtext1  00000
__Hstringtext2                         stringtext2  00000
__Hstringtext3                         stringtext3  00000
__Hstringtext4                         stringtext4  00000
__Hstringtext5                         stringtext5  00000
__Hstringtext6                         stringtext6  00000
__Hstringtext7                         stringtext7  00000
__Hstringtext8                         stringtext8  00000
__Htext                                text         00000
__Labs1                                abs1         00000
__Lbank0                               bank0        00000
__Lbank1                               bank1        00000
__Lbank10                              bank10       00000
__Lbank11                              bank11       00000
__Lbank12                              bank12       00000
__Lbank13                              bank13       00000
__Lbank14                              bank14       00000
__Lbank15                              bank15       00000
__Lbank16                              bank16       00000
__Lbank17                              bank17       00000
__Lbank18                              bank18       00000
__Lbank19                              bank19       00000
__Lbank2                               bank2        00000
__Lbank20                              bank20       00000
__Lbank21                              bank21       00000
__Lbank22                              bank22       00000
__Lbank23                              bank23       00000
__Lbank24                              bank24       00000
__Lbank25                              bank25       00000
__Lbank26                              bank26       00000
__Lbank27                              bank27       00000
__Lbank28                              bank28       00000
__Lbank29                              bank29       00000
__Lbank3                               bank3        00000
__Lbank30                              bank30       00000
__Lbank31                              bank31       00000
__Lbank4                               bank4        00000
__Lbank5                               bank5        00000
__Lbank6                               bank6        00000
__Lbank7                               bank7        00000
__Lbank8                               bank8        00000
__Lbank9                               bank9        00000
__Lbigram                              bigram       00000
__LbssBANK0                            bssBANK0     00000
__LbssBANK1                            bssBANK1     00000
__LbssBANK2                            bssBANK2     00000
__LbssBANK4                            bssBANK4     00000
__LbssBANK5                            bssBANK5     00000
__LbssBANK6                            bssBANK6     00000
__LbssBANK7                            bssBANK7     00000
__LbssCOMMON                           bssCOMMON    00000
__Lcinit                               cinit        00030
__Lclrtext                             clrtext      00000
__Lcode                                code         00000
__Lcommon                              common       00000
__Lconfig                              config       08007
__LcstackBANK0                         cstackBANK0  00000
__LcstackBANK1                         cstackBANK1  00000
__LcstackCOMMON                        cstackCOMMON 00000
__LdataBANK0                           dataBANK0    00000
__LdataBANK1                           dataBANK1    00000
__LdataBANK3                           dataBANK3    00000
__LdataCOMMON                          dataCOMMON   00000
__Leeprom_data                         eeprom_data  00000
__Lend_init                            end_init     0002E
__Lfunctab                             functab      00000
__LidataBANK0                          idataBANK0   00000
__LidataBANK1                          idataBANK1   00000
__LidataBANK3                          idataBANK3   00000
__LidataCOMMON                         idataCOMMON  00000
__Lidloc                               idloc        00000
__Linit                                init         0002E
__Linittext                            inittext     00000
__Lintentry                            intentry     00004
__Lmaintext                            maintext     00000
__Lpowerup                             powerup      00000
__Lram                                 ram          00000
__Lreset_vec                           reset_vec    00000
__Lsfr0                                sfr0         00000
__Lsfr1                                sfr1         00000
__Lsfr10                               sfr10        00000
__Lsfr11                               sfr11        00000
__Lsfr12                               sfr12        00000
__Lsfr13                               sfr13        00000
__Lsfr14                               sfr14        00000
__Lsfr15                               sfr15        00000
__Lsfr16                               sfr16        00000
__Lsfr17                               sfr17        00000
__Lsfr18                               sfr18        00000
__Lsfr19                               sfr19        00000
__Lsfr2                                sfr2         00000
__Lsfr20                               sfr20        00000
__Lsfr21                               sfr21        00000
__Lsfr22                               sfr22        00000
__Lsfr23                               sfr23        00000
__Lsfr24                               sfr24        00000
__Lsfr25                               sfr25        00000
__Lsfr26                               sfr26        00000
__Lsfr27                               sfr27        00000
__Lsfr28                               sfr28        00000
__Lsfr29                               sfr29        00000
__Lsfr3                                sfr3         00000
__Lsfr30                               sfr30        00000
__Lsfr31                               sfr31        00000
__Lsfr4                                sfr4         00000
__Lsfr5                                sfr5         00000
__Lsfr6                                sfr6         00000
__Lsfr7                                sfr7         00000
__Lsfr8                                sfr8         00000
__Lsfr9                                sfr9         00000
__Lspace_0                             (abs)        00000
__Lspace_1                             (abs)        00000
__Lspace_2                             (abs)        00000
__Lspace_3                             (abs)        00000
__Lstack                               stack        00000
__Lstrings                             strings      00000
__Lstringtext1                         stringtext1  00000
__Lstringtext2                         stringtext2  00000
__Lstringtext3                         stringtext3  00000
__Lstringtext4                         stringtext4  00000
__Lstringtext5                         stringtext5  00000
__Lstringtext6                         stringtext6  00000
__Lstringtext7                         stringtext7  00000
__Lstringtext8                         stringtext8  00000
__Ltext                                text         00000
__S0                                   (abs)        08009
__S1                                   (abs)        003F0
__S2                                   (abs)        00000
__S3                                   (abs)        00000
___int_sp                              stack        00000
___latbits                             (abs)        00002
___lldiv                               text8        00B0A
___lldiv@counter                       cstackBANK0  0002D
___lldiv@dividend                      cstackBANK0  00024
___lldiv@divisor                       cstackBANK0  00020
___lldiv@quotient                      cstackBANK0  00029
___lmul                                text7        0089A
___lmul@multiplicand                   cstackBANK0  0002A
___lmul@multiplier                     cstackBANK0  00026
___lmul@product                        cstackBANK0  0002E
___lwdiv                               text52       0092E
___lwdiv@counter                       cstackBANK0  00025
___lwdiv@dividend                      cstackBANK0  00022
___lwdiv@divisor                       cstackBANK0  00020
___lwdiv@quotient                      cstackBANK0  00026
___lwmod                               text51       0083E
___lwmod@counter                       cstackBANK0  00025
___lwmod@dividend                      cstackBANK0  00022
___lwmod@divisor                       cstackBANK0  00020
___sp                                  stack        00000
___wmul                                text6        01706
___wmul@multiplicand                   cstackBANK0  00022
___wmul@multiplier                     cstackBANK0  00020
___wmul@product                        cstackBANK0  00024
__end_of_Adc_ConfigAnCh                text80       00D90
__end_of_Adc_GetConvResult             text63       01598
__end_of_Adc_GetConvSts                text62       014C3
__end_of_Adc_InitAdcModule             text79       009DD
__end_of_Adc_SelectChannel             text61       01578
__end_of_Adc_StartConversion           text60       014BF
__end_of_AppSm                         text46       0089A
__end_of_App_MainTask                  text15       00E20
__end_of_BoardReset                    text67       014BC
__end_of_CheckAckStatus                text28       01520
__end_of_CheckByteStatus               text27       0152B
__end_of_CheckStopBitStatus            text26       01536
__end_of_ClearBuffer                   text78       01706
__end_of_ClearRxBuffer                 text32       015CB
__end_of_ClearTxBuffer                 text31       015DC
__end_of_ControlLedDirect              text65       01645
__end_of_GenerateEvt                   text64       017B0
__end_of_GetDieTemperature             text59       016D1
__end_of_I2cSlv_I2cDrvHandle           text33       00F5C
__end_of_I2cSlv_MainTask               text17       0162F
__end_of_I2c_DataReceiveSm             text18       002B7
__end_of_I2c_InitI2cModule             text30       00693
__end_of_I2c_SetConfig                 text29       01689
__end_of_I2c_SetI2cAddress             text36       014C9
__end_of_I2c_SetI2cAddressMask         text35       014CF
__end_of_I2c_UpdateTxBuffer            text34       0173F
__end_of_InitSchTimer                  text3        016A0
__end_of_InitializeTasks               text14       00AB9
__end_of_LcdDelay                      text74       01605
__end_of_Lcd_Backlight                 text77       01515
__end_of_Lcd_InitHwInterface           text45       015A9
__end_of_Lcd_InitLcdInterface          text43       005DC
__end_of_Lcd_SetConfig                 text42       015BA
__end_of_Lcd_WriteChar                 text71       007EF
__end_of_Lcd_WriteCommand              text72       01000
__end_of_Lcd_WriteConstString          text41       01672
__end_of_Lcd_WriteNibbleCmd            text44       00BB5
__end_of_Lcd_WriteString               text70       0161A
__end_of_LedBlinkStateMachine          text25       00EBD
__end_of_LedPulseStateMachine          text24       00C8A
__end_of_LedStateMachine               text23       008FB
__end_of_Led_InitSeq                   text22       00B0A
__end_of_Led_MainTask                  text16       0092E
__end_of_Led_SetLedBlinkTime           text56       016EB
__end_of_Led_SetLedPulseTime           text55       00812
__end_of_Led_SetLedStatus              text66       01588
__end_of_LowPowerMode                  text57       0155B
__end_of_MainInterrupt                 intentry     0002E
__end_of_MainScheduler                 text12       00800
__end_of_ManageProtocol                text48       00392
__end_of_Mcu_ClearWdg                  text21       00004
__end_of_Mcu_ConfigPullUps             text40       0045D
__end_of_Mcu_DisableInterrupts         text76       014B6
__end_of_Mcu_EnableInterrupts          text75       014B9
__end_of_Mcu_InitIntOsc                text2        014D6
__end_of_Mcu_Reset                     text68       014B3
__end_of_Mcu_SetDieTempMode            text39       014EF
__end_of_Mcu_SetDieTempSts             text38       014F8
__end_of_Mcu_SetPullUpsSts             text37       01501
__end_of_Mcu_SetWdgPeriod              text20       01569
__end_of_Mcu_SetWdgSts                 text58       014E6
__end_of_ReceiveEvt                    text69       0083E
__end_of_ScheduleTasks                 text13       00521
__end_of_SendEnabPulse                 text73       015F0
__end_of_SetLedBehavSts                text54       00A20
__end_of_StdS_ManageStdServices        text49       001AC
__end_of_StdS_SetI2cAddress            text47       0099B
__end_of_StringCopy                    text53       01761
__end_of_SystemInit                    text1        0150A
__end_of_TaskNumber                    stringtext2  01802
__end_of_TmrBInit                      text11       00D07
__end_of_Tmr_StartTmr                  text10       016B8
__end_of_Tmr_TmrBConfig                text4        00A6B
__end_of_Tmr_TmrBIrqSet                text9        017D8
__end_of_Tmr_TmrBPrSet                 text5        00749
__end_of_Wdg_MainTask                  text19       0165B
__end_of___lldiv                       text8        00B5D
__end_of___lmul                        text7        008CA
__end_of___lwdiv                       text52       00963
__end_of___lwmod                       text51       0086B
__end_of___wmul                        text6        01722
__end_of__initialization               cinit        0009C
__end_of_dpowers                       stringtext1  0182E
__end_of_main                          maintext     014DD
__end_of_utoa                          text50       00C17
__end_ofi1_GenerateEvt                 text82       01788
__initialization                       cinit        00030
__pbssBANK0                            bssBANK0     0006E
__pbssBANK1                            bssBANK1     000CA
__pbssBANK2                            bssBANK2     00120
__pbssBANK4                            bssBANK4     00220
__pbssBANK5                            bssBANK5     002A0
__pbssBANK6                            bssBANK6     00320
__pbssBANK7                            bssBANK7     003A0
__pbssBIGRAM                           (abs)        0239D
__pbssCOMMON                           bssCOMMON    00076
__pcstackBANK0                         cstackBANK0  00020
__pcstackBANK1                         cstackBANK1  000A0
__pcstackCOMMON                        cstackCOMMON 00070
__pdataBANK0                           dataBANK0    0006F
__pdataBANK1                           dataBANK1    000E4
__pdataBANK3                           dataBANK3    001A0
__pdataCOMMON                          dataCOMMON   00079
__pidataBANK0                          idataBANK0   014AF
__pidataBANK1                          idataBANK1   014AE
__pidataBANK3                          idataBANK3   017D8
__pidataCOMMON                         idataCOMMON  014B0
__pintentry                            intentry     00004
__pmaintext                            maintext     014D6
__pstringtext1                         stringtext1  01824
__pstringtext2                         stringtext2  01800
__pstringtext3                         stringtext3  01813
__pstringtext4                         stringtext4  0182E
__pstringtext5                         stringtext5  01837
__pstringtext6                         stringtext6  0183F
__pstringtext7                         stringtext7  01845
__pstringtext8                         stringtext8  00000
__pswtext1                             swtext1      0101A
__pswtext2                             swtext2      01000
__ptext1                               text1        01501
__ptext10                              text10       016A0
__ptext11                              text11       00C8A
__ptext12                              text12       007EF
__ptext13                              text13       0045D
__ptext14                              text14       00A6B
__ptext15                              text15       00D90
__ptext16                              text16       008FB
__ptext17                              text17       0161A
__ptext18                              text18       001AC
__ptext19                              text19       01645
__ptext2                               text2        014CF
__ptext20                              text20       0155B
__ptext21                              text21       00002
__ptext22                              text22       00AB9
__ptext23                              text23       008CA
__ptext24                              text24       00C17
__ptext25                              text25       00E20
__ptext26                              text26       0152B
__ptext27                              text27       01520
__ptext28                              text28       01515
__ptext29                              text29       01672
__ptext3                               text3        01689
__ptext30                              text30       005DC
__ptext31                              text31       015CB
__ptext32                              text32       015BA
__ptext33                              text33       00EBD
__ptext34                              text34       01722
__ptext35                              text35       014C9
__ptext36                              text36       014C3
__ptext37                              text37       014F8
__ptext38                              text38       014EF
__ptext39                              text39       014E6
__ptext4                               text4        00A20
__ptext40                              text40       00392
__ptext41                              text41       0165B
__ptext42                              text42       015A9
__ptext43                              text43       00521
__ptext44                              text44       00B5D
__ptext45                              text45       01598
__ptext46                              text46       0086B
__ptext47                              text47       00963
__ptext48                              text48       002B7
__ptext49                              text49       000A0
__ptext5                               text5        00693
__ptext50                              text50       00BB5
__ptext51                              text51       0083E
__ptext52                              text52       0092E
__ptext53                              text53       0173F
[...]
      Params:         0       2       0       0       0       0       0       0       0       0       0       0       0       0
      Locals:         0       2       0       0       0       0       0       0       0       0       0       0       0       0
      Temps:          0       0       0       0       0       0       0       0       0       0       0       0       0       0
      Totals:         0       4       0       0       0       0       0       0       0       0       0       0       0       0
Total ram usage:        4 bytes
 Hardware stack levels used:    1
 Hardware stack levels required when called:    2
 This function calls:
		Nothing
 This function is called by:
		_SendEnabPulse
		_Lcd_InitLcdInterface
 This function uses a non-reentrant model


 *************** function _Mcu_EnableInterrupts *****************
 Defined at:
		line 97 in file "../../../Framework/MercuryFwk/Source/c/01_Hal/02_Drv/mcu_drv.c"
 Parameters:    Size  Location     Type
		None
 Auto vars:     Size  Location     Type
		None
 Return value:  Size  Location     Type
                  1    wreg      void 
 Registers used:
		None
 Tracked objects:
		On entry : 
		On exit  : 
		Unchanged: 
 Data sizes:     COMMON   BANK0   BANK1   BANK2   BANK3   BANK4   BANK5   BANK6   BANK7   BANK8   BANK9  BANK10  BANK11  BANK12
      Params:         0       0       0       0       0       0       0       0       0       0       0       0       0       0
      Locals:         0       0       0       0       0       0       0       0       0       0       0       0       0       0
      Temps:          0       0       0       0       0       0       0       0       0       0       0       0       0       0
      Totals:         0       0       0       0       0       0       0       0       0       0       0       0       0       0
Total ram usage:        0 bytes
 Hardware stack levels used:    1
 Hardware stack levels required when called:    2
 This function calls:
		Nothing
 This function is called by:
		_Lcd_WriteNibbleCmd
		_Lcd_WriteCommand
		_Lcd_WriteChar
		_SystemInit
 This function uses a non-reentrant model


 *************** function _Mcu_DisableInterrupts *****************
 Defined at:
		line 125 in file "../../../Framework/MercuryFwk/Source/c/01_Hal/02_Drv/mcu_drv.c"
 Parameters:    Size  Location     Type
		None
 Auto vars:     Size  Location     Type
		None
 Return value:  Size  Location     Type
                  1    wreg      void 
 Registers used:
		None
 Tracked objects:
		On entry : 
		On exit  : 
		Unchanged: 
 Data sizes:     COMMON   BANK0   BANK1   BANK2   BANK3   BANK4   BANK5   BANK6   BANK7   BANK8   BANK9  BANK10  BANK11  BANK12
      Params:         0       0       0       0       0       0       0       0       0       0       0       0       0       0
      Locals:         0       0       0       0       0       0       0       0       0       0       0       0       0       0
      Temps:          0       0       0       0       0       0       0       0       0       0       0       0       0       0
      Totals:         0       0       0       0       0       0       0       0       0       0       0       0       0       0
Total ram usage:        0 bytes
 Hardware stack levels used:    1
 Hardware stack levels required when called:    2
 This function calls:
		Nothing
 This function is called by:
		_Lcd_WriteNibbleCmd
		_Lcd_WriteCommand
		_Lcd_WriteChar
 This function uses a non-reentrant model


 *************** function _Lcd_Backlight *****************
 Defined at:
		line 459 in file "../../../Framework/MercuryFwk/Source/c/01_Hal/02_Drv/lcd_drv.c"
 Parameters:    Size  Location     Type
  Backlight       1    wreg     enum E3655
 Auto vars:     Size  Location     Type
  Backlight       1    0[BANK0 ] enum E3655
 Return value:  Size  Location     Type
                  1    wreg      void 
 Registers used:
		wreg, status,2, status,0
 Tracked objects:
		On entry : 
		On exit  : 
		Unchanged: 
 Data sizes:     COMMON   BANK0   BANK1   BANK2   BANK3   BANK4   BANK5   BANK6   BANK7   BANK8   BANK9  BANK10  BANK11  BANK12
      Params:         0       0       0       0       0       0       0       0       0       0       0       0       0       0
      Locals:         0       1       0       0       0       0       0       0       0       0       0       0       0       0
      Temps:          0       0       0       0       0       0       0       0       0       0       0       0       0       0
      Totals:         0       1       0       0       0       0       0       0       0       0       0       0       0       0
Total ram usage:        1 bytes
 Hardware stack levels used:    1
 Hardware stack levels required when called:    2
 This function calls:
		Nothing
 This function is called by:
		_ManageProtocol
		_App_MainTask
 This function uses a non-reentrant model


 *************** function _ClearBuffer *****************
 Defined at:
		line 124 in file "../../../Framework/MercuryFwk/Source/c/03_Sml/02_Ssl/sf.c"
 Parameters:    Size  Location     Type
  Buffer          1    wreg     PTR unsigned char 
		 -> ManageProtocol@LcdWriteBuffer(40), 
  Len             2    0[BANK0 ] unsigned short 
 Auto vars:     Size  Location     Type
  Buffer          1    4[BANK0 ] PTR unsigned char 
		 -> ManageProtocol@LcdWriteBuffer(40), 
  Index           1    5[BANK0 ] unsigned char 
 Return value:  Size  Location     Type
                  1    wreg      void 
 Registers used:
		wreg, fsr1l, fsr1h, status,2, status,0
 Tracked objects:
		On entry : 
		On exit  : 
		Unchanged: 
 Data sizes:     COMMON   BANK0   BANK1   BANK2   BANK3   BANK4   BANK5   BANK6   BANK7   BANK8   BANK9  BANK10  BANK11  BANK12
      Params:         0       2       0       0       0       0       0       0       0       0       0       0       0       0
      Locals:         0       2       0       0       0       0       0       0       0       0       0       0       0       0
      Temps:          0       2       0       0       0       0       0       0       0       0       0       0       0       0
      Totals:         0       6       0       0       0       0       0       0       0       0       0       0       0       0
Total ram usage:        6 bytes
 Hardware stack levels used:    1
 Hardware stack levels required when called:    2
 This function calls:
		Nothing
 This function is called by:
		_ManageProtocol
 This function uses a non-reentrant model


 *************** function _Adc_InitAdcModule *****************
 Defined at:
		line 107 in file "../../../Framework/MercuryFwk/Source/c/01_Hal/02_Drv/adc_drv.c"
 Parameters:    Size  Location     Type
  AdcConfig       1    wreg     PTR struct _AdcCfgType
		 -> App_MainTask@AdcConfig(6), 
 Auto vars:     Size  Location     Type
  AdcConfig       1    0[BANK0 ] PTR struct _AdcCfgType
		 -> App_MainTask@AdcConfig(6), 
 Return value:  Size  Location     Type
                  1    wreg      void 
 Registers used:
		wreg, fsr1l, fsr1h, status,2, status,0
 Tracked objects:
		On entry : 
		On exit  : 
		Unchanged: 
 Data sizes:     COMMON   BANK0   BANK1   BANK2   BANK3   BANK4   BANK5   BANK6   BANK7   BANK8   BANK9  BANK10  BANK11  BANK12
      Params:         0       0       0       0       0       0       0       0       0       0       0       0       0       0
      Locals:         0       1       0       0       0       0       0       0       0       0       0       0       0       0
      Temps:          0       0       0       0       0       0       0       0       0       0       0       0       0       0
      Totals:         0       1       0       0       0       0       0       0       0       0       0       0       0       0
Total ram usage:        1 bytes
 Hardware stack levels used:    1
 Hardware stack levels required when called:    2
 This function calls:
		Nothing
 This function is called by:
		_App_MainTask
 This function uses a non-reentrant model


 *************** function _Adc_ConfigAnCh *****************
 Defined at:
		line 73 in file "../../../Framework/MercuryFwk/Source/c/01_Hal/02_Drv/adc_drv.c"
 Parameters:    Size  Location     Type
  AnChSel         1    wreg     PTR struct _AnalogChSelT
		 -> App_MainTask@AnalogChSel(12), 
 Auto vars:     Size  Location     Type
  AnChSel         1    0[BANK0 ] PTR struct _AnalogChSelT
		 -> App_MainTask@AnalogChSel(12), 
 Return value:  Size  Location     Type
                  1    wreg      void 
 Registers used:
		wreg, fsr1l, fsr1h, status,2, status,0
 Tracked objects:
		On entry : 
		On exit  : 
		Unchanged: 
 Data sizes:     COMMON   BANK0   BANK1   BANK2   BANK3   BANK4   BANK5   BANK6   BANK7   BANK8   BANK9  BANK10  BANK11  BANK12
      Params:         0       0       0       0       0       0       0       0       0       0       0       0       0       0
      Locals:         0       1       0       0       0       0       0       0       0       0       0       0       0       0
      Temps:          0       0       0       0       0       0       0       0       0       0       0       0       0       0
      Totals:         0       1       0       0       0       0       0       0       0       0       0       0       0       0
Total ram usage:        1 bytes
 Hardware stack levels used:    1
 Hardware stack levels required when called:    2
 This function calls:
		Nothing
 This function is called by:
		_App_MainTask
 This function uses a non-reentrant model


 *************** function _MainInterrupt *****************
 Defined at:
		line 50 in file "../../../Framework/MercuryFwk/Source/c/02_Osl/interrupts.c"
 Parameters:    Size  Location     Type
		None
 Auto vars:     Size  Location     Type
		None
 Return value:  Size  Location     Type
                  1    wreg      void 
 Registers used:
		wreg, fsr1l, fsr1h, status,2, status,0, pclath, cstack
 Tracked objects:
		On entry : 
		On exit  : 
		Unchanged: 
 Data sizes:     COMMON   BANK0   BANK1   BANK2   BANK3   BANK4   BANK5   BANK6   BANK7   BANK8   BANK9  BANK10  BANK11  BANK12
      Params:         0       0       0       0       0       0       0       0       0       0       0       0       0       0
      Locals:         0       0       0       0       0       0       0       0       0       0       0       0       0       0
      Temps:          1       0       0       0       0       0       0       0       0       0       0       0       0       0
      Totals:         1       0       0       0       0       0       0       0       0       0       0       0       0       0
Total ram usage:        1 bytes
 Hardware stack levels used:    1
 Hardware stack levels required when called:    1
 This function calls:
		i1_GenerateEvt
 This function is called by:
		Interrupt level 1
 This function uses a non-reentrant model


 *************** function i1_GenerateEvt *****************
 Defined at:
		line 73 in file "../../../Framework/MercuryFwk/Source/c/02_Osl/os_ser.c"
 Parameters:    Size  Location     Type
  Event           2    0[COMMON] PTR struct _EventStructu
		 -> I2cReplyPacketReady(2), I2cWriteRequest(2), I2cSetAddress(2), I2cNewTxNotification(2), 
		 -> I2cNewPacketNotification(2), 
 Auto vars:     Size  Location     Type
  GenerateEvt     1    4[COMMON] enum E3633
 Return value:  Size  Location     Type
                  1    wreg      enum E3629
 Registers used:
		wreg, fsr1l, fsr1h, status,2, status,0
 Tracked objects:
		On entry : 
		On exit  : 
		Unchanged: 
 Data sizes:     COMMON   BANK0   BANK1   BANK2   BANK3   BANK4   BANK5   BANK6   BANK7   BANK8   BANK9  BANK10  BANK11  BANK12
      Params:         2       0       0       0       0       0       0       0       0       0       0       0       0       0
      Locals:         1       0       0       0       0       0       0       0       0       0       0       0       0       0
      Temps:          2       0       0       0       0       0       0       0       0       0       0       0       0       0
      Totals:         5       0       0       0       0       0       0       0       0       0       0       0       0       0
Total ram usage:        5 bytes
 Hardware stack levels used:    1
 This function calls:
		Nothing
 This function is called by:
		_MainInterrupt
 This function uses a non-reentrant model



MODULE INFORMATION

Module		Function		Class		Link	Load	Size
../Source/c/04_App/sys_init.c
		_SystemInit    		CODE           	1501	0000	10
		_InitSchTimer  		CODE           	1689	0000	24

../Source/c/04_App/sys_init.c estimated size: 34

../../../Framework/MercuryFwk/Source/c/01_Hal/02_Drv/mcu_drv.c
		_Mcu_InitIntOsc		CODE           	14CF	0000	8
		_Mcu_SetWdgPeriod		CODE           	155B	0000	15
		_Mcu_SetWdgSts 		CODE           	14DD	0000	10
		_Mcu_Reset     		CODE           	14B1	0000	3
		_Mcu_SetDieTempMode		CODE           	14E6	0000	10
		_Mcu_EnableInterrupts		CODE           	14B6	0000	4
		_Mcu_SetDieTempSts		CODE           	14EF	0000	10
		_Mcu_SetPullUpsSts		CODE           	14F8	0000	10
		_Mcu_ClearWdg  		CODE           	0002	0000	3
		_Mcu_DisableInterrupts		CODE           	14B3	0000	4
		_Mcu_ConfigPullUps		CODE           	0392	0000	204

../../../Framework/MercuryFwk/Source/c/01_Hal/02_Drv/mcu_drv.c estimated size: 281

../../../Framework/MercuryFwk/Source/c/02_Osl/interrupts.c
		_MainInterrupt 		CODE           	0004	0000	43

../../../Framework/MercuryFwk/Source/c/02_Osl/interrupts.c estimated size: 43

C:\Program Files (x86)\Microchip\xc8\v1.45\sources\common\Umul16.c
		___wmul        		CODE           	1706	0000	29

C:\Program Files (x86)\Microchip\xc8\v1.45\sources\common\Umul16.c estimated size: 29

../Source/c/04_App/eb210_app.c
		_App_MainTask  		CODE           	0D90	0000	145
		_ManageProtocol		CODE           	02B7	0000	220
		_AppSm         		CODE           	086B	0000	48

../Source/c/04_App/eb210_app.c estimated size: 413

../../../Framework/MercuryFwk/Source/c/01_Hal/02_Drv/adc_drv.c
		_Adc_InitAdcModule		CODE           	099B	0000	67
		_Adc_GetConvSts		CODE           	14BF	0000	5
		_Adc_GetConvResult		CODE           	1588	0000	17
		_Adc_StartConversion		CODE           	14BC	0000	4
		_Adc_SelectChannel		CODE           	1569	0000	16
		_Adc_ConfigAnCh		CODE           	0D07	0000	138

../../../Framework/MercuryFwk/Source/c/01_Hal/02_Drv/adc_drv.c estimated size: 247

../../../Framework/MercuryFwk/Source/c/03_Sml/02_Ssl/led.c
		_LedStateMachine		CODE           	08CA	0000	50
		_Led_SetLedPulseTime		CODE           	0800	0000	19
		_Led_SetLedBlinkTime		CODE           	16D1	0000	27
		_Led_InitSeq   		CODE           	0AB9	0000	82
		_Led_MainTask  		CODE           	08FB	0000	52
		_Led_SetLedStatus		CODE           	1578	0000	17

../../../Framework/MercuryFwk/Source/c/03_Sml/02_Ssl/led.c estimated size: 247

C:\Program Files (x86)\Microchip\xc8\v1.45\sources\common\lwmod.c
		___lwmod       		CODE           	083E	0000	46

C:\Program Files (x86)\Microchip\xc8\v1.45\sources\common\lwmod.c estimated size: 46

../../../Framework/MercuryFwk/Source/c/03_Sml/02_Ssl/sf.c
		_ClearBuffer   		CODE           	16EB	0000	28
		_StringCopy    		CODE           	173F	0000	35

../../../Framework/MercuryFwk/Source/c/03_Sml/02_Ssl/sf.c estimated size: 63

../../../Framework/MercuryFwk/Source/c/01_Hal/02_Drv/lcd_drv.c
		_Lcd_WriteCommand		CODE           	0F5C	0000	165
		_Lcd_WriteChar 		CODE           	0749	0000	167
		_SendEnabPulse 		CODE           	15DC	0000	21
		_Lcd_WriteConstString		CODE           	165B	0000	24
		_Lcd_WriteNibbleCmd		CODE           	0B5D	0000	89
		_Lcd_InitLcdInterface		CODE           	0521	0000	188
		_LcdDelay      		CODE           	15F0	0000	22
		_Lcd_SetConfig 		CODE           	15A9	0000	18
		_Lcd_Backlight 		CODE           	150A	0000	12
		_Lcd_WriteString		CODE           	1605	0000	22
		_Lcd_InitHwInterface		CODE           	1598	0000	18

../../../Framework/MercuryFwk/Source/c/01_Hal/02_Drv/lcd_drv.c estimated size: 746

C:\Program Files (x86)\Microchip\xc8\v1.45\sources\common\Umul32.c
		___lmul        		CODE           	089A	0000	49

C:\Program Files (x86)\Microchip\xc8\v1.45\sources\common\Umul32.c estimated size: 49

../../../Framework/MercuryFwk/Source/c/03_Sml/02_Ssl/wdg.c
		_Wdg_MainTask  		CODE           	1645	0000	23

../../../Framework/MercuryFwk/Source/c/03_Sml/02_Ssl/wdg.c estimated size: 23

../../../Framework/MercuryFwk/Source/c/02_Osl/os_ser.c
		_ReceiveEvt    		CODE           	0812	0000	45
		_GenerateEvt   		CODE           	1788	0000	41

../../../Framework/MercuryFwk/Source/c/02_Osl/os_ser.c estimated size: 86

shared
		_dpowers       		STRCODE        	0000	0000	0
		__initialization		CODE           	0030	0000	109
		i1_GenerateEvt 		CODE           	1761	0000	40
		_TaskNumber    		STRCODE        	1800	0000	3

shared estimated size: 152

../../../Framework/MercuryFwk/Source/c/01_Hal/02_Drv/tmr_drv.c
		_Tmr_TmrBConfig		CODE           	0A20	0000	76
		_Tmr_TmrBIrqSet		CODE           	17B0	0000	41
		_Tmr_StartTmr  		CODE           	16A0	0000	25
		_TmrBInit      		CODE           	0C8A	0000	126
		_Tmr_TmrBPrSet 		CODE           	0693	0000	183

../../../Framework/MercuryFwk/Source/c/01_Hal/02_Drv/tmr_drv.c estimated size: 451

C:\Program Files (x86)\Microchip\xc8\v1.45\sources\common\lwdiv.c
		___lwdiv       		CODE           	092E	0000	54

C:\Program Files (x86)\Microchip\xc8\v1.45\sources\common\lwdiv.c estimated size: 54

C:\Program Files (x86)\Microchip\xc8\v1.45\sources\common\lldiv.c
		___lldiv       		CODE           	0B0A	0000	84

C:\Program Files (x86)\Microchip\xc8\v1.45\sources\common\lldiv.c estimated size: 84

../../../Framework/MercuryFwk/Source/c/03_Sml/01_Pml/01_SlvI2c/i2c_slv.c
		_I2c_SetConfig 		CODE           	1672	0000	24
		_I2cSlv_MainTask		CODE           	161A	0000	22
		_I2cSlv_I2cDrvHandle		CODE           	0EBD	0000	160

../../../Framework/MercuryFwk/Source/c/03_Sml/01_Pml/01_SlvI2c/i2c_slv.c estimated size: 206

../../../Framework/MercuryFwk/Source/c/00_Main/main.c
		_main          		CODE           	14D6	0000	8

../../../Framework/MercuryFwk/Source/c/00_Main/main.c estimated size: 8

../../../Framework/MercuryFwk/Source/c/02_Osl/os_sched.c
		_InitializeTasks		CODE           	0A6B	0000	79
		_ScheduleTasks 		CODE           	045D	0000	197
		_MainScheduler 		CODE           	07EF	0000	18

../../../Framework/MercuryFwk/Source/c/02_Osl/os_sched.c estimated size: 294

../../../Framework/MercuryFwk/Source/c/01_Hal/02_Drv/i2c_slv_drv.c
		_CheckAckStatus		CODE           	1515	0000	12
		_I2c_InitI2cModule		CODE           	05DC	0000	184
		_ClearRxBuffer 		CODE           	15BA	0000	18
		_I2c_DataReceiveSm		CODE           	01AC	0000	268
		_CheckStopBitStatus		CODE           	152B	0000	12
		_I2c_SetI2cAddress		CODE           	14C3	0000	7
		_I2c_SetI2cAddressMask		CODE           	14C9	0000	7
		_CheckByteStatus		CODE           	1520	0000	12
		_I2c_UpdateTxBuffer		CODE           	1722	0000	30
		_ClearTxBuffer 		CODE           	15CB	0000	18

../../../Framework/MercuryFwk/Source/c/01_Hal/02_Drv/i2c_slv_drv.c estimated size: 568

C:\Program Files (x86)\Microchip\xc8\v1.45\sources\common\itoa.c
		_utoa          		CODE           	0BB5	0000	99

C:\Program Files (x86)\Microchip\xc8\v1.45\sources\common\itoa.c estimated size: 99

../../../Framework/MercuryFwk/Source/c/01_Hal/02_Drv/led_drv.c
		_LedBlinkStateMachine		CODE           	0E20	0000	158
		_LedPulseStateMachine		CODE           	0C17	0000	116

../../../Framework/MercuryFwk/Source/c/01_Hal/02_Drv/led_drv.c estimated size: 274

../../../Framework/MercuryFwk/Source/c/03_Sml/02_Ssl/std_ser.c
		_BoardReset    		CODE           	14B9	0000	4
		_StdS_SetI2cAddress		CODE           	0963	0000	57
		_SetLedBehavSts		CODE           	09DD	0000	68
		_ControlLedDirect		CODE           	162F	0000	23
		_StdS_ManageStdServices		CODE           	00A0	0000	269
		_GetDieTemperature		CODE           	16B8	0000	26
		_LowPowerMode  		CODE           	154E	0000	14

../../../Framework/MercuryFwk/Source/c/03_Sml/02_Ssl/std_ser.c estimated size: 461

