Microchip MPLAB XC8 Compiler V1.45 ()

Linker command line:

--edf=C:\Program Files (x86)\Microchip\xc8\v1.45\dat\en_msgs.txt -cs \
  -h+dist/Standalone/debug\TestEnv.X.debug.sym \
  --cmf=dist/Standalone/debug\TestEnv.X.debug.cmf -z -Q18F46J50 \
  -oC:\Users\FRANCE~1\AppData\Local\Temp\s4to.2 \
  -Mdist/Standalone/debug/TestEnv.X.debug.map -E1 -ver=XC8 --acfsm=1493 \
  -ASTACK=0958h-0ebfh -pstack=STACK -ACODE=00h-0FFF7h -ACONST=00h-0FFF7h \
  -ASMALLCONST=0F00h-0FFFhx240,0FF00h-0FFF7h -AMEDIUMCONST=0F00h-0FFF7h \
  -ACOMRAM=01h-05Fh -AABS1=00h-0EBFh -ABIGRAM=01h-0EBFh \
  -ARAM=060h-0FFh,0100h-01FFhx13,0E00h-0EBFh -ABANK0=060h-0FFh \
  -ABANK1=0100h-01FFh -ABANK2=0200h-02FFh -ABANK3=0300h-03FFh \
  -ABANK4=0400h-04FFh -ABANK5=0500h-05FFh -ABANK6=0600h-06FFh \
  -ABANK7=0700h-07FFh -ABANK8=0800h-08FFh -ABANK9=0900h-09FFh \
  -ABANK10=0A00h-0AFFh -ABANK11=0B00h-0BFFh -ABANK12=0C00h-0CFFh \
  -ABANK13=0D00h-0DFFh -ABANK14=0E00h-0EBFh \
  -ASFR=0EC0h-0EFFh,0F00h-0F5Fh,0F60h-0FFCh \
  -preset_vec=00h,intcode=08h,intcodelo=018h,powerup,init -pramtop=0F00h \
  -psmallconst=SMALLCONST -pmediumconst=MEDIUMCONST -pconst=CONST \
  -AFARRAM=00h-00h -ACONFIG=0FFF8h-0FFFFh -pconfig=CONFIG \
  -pjflash_buffer=0F800h \
  -prdata=COMRAM,nvrram=COMRAM,nvbit=COMRAM,rbss=COMRAM,rbit=COMRAM \
  -pfarbss=FARRAM,fardata=FARRAM,nvFARRAM=FARRAM \
  -pintsave_regs=BIGRAM,bigbss=BIGRAM,bigdata=BIGRAM -pbss=RAM \
  -pidata=CODE,irdata=CODE,ibigdata=CODE,ifardata=CODE -prparam=COMRAM \
  C:\Users\FRANCE~1\AppData\Local\Temp\s4to.obj \
  dist/Standalone/debug\TestEnv.X.debug.obj 

Object code version is 3.11

Machine type is 18F46J50

Call graph: (short form)




                Name                               Link     Load   Length Selector   Space Scale
C:\Users\FRANCE~1\AppData\Local\Temp\s4to.obj
                init                                 CC       CC        4        C       0
                reset_vec                             0        0        6        0       0
                config                             FFF8     FFF8        8     FFF8       0
dist/Standalone/debug\TestEnv.X.debug.obj
                intcodelo                            18       18       B4        C       0
                intcode                               8        8        6        4       0
                temp                                 49       49        1        1       1
                mediumconst                        FD88     FD88      270     7EC4       0
                text135                            437A     437A        4     1E2C       0
                text134                            4376     4376        4     1E2C       0
                text133                            4372     4372        4     1E2C       0
                text132                            435C     435C        6     1E2C       0
                intcode_body                       2B44     2B44       AC        C       0
                text130                            428C     428C       16     1E2C       0
                text129                            3D50     3D50       3A     1E2C       0
                text128                            41FE     41FE       1A     1E2C       0
                text127                            387A     387A       58        C       0
                text126                            401E     401E       26     1E2C       0
                text125                            1292     1292      156        C       0
                text124                            42FA     42FA       10     1E2C       0
                text123                            4190     4190       1E     1E2C       0
                text122                            430A     430A        E     1E2C       0
                text121                            4112     4112       22     1E2C       0
                text119                            434C     434C        A     1E2C       0
                text118                            4342     4342        A     1E2C       0
                text117                            436E     436E        4     1E2C       0
                text116                            4248     4248       18     1E2C       0
                text115                            4338     4338        A     1E2C       0
                text114                            42A2     42A2       14     1E2C       0
                text113                            436A     436A        4     1E2C       0
                text112                            4366     4366        4     1E2C       0
                text111                            432E     432E        A     1E2C       0
                text110                            1126     1126      16C        C       0
                text109                             FAE      FAE      178        C       0
                text108                            3F48     3F48       2E     1E2C       0
                text107                            292E     292E       B6        C       0
                text106                            3F76     3F76       2C     1E2C       0
                text105                            3396     3396       84        C       0
                text104                            3A22     3A22       4E        C       0
                text103                            348C     348C       72        C       0
                text102                            3FF6     3FF6       28     1E2C       0
                text101                            2560     2560       C8        C       0
                text100                            39CE     39CE       54        C       0
                text99                             1534     1534      148        C       0
                text98                             3EEA     3EEA       30     1E2C       0
                text97                             1CFA     1CFA       E8        C       0
                text96                             2C9A     2C9A       A8        C       0
                text95                             397A     397A       54        C       0
                text94                             356E     356E       6C        C       0
                text93                             4276     4276       16     1E2C       0
                text92                             2D42     2D42       A0        C       0
                text91                             4260     4260       16     1E2C       0
                text90                             30D8     30D8       94        C       0
                text89                             3644     3644       66        C       0
                text88                             42EA     42EA       10     1E2C       0
                text87                             3310     3310       86        C       0
                text86                             341A     341A       72        C       0
                text85                              A28      A28      22E        C       0
                text84                             42DA     42DA       10     1E2C       0
                text83                             3926     3926       54        C       0
                text82                             42C8     42C8       12     1E2C       0
                text81                             2498     2498       C8        C       0
                text80                             316C     316C       90        C       0
                text79                             3768     3768       5E        C       0
                text78                             40F0     40F0       22     1E2C       0
                text77                             3C58     3C58       40     1E2C       0
                text76                             3CD6     3CD6       3E     1E2C       0
                text75                             40CE     40CE       22     1E2C       0
                text74                             2092     2092       D8        C       0
                text73                             2870     2870       BE        C       0
                text72                             2FAE     2FAE       96        C       0
                text71                             3BD0     3BD0       44        C       0
                text70                             2BF0     2BF0       AA        C       0
                text69                             3B8C     3B8C       44        C       0
                text68                             4172     4172       1E     1E2C       0
                text67                             3822     3822       58        C       0
                text66                             40AC     40AC       22     1E2C       0
                text65                             3EBA     3EBA       30     1E2C       0
                text64                             3FCC     3FCC       2A     1E2C       0
                text63                             4230     4230       18     1E2C       0
                text62                              C56      C56      1D6        C       0
                text61                             3D14     3D14       3C     1E2C       0
                text60                             4218     4218       18     1E2C       0
                text59                             1EC8     1EC8       E6        C       0
                text58                               D0       D0      436        C       0
                text57                             3E8A     3E8A       30     1E2C       0
                text56                             216A     216A       CE        C       0
                text55                             37C6     37C6       5C        C       0
                text54                             3DF8     3DF8       32     1E2C       0
                text53                             3C98     3C98       3E     1E2C       0
                text52                              506      506      294        C       0
                text51                             167C     167C      138        C       0
                text50                             2304     2304       CC        C       0
                text49                             27B2     27B2       BE        C       0
                text48                             26EE     26EE       C4        C       0
                text47                             1A04     1A04      10E        C       0
                text46                             36AA     36AA       60        C       0
                text45                             2E80     2E80       98        C       0
                text44                             3B48     3B48       44        C       0
                text43                             35DA     35DA       6A        C       0
                text42                             2A96     2A96       AE        C       0
                text41                             370A     370A       5E        C       0
                text40                              79A      79A      28E        C       0
                text39                             17B4     17B4      12E        C       0
                text38                             29E4     29E4       B2        C       0
                text37                             1DE2     1DE2       E6        C       0
                text36                             1FAE     1FAE       E4        C       0
                text35                             2DE2     2DE2       9E        C       0
                text34                             1B12     1B12       FA        C       0
                text33                             328A     328A       86        C       0
                text32                             3ABC     3ABC       48        C       0
                text31                             3044     3044       94        C       0
                text30                             13E8     13E8      14C        C       0
                text29                             408A     408A       22     1E2C       0
                text28                             3B04     3B04       44        C       0
                text27                             3E5A     3E5A       30     1E2C       0
                text26                             3D8A     3D8A       38     1E2C       0
                text25                              E2C      E2C      182        C       0
                text24                             4362     4362        4     1E2C       0
                text23                             42B6     42B6       12     1E2C       0
                text22                             4068     4068       22     1E2C       0
                text21                             38D2     38D2       54        C       0
                text20                             4044     4044       24     1E2C       0
                text19                             2238     2238       CC        C       0
                text18                             31FC     31FC       8E        C       0
                text17                             41E4     41E4       1A     1E2C       0
                text16                             3DC2     3DC2       36     1E2C       0
                text15                             34FE     34FE       70        C       0
                text14                             18E2     18E2      122        C       0
                text13                             41AE     41AE       1C     1E2C       0
                text12                             2F18     2F18       96        C       0
                text11                             4134     4134       20     1E2C       0
                text10                             3A70     3A70       4C        C       0
                text9                              1C0C     1C0C       EE        C       0
                text8                              23D0     23D0       C8        C       0
                text7                              3F1A     3F1A       2E     1E2C       0
                text6                              3FA2     3FA2       2A     1E2C       0
                text5                              41CA     41CA       1A     1E2C       0
                text4                              4154     4154       1E     1E2C       0
                text3                              4356     4356        6     1E2C       0
                text2                              4324     4324        A     1E2C       0
                text1                              3E2A     3E2A       30     1E2C       0
                text0                              4318     4318        C     1E2C       0
                cstackCOMRAM                         25       25       24        1       1
                cstackBANK0                          60       60       46       60       1
                cstackBANK1                         100      100       C8      100       1
                cstackBANK2                         237      237       32      200       1
                cstackBANK7                         700      700       C8      700       1
                bssBIGRAMl                          7C8      7C8      190      7C8       1
                bssBANK6                            600      600       40      600       1
                bssBANK5                            500      500       DC      500       1
                bssBANK4                            440      440       82      440       1
                dataBANK3                           3BC      3BC       43      300       1
                bssBANK3                            300      300       BC      300       1
                dataBANK2                           269      269        1      200       1
                bssBANK2                            200      200       37      200       1
                bssBANK1                            1C8      1C8       38      100       1
                dataBANK0                            E1       E1        1       60       1
                bssBANK0                             A6       A6       3B       60       1
                bssCOMRAM                             1        1       24        1       1
                cinit                              2628     2628       C6        C       0
                idataBANK3                         3C14     3C14       43        C       0
                idataBANK2                         437F     437F        1     1E2C       0
                idataBANK0                         437E     437E        1     1E2C       0

TOTAL           Name                               Link     Load   Length     Space
        CLASS   STACK          

        CLASS   CODE           
                intcodelo                            18       18       B4         0
                intcode                               8        8        6         0
                init                                 CC       CC        4         0
                reset_vec                             0        0        6         0
                text135                            437A     437A        4         0
                text134                            4376     4376        4         0
                text133                            4372     4372        4         0
                text132                            435C     435C        6         0
                intcode_body                       2B44     2B44       AC         0
                text130                            428C     428C       16         0
                text129                            3D50     3D50       3A         0
                text128                            41FE     41FE       1A         0
                text127                            387A     387A       58         0
                text126                            401E     401E       26         0
                text125                            1292     1292      156         0
                text124                            42FA     42FA       10         0
                text123                            4190     4190       1E         0
                text122                            430A     430A        E         0
                text121                            4112     4112       22         0
                text119                            434C     434C        A         0
                text118                            4342     4342        A         0
                text117                            436E     436E        4         0
                text116                            4248     4248       18         0
                text115                            4338     4338        A         0
                text114                            42A2     42A2       14         0
                text113                            436A     436A        4         0
                text112                            4366     4366        4         0
                text111                            432E     432E        A         0
                text110                            1126     1126      16C         0
                text109                             FAE      FAE      178         0
                text108                            3F48     3F48       2E         0
                text107                            292E     292E       B6         0
                text106                            3F76     3F76       2C         0
                text105                            3396     3396       84         0
                text104                            3A22     3A22       4E         0
                text103                            348C     348C       72         0
                text102                            3FF6     3FF6       28         0
                text101                            2560     2560       C8         0
                text100                            39CE     39CE       54         0
                text99                             1534     1534      148         0
                text98                             3EEA     3EEA       30         0
                text97                             1CFA     1CFA       E8         0
                text96                             2C9A     2C9A       A8         0
                text95                             397A     397A       54         0
                text94                             356E     356E       6C         0
                text93                             4276     4276       16         0
                text92                             2D42     2D42       A0         0
                text91                             4260     4260       16         0
                text90                             30D8     30D8       94         0
                text89                             3644     3644       66         0
                text88                             42EA     42EA       10         0
                text87                             3310     3310       86         0
                text86                             341A     341A       72         0
                text85                              A28      A28      22E         0
                text84                             42DA     42DA       10         0
                text83                             3926     3926       54         0
                text82                             42C8     42C8       12         0
                text81                             2498     2498       C8         0
                text80                             316C     316C       90         0
                text79                             3768     3768       5E         0
                text78                             40F0     40F0       22         0
                text77                             3C58     3C58       40         0
                text76                             3CD6     3CD6       3E         0
                text75                             40CE     40CE       22         0
                text74                             2092     2092       D8         0
                text73                             2870     2870       BE         0
                text72                             2FAE     2FAE       96         0
                text71                             3BD0     3BD0       44         0
                text70                             2BF0     2BF0       AA         0
                text69                             3B8C     3B8C       44         0
                text68                             4172     4172       1E         0
                text67                             3822     3822       58         0
                text66                             40AC     40AC       22         0
                text65                             3EBA     3EBA       30         0
                text64                             3FCC     3FCC       2A         0
                text63                             4230     4230       18         0
                text62                              C56      C56      1D6         0
                text61                             3D14     3D14       3C         0
                text60                             4218     4218       18         0
                text59                             1EC8     1EC8       E6         0
                text58                               D0       D0      436         0
                text57                             3E8A     3E8A       30         0
                text56                             216A     216A       CE         0
                text55                             37C6     37C6       5C         0
                text54                             3DF8     3DF8       32         0
                text53                             3C98     3C98       3E         0
                text52                              506      506      294         0
                text51                             167C     167C      138         0
                text50                             2304     2304       CC         0
                text49                             27B2     27B2       BE         0
                text48                             26EE     26EE       C4         0
                text47                             1A04     1A04      10E         0
                text46                             36AA     36AA       60         0
                text45                             2E80     2E80       98         0
                text44                             3B48     3B48       44         0
                text43                             35DA     35DA       6A         0
                text42                             2A96     2A96       AE         0
                text41                             370A     370A       5E         0
                text40                              79A      79A      28E         0
                text39                             17B4     17B4      12E         0
                text38                             29E4     29E4       B2         0
                text37                             1DE2     1DE2       E6         0
                text36                             1FAE     1FAE       E4         0
                text35                             2DE2     2DE2       9E         0
                text34                             1B12     1B12       FA         0
                text33                             328A     328A       86         0
                text32                             3ABC     3ABC       48         0
                text31                             3044     3044       94         0
                text30                             13E8     13E8      14C         0
                text29                             408A     408A       22         0
                text28                             3B04     3B04       44         0
                text27                             3E5A     3E5A       30         0
                text26                             3D8A     3D8A       38         0
                text25                              E2C      E2C      182         0
                text24                             4362     4362        4         0
                text23                             42B6     42B6       12         0
                text22                             4068     4068       22         0
                text21                             38D2     38D2       54         0
                text20                             4044     4044       24         0
                text19                             2238     2238       CC         0
                text18                             31FC     31FC       8E         0
                text17                             41E4     41E4       1A         0
                text16                             3DC2     3DC2       36         0
                text15                             34FE     34FE       70         0
                text14                             18E2     18E2      122         0
                text13                             41AE     41AE       1C         0
                text12                             2F18     2F18       96         0
                text11                             4134     4134       20         0
                text10                             3A70     3A70       4C         0
                text9                              1C0C     1C0C       EE         0
                text8                              23D0     23D0       C8         0
                text7                              3F1A     3F1A       2E         0
                text6                              3FA2     3FA2       2A         0
                text5                              41CA     41CA       1A         0
                text4                              4154     4154       1E         0
                text3                              4356     4356        6         0
                text2                              4324     4324        A         0
                text1                              3E2A     3E2A       30         0
                text0                              4318     4318        C         0
                cinit                              2628     2628       C6         0
                idataBANK3                         3C14     3C14       43         0
                idataBANK2                         437F     437F        1         0
                idataBANK0                         437E     437E        1         0

        CLASS   CONST          

        CLASS   SMALLCONST     

        CLASS   MEDIUMCONST    
                mediumconst                        FD88     FD88      270         0

        CLASS   COMRAM         
                temp                                 49       49        1         1
                cstackCOMRAM                         25       25       24         1
                bssCOMRAM                             1        1       24         1

        CLASS   ABS1           
                abs_s1                              400      400       40         1

        CLASS   BIGRAM         
                bssBIGRAMl                          7C8      7C8      190         1

        CLASS   RAM            

        CLASS   BANK0          
                cstackBANK0                          60       60       46         1
                dataBANK0                            E1       E1        1         1
                bssBANK0                             A6       A6       3B         1

        CLASS   BANK1          
                cstackBANK1                         100      100       C8         1
                bssBANK1                            1C8      1C8       38         1

        CLASS   BANK2          
                cstackBANK2                         237      237       32         1
                dataBANK2                           269      269        1         1
                bssBANK2                            200      200       37         1

        CLASS   BANK3          
                dataBANK3                           3BC      3BC       43         1
                bssBANK3                            300      300       BC         1

        CLASS   BANK4          
                bssBANK4                            440      440       82         1

        CLASS   BANK5          
                bssBANK5                            500      500       DC         1

        CLASS   BANK6          
                bssBANK6                            600      600       40         1

        CLASS   BANK7          
                cstackBANK7                         700      700       C8         1

        CLASS   BANK8          

        CLASS   BANK9          

        CLASS   BANK10         

        CLASS   BANK11         

        CLASS   BANK12         

        CLASS   BANK13         

        CLASS   BANK14         

        CLASS   SFR            

        CLASS   FARRAM         

        CLASS   CONFIG         
                config                             FFF8     FFF8        8         0

        CLASS   IDLOC          



SEGMENTS        Name                           Load    Length   Top    Selector   Space  Class

                reset_vec                      000000  000006  000006         0       0  CODE    
                bssCOMRAM                      000001  000049  00004A         1       1  COMRAM  
                intcode                        000008  000006  00000E         4       0  CODE    
                intcodelo                      000018  003C3F  003C57         C       0  CODE    
                cstackBANK0                    000060  000082  0000E2        60       1  BANK0   
                cstackBANK1                    000100  000100  000200       100       1  BANK1   
                bssBANK2                       000200  00006A  00026A       200       1  BANK2   
                bssBANK3                       000300  0000FF  0003FF       300       1  BANK3   
                bssBANK4                       000440  000082  0004C2       440       1  BANK4   
                bssBANK5                       000500  0000DC  0005DC       500       1  BANK5   
                bssBANK6                       000600  000040  000640       600       1  BANK6   
                cstackBANK7                    000700  0000C8  0007C8       700       1  BANK7   
                bssBIGRAMl                     0007C8  000190  000958       7C8       1  BIGRAM  
                text77                         003C58  000728  004380      1E2C       0  CODE    
                mediumconst                    00FD88  000270  00FFF8      7EC4       0  MEDIUMCO
                config                         00FFF8  000008  010000      FFF8       0  CONFIG  


UNUSED ADDRESS RANGES

        Name                Unused          Largest block    Delta
        BANK0            000E2-000FF              1E
        BANK10           00A00-00AFF             100
        BANK11           00B00-00BFF             100
        BANK12           00C00-00CFF             100
        BANK13           00D00-00DFF             100
        BANK14           00E00-00EBF              C0
        BANK2            0026A-002FF              96
        BANK3            003FF-003FF               1
        BANK4            004C2-004FF              3E
        BANK5            005DC-005FF              24
        BANK6            00640-006FF              C0
        BANK9            00958-009FF              A8
        BIGRAM           0004A-0005F              16
                         000E2-000FF              1E
                         0026A-002FF              96
                         003FF-003FF               1
                         004C2-004FF              3E
                         005DC-005FF              24
                         00640-006FF              C0
                         00958-00EBF             568
        CODE             00006-00007               2
                         0000E-00017               A
                         03C57-03C57               1
                         04380-0FD87            BA08
        COMRAM           0004A-0005F              16
        CONST            00006-00007               2
                         0000E-00017               A
                         03C57-03C57               1
                         04380-0FD87            BA08
        MEDIUMCONST      03C57-03C57               1
                         04380-0FD87            BA08
        RAM              000E2-000FF              1E
                         0026A-002FF              96
                         003FF-003FF               1
                         004C2-004FF              3E
                         005DC-005FF              24
                         00640-006FF              C0
                         00958-00EBF             100
        SFR              00EC0-00FFC              60
        SMALLCONST       03C57-03C57               1
                         04380-0FD87             100
        STACK            00958-00EBF             568

                                  Symbol Table

?_GetElapsedTime                          cstackBANK0   00079
?_GetOsTickCounter                        cstackBANK0   00075
?_Rtcm_GetRtccDate                        cstackBANK0   00079
?_USBTransferOnePacket                    cstackBANK0   00075
?___awdiv                                 cstackBANK0   00075
?___awmod                                 cstackBANK0   00075
?___lldiv                                 cstackBANK0   00075
?___lmul                                  cstackBANK0   00075
?___lwdiv                                 cstackBANK0   00075
?___lwmod                                 cstackBANK0   00075
?___wmul                                  cstackBANK0   00075
?_atoi                                    cstackBANK0   0007B
?_sprintf                                 cstackBANK0   00075
?_strlen                                  cstackBANK0   00075
?_strtol                                  cstackBANK0   00081
?_xtoi                                    cstackBANK0   0007B
?i1___wmul                                cstackCOMRAM  00037
CDCTxService@byte_to_send                 cstackBANK0   0007D
CDCTxService@i                            cstackBANK0   0007C
GenerateEvt@Event                         cstackBANK0   00075
GenerateEvt@EventStatus                   cstackBANK0   00077
GetElapsedTime@CurrentTimestamp           cstackBANK0   00089
GetElapsedTime@StartTime                  cstackBANK0   00079
GetElapsedTime@TimeValue                  cstackBANK0   00085
I2cDummyTx@DummyBuffer                    bssCOMRAM     00024
I2cSendMsgSm@I2cComState                  bssBANK0      000CB
I2cSlv_I2cReadMsgSts@Result               cstackBANK0   00079
I2cSlv_QueryI2cData@I2cOpState            bssCOMRAM     0001F
I2cSlv_QueryI2cData@QueryTimer            bssBANK3      0039F
I2cSlv_QueryI2cData@Ret                   bssCOMRAM     0001E
I2cSlv_QueryI2cData@TimeoutTimer          bssBANK3      00394
I2cSlv_ReceiveI2cMsg@DataLenght           cstackBANK0   0007B
I2cSlv_ReceiveI2cMsg@RxBuffer             cstackBANK0   00078
I2cSlv_ReceiveI2cMsg@RxSts                cstackBANK0   0007C
I2cSlv_ReceiveI2cMsg@SlaveAddr            cstackBANK0   0007A
I2cSlv_SendI2cMsg@DataLenght              cstackBANK0   0007B
I2cSlv_SendI2cMsg@SlaveAddr               cstackBANK0   0007A
I2cSlv_SendI2cMsg@TxBuffer                cstackBANK0   00078
I2cSlv_SendI2cMsg@TxSts                   cstackBANK0   0007C
I2c_InitI2cModule@I2cConfig               cstackBANK0   0008E
I2c_ReadData@DataCounter                  bssBANK0      000D0
I2c_ReadData@I2cReadState                 bssBANK0      000D1
I2c_ReadData@ReadPacket                   cstackBANK0   00078
I2c_ReadData@ReadStatus                   bssBANK0      000CE
I2c_ReadData@TentativeCounter             bssBANK0      000CF
I2c_WriteData@I2cNextState                bssBANK0      000D4
I2c_WriteData@I2cWriteState               bssBANK0      000D5
I2c_WriteData@TentativeCounter            bssBANK0      000D3
I2c_WriteData@WritePacket                 cstackBANK0   00076
I2c_WriteData@WriteStatus                 bssBANK0      000D2
InitSchedTimer@TmrBConfig                 cstackBANK0   00090
InitializeTasks@ActiveTaskIndex           cstackBANK0   000A3
Irq_InitIntController@GlobalInt_HighPInt  cstackBANK0   00075
Irq_InitIntController@IntPriorityEn       cstackBANK0   00077
Irq_InitIntController@PerInt_LowPInt      cstackBANK0   00076
LedBlinkStateMachine@LedBlink             cstackBANK0   0007C
LedPulseStateMachine@Led                  cstackBANK0   0007E
LedPulseStateMachine@LedPulse             cstackBANK0   0007C
LedStateMachine@Led                       cstackBANK0   0008B
LedStateMachine@LedBlink                  cstackBANK0   00085
LedStateMachine@LedOut                    cstackBANK0   00083
LedStateMachine@LedOutSts                 cstackBANK0   0008A
LedStateMachine@LedPulse                  cstackBANK0   00087
LedStateMachine@LedSts                    cstackBANK0   00081
Led_SetLedBlinkTime@Led                   cstackBANK0   00079
Led_SetLedBlinkTime@OffTimeMs             cstackBANK0   00077
Led_SetLedBlinkTime@OnTimeMs              cstackBANK0   00075
Led_SetLedStatus@Led                      cstackBANK0   00076
Led_SetLedStatus@LedSts                   cstackBANK0   00075
Mcu_SetWdgSts@WdgSts                      cstackBANK0   00075
Mcu_StartSystemPll@PllStartupCounter      cstackBANK0   00075
OsAlrm_ClearOsAlarm@OsAlarmId             cstackCOMRAM  00037
OsAlrm_ProcessOsAlarms@AlarmIndex         cstackCOMRAM  00047
OsAlrm_SetOsAlarm@AlarmCallback           cstackBANK0   00081
OsAlrm_SetOsAlarm@OsAlarmId               cstackBANK0   0007B
OsAlrm_SetOsAlarm@OsAlarmTimeout          cstackBANK0   0007D
OsTmr_GetTimerStatus@Timer                cstackBANK0   0008D
OsTmr_StartTimer@Timeout                  cstackBANK0   0007B
OsTmr_StartTimer@Timer                    cstackBANK0   00079
ReadByte@Byte                             cstackBANK0   00075
ReceiveEvt@Event                          cstackBANK0   00075
ReceiveEvt@EventStatus                    cstackBANK0   00078
RtccIrqInit@Priority                      cstackBANK0   00075
Rtcc_AlarmConfig@AlarmConfig              cstackBANK0   00075
Rtcc_GetRtccValue@RegValue                cstackBANK0   00078
Rtcc_GetRtccValue@RetValue                cstackBANK0   00077
Rtcc_GetRtccValue@RtccPtrVal              cstackBANK0   00076
Rtcc_RtcConfig@RtcConfig                  cstackBANK0   00076
Rtcc_SetRtcStatus@Status                  cstackBANK0   00075
Rtcc_SetRtccValue@RtccPtrVal              cstackBANK0   00080
Rtcc_SetRtccValue@Value                   cstackBANK0   0007D
Rtcm_GetRtccDate@LocalDate                cstackBANK0   00082
Rtcm_SetRtccDate@Date                     cstackBANK0   00081
ScheduleTasks@ActiveTaskIndex             cstackBANK0   000A5
SetAckStatus@AckSts                       cstackBANK0   00075
SetBaudRate@DesiredI2cBusClockHz          cstackBANK0   00082
SetBaudRate@McuClockHz                    cstackBANK0   00086
Term_MainSm@Data                          bssBANK3      00362
Term_MainSm@FwkBuildStr                   cstackBANK0   0009D
Term_MainSm@FwkMajorStr                   cstackBANK0   00095
Term_MainSm@FwkMinorStr                   cstackBANK0   00099
Term_MainSm@TermDelay                     dataBANK3     003F4
Term_MainSm@TermMainSmState               bssBANK0      000B8
Terminal@Addr                             bssBANK2      0022F
Terminal@EchoOption                       dataBANK2     00269
Terminal@FormatOption                     bssBANK2      00208
Terminal@Index                            cstackBANK0   00094
Terminal@Len                              bssBANK2      00233
Terminal@PackageLen                       bssBANK2      0020A
Terminal@Payload                          bssBANK4      00440
Terminal@ReceivedBytes                    cstackBANK0   00093
Terminal@SlaveAddr                        bssBANK2      00209
Terminal@TermRxBuffer                     bssBANK4      00490
Terminal@TermState                        bssBANK2      0020B
Terminal@TermTxBuffer                     cstackBANK2   00237
Terminal@UsbRxBuffer                      cstackBANK7   00700
Terminal@UsbTxBuffer                      cstackBANK1   00100
TmrBInit@Postscaler                       cstackBANK0   00076
TmrBInit@Prescaler                        cstackBANK0   00075
TmrBInit@TmrNumb                          cstackBANK0   00078
Tmr_RegisterTmr2IsrCallback@IsrCallback   cstackBANK0   00075
Tmr_StartTmr@TmrNumb                      cstackBANK0   00075
Tmr_TmrBConfig@TmrBConfig                 cstackBANK0   0008C
Tmr_TmrBConfig@TmrNumb                    cstackBANK0   0008F
Tmr_TmrBIrqSet@Priority                   cstackBANK0   00075
Tmr_TmrBIrqSet@TmrIrqSts                  cstackBANK0   00076
Tmr_TmrBIrqSet@TmrNumb                    cstackBANK0   00077
Tmr_TmrBPrSet@Divisor                     cstackBANK0   00088
Tmr_TmrBPrSet@IntFreqHz                   cstackBANK0   00082
Tmr_TmrBPrSet@Postscaler                  cstackBANK0   00085
Tmr_TmrBPrSet@Prescaler                   cstackBANK0   00084
Tmr_TmrBPrSet@TmrBPrCfgSts                cstackBANK0   00086
Tmr_TmrBPrSet@TmrNumb                     cstackBANK0   00087
USBConfigureEndpoint@EPNum                cstackBANK0   0007A
USBConfigureEndpoint@direction            cstackBANK0   00075
USBConfigureEndpoint@handle               cstackBANK0   0007B
USBCtrlTrfInHandler@lastDTS               cstackBANK0   00076
USBCtrlTrfRxService@byteToRead            cstackBANK0   00076
USBCtrlTrfRxService@i                     cstackBANK0   00075
USBCtrlTrfTxService@byteToSend            cstackBANK0   00075
USBDeviceInit@i                           cstackBANK0   0007D
USBDeviceTasks@i                          cstackBANK0   00090
USBEnableEndpoint@ep                      cstackBANK0   00080
USBEnableEndpoint@options                 cstackBANK0   0007D
USBEnableEndpoint@p                       cstackBANK0   0007E
USBStdFeatureReqHandler@current_ep_data   cstackBANK0   0008C
USBStdFeatureReqHandler@p                 cstackBANK0   0008D
USBStdFeatureReqHandler@pUEP              cstackBANK0   0008A
USBStdGetStatusHandler@p                  cstackBANK0   00076
USBStdSetCfgHandler@i                     cstackBANK0   00089
USBTransferOnePacket@data                 cstackBANK0   00076
USBTransferOnePacket@dir                  cstackBANK0   00075
USBTransferOnePacket@ep                   cstackBANK0   00079
USBTransferOnePacket@handle               cstackBANK0   0007A
USBTransferOnePacket@len                  cstackBANK0   00078
USER_USB_CALLBACK_EVENT_HANDLER@event     cstackBANK0   00081
USER_USB_CALLBACK_EVENT_HANDLER@pdata     cstackBANK0   00083
USER_USB_CALLBACK_EVENT_HANDLER@size      cstackBANK0   00085
Uart_Uart1RxIsr@UartRxData                bssCOMRAM     00021
UpdateSchFlag@InterruptCounter            bssBANK1      001D2
WriteByte@Byte                            cstackBANK0   00075
_ALRMCFGbits                              (abs)         00F91
_ALRMRPTbits                              (abs)         00F90
_ALRMVALH                                 (abs)         00F8F
_ALRMVALL                                 (abs)         00F8E
_ANCON1bits                               (abs)         00F49
_AlCfg                                    bssBANK1      001F8
_AlarmEvent                               bssBANK0      000D6
_BAUDCON1                                 (abs)         00F7E
_BAUDCON2                                 (abs)         00F7C
_BDT                                      (abs)         00400
_BaudRateGen                              bssBANK2      00200
_BothEP0OutUOWNsSet                       bssBANK0      000C4
_CDCDataInHandle                          bssCOMRAM     00015
_CDCDataOutHandle                         bssBANK0      000B2
_CDCInitEP                                text43        035DA
_CDCTxService                             text51        0167C
_CheckAckStatus                           text119       0434C
_CheckTxStatus                            text118       04342
_CtrlTrfData                              (abs)         00438
_DSCONHbits                               (abs)         00F4D
_DSCONLbits                               (abs)         00F4C
_DSGPR0                                   (abs)         00F4E
_DSGPR1                                   (abs)         00F4F
_EnableReceiver                           text117       0436E
_ExtInt0IsrCallback                       bssBANK1      001D8
_ExtInt1IsrCallback                       bssBANK1      001D6
_GenerateEvt                              text116       04248
_GetElapsedTime                           text81        02498
_GetOsTickCounter                         text82        042C8
_HighPriorityIsr                          intcode       00008
_I2cBusStatus                             bssCOMRAM     00020
_I2cComSts                                bssBANK0      000CC
_I2cConfig                                bssBANK1      001DC
_I2cDummyTx                               text128       041FE
_I2cReadDataEvt                           bssBANK0      000DF
_I2cRxPacket                              bssBANK1      001ED
_I2cSendMsgSm                             text107       0292E
_I2cSetConfig                             text106       03F76
_I2cSlv_I2cReadMsgSts                     text78        040F0
_I2cSlv_MainTask                          text21        038D2
_I2cSlv_ReceiveI2cMsg                     text77        03C58
_I2cSlv_SendI2cMsg                        text76        03CD6
_I2cTxPacket                              bssBANK1      001F3
_I2cWriteDataEvt                          bssBANK0      000E0
_I2c_InitI2cModule                        text103       0348C
_I2c_ReadData                             text110       01126
_I2c_WriteData                            text109       00FAE
_INTCON2bits                              (abs)         00FF1
_INTCON3bits                              (abs)         00FF0
_INTCONbits                               (abs)         00FF2
_IPR1bits                                 (abs)         00F9F
_IPR3bits                                 (abs)         00FA5
_InitSchedTimer                           text7         03F1A
_InitializeTasks                          text15        034FE
_Irq_InitIntController                    text6         03FA2
_Led1Blink                                bssBANK3      003B3
_Led1OutSts                               bssBANK0      000DB
_Led1Pulse                                bssBANK2      00229
_Led1Sts                                  bssBANK0      000DC
_Led2Blink                                bssBANK2      0020C
_Led2OutSts                               bssBANK0      000D9
_Led2Pulse                                bssBANK2      00223
_Led2Sts                                  bssBANK0      000DA
_Led3Blink                                bssBANK3      003AA
_Led3OutSts                               bssBANK0      000D7
_Led3Pulse                                bssBANK2      0021D
_Led3Sts                                  bssBANK0      000D8
_LedBlinkStateMachine                     text99        01534
_LedPulseStateMachine                     text97        01CFA
_LedStateMachine                          text96        02C9A
_Led_MainTask                             text19        02238
_Led_SetLedBlinkTime                      text95        0397A
_Led_SetLedStatus                         text98        03EEA
_LowPriorityIsr                           intcodelo     00018
_MainSystemTimebaseFlag                   dataBANK0     000E1
_Mcu_ClearWdg                             text24        04362
_Mcu_ConfigExtInt                         text5         041CA
_Mcu_Int0Isr                              text135       0437A
_Mcu_Int1Isr                              text134       04376
_Mcu_SetWdgSts                            text23        042B6
_Mcu_StartSystemPll                       text4         04154
_MsgFormat                                mediumconst   0FD93
_MsgReady                                 mediumconst   0FF8F
_MyApp_Task                               text16        03DC2
_OSCCONbits                               (abs)         00FD3
_OSCTUNEbits                              (abs)         00F9B
_OsAlarms                                 bssBANK5      00500
_OsAlrm_ClearOsAlarm                      text127       0387A
_OsAlrm_ProcessOsAlarms                   text125       01292
_OsAlrm_SetOsAlarm                        text101       02560
_OsTmr_GetTimerStatus                     text80        0316C
_OsTmr_OsTickCounter                      bssBANK1      001CE
_OsTmr_StartTimer                         text79        03768
_PADCFG1bits                              (abs)         00F3C
_PIE1bits                                 (abs)         00F9D
_PIE2bits                                 (abs)         00FA0
_PIE3bits                                 (abs)         00FA3
_PIR1bits                                 (abs)         00F9E
_PIR2bits                                 (abs)         00FA1
_PIR3bits                                 (abs)         00FA4
_PORTDbits                                (abs)         00F83
_PR2                                      (abs)         00FCB
_PR4                                      (abs)         00F77
_Pm_DsReleasePinControl                   text3         04356
_RCONbits                                 (abs)         00FD0
_RCREG1                                   (abs)         00FAF
_RCREG2                                   (abs)         00FAA
_RCSTA1                                   (abs)         00FAC
_RCSTA2                                   (abs)         00F9C
_RPINR1                                   (abs)         00EE7
_RTCCAL                                   (abs)         00F3E
_RTCCFGbits                               (abs)         00F3F
_RTCVALH                                  (abs)         00F99
_RTCVALL                                  (abs)         00F98
_ReadByte                                 text115       04338
_ReceiveEvt                               text108       03F48
_RemoteWakeup                             bssBANK0      000C7
_RtcConfig                                bssBANK1      001FC
_RtccIrqInit                              text93        04276
_RtccIsrCallback                          bssBANK1      001DA
_Rtcc_AlarmConfig                         text94        0356E
_Rtcc_GetRtccValue                        text90        030D8
_Rtcc_LockRtc                             text88        042EA
_Rtcc_RtcConfig                           text92        02D42
_Rtcc_RtcIsr                              text133       04372
_Rtcc_SetRtcStatus                        text91        04260
_Rtcc_SetRtccValue                        text85        00A28
_Rtcc_UnlockRtc                           text84        042DA
_Rtcm_GetRtccDate                         text89        03644
_Rtcm_MainTask                            text18        031FC
_Rtcm_RtccAlarm                           bssBANK3      0031C
_Rtcm_SetRtccDate                         text83        03926
_Rtcm_SystemDate                          bssBANK3      00314
_RxBuffer                                 bssBIGRAMl    007C8
_RxLen                                    bssBANK1      001D4
_SPBRG1                                   (abs)         00FB0
_SPBRG2                                   (abs)         00FAB
_SPBRGH1                                  (abs)         00F7F
_SPBRGH2                                  (abs)         00F7D
_SSP2ADD                                  (abs)         00F74
_SSP2BUF                                  (abs)         00F75
_SSP2CON1                                 (abs)         00F72
_SSP2CON2                                 (abs)         00F71
_SSP2CON2bits                             (abs)         00F71
_SSP2STAT                                 (abs)         00F73
_Sch_MainScheduler                        text13        041AE
_Sch_SchmIntService                       text122       0430A
_ScheduleTasks                            text14        018E2
_SetAckStatus                             text114       042A2
_SetBaudRate                              text104       03A22
_SetupPkt                                 (abs)         00430
_StartCondition                           text113       0436A
_StopCondition                            text112       04366
_SystemInit                               text1         03E2A
_SystemState                              bssBANK0      000CD
_T1CONbits                                (abs)         00FCD
_T2CONbits                                (abs)         00FCA
_T4CONbits                                (abs)         00F76
_TRISBbits                                (abs)         00F93
_TRISCbits                                (abs)         00F94
_TRISDbits                                (abs)         00F95
_TXREG1                                   (abs)         00FAE
_TXREG2                                   (abs)         00FA9
_TXSTA1                                   (abs)         00FAD
_TXSTA2                                   (abs)         00FA8
_TaskNumber                               mediumconst   0FD91
_TaskTable                                dataBANK3     003BC
_Term_MainSm                              text52        00506
_Term_MainTask                            text17        041E4
_Terminal                                 text58        000D0
_Tmr2IsrCallback                          bssCOMRAM     0001B
_Tmr4IsrCallback                          bssCOMRAM     00019
_TmrBInit                                 text12        02F18
_Tmr_RegisterTmr2IsrCallback              text2         04324
_Tmr_StartTmr                             text11        04134
_Tmr_Tmr2Isr                              text121       04112
_Tmr_TmrBConfig                           text8         023D0
_Tmr_TmrBIrqSet                           text10        03A70
_Tmr_TmrBPrSet                            text9         01C0C
_UADDR                                    (abs)         00F38
_UCFG                                     (abs)         00F39
_UCON                                     (abs)         00F65
_UCONbits                                 (abs)         00F65
_UEIE                                     (abs)         00F37
_UEIR                                     (abs)         00F63
_UEP0                                     (abs)         00F26
_UEP0bits                                 (abs)         00F26
_UEP1                                     (abs)         00F27
_UIE                                      (abs)         00F36
_UIEbits                                  (abs)         00F36
_UIR                                      (abs)         00F62
_UIRbits                                  (abs)         00F62
_USB1msTickCount                          bssBANK2      00204
_USBActiveConfiguration                   bssBANK0      000DE
_USBAlternateInterface                    bssCOMRAM     00022
_USBBusIsSuspended                        bssBANK0      000C6
_USBCheckCDCRequest                       text42        02A96
_USBCheckStdRequest                       text36        01FAE
_USBConfigureEndpoint                     text45        02E80
_USBCtrlEPAllowDataStage                  text35        02DE2
_USBCtrlEPAllowStatusStage                text48        026EE
_USBCtrlEPService                         text31        03044
_USBCtrlEPServiceComplete                 text34        01B12
_USBCtrlTrfInHandler                      text49        027B2
_USBCtrlTrfOutHandler                     text46        036AA
_USBCtrlTrfRxService                      text47        01A04
_USBCtrlTrfSetupHandler                   text33        0328A
_USBCtrlTrfTxService                      text50        02304
_USBDeferINDataStagePackets               bssBANK0      000BF
_USBDeferOUTDataStagePackets              bssBANK0      000BE
_USBDeferStatusStagePacket                bssBANK0      000C2
_USBDeviceInit                            text30        013E8
_USBDeviceState                           bssBANK0      000CA
_USBDeviceTasks                           text25        00E2C
_USBEnableEndpoint                        text44        03B48
_USBIncrement1msInternalTimers            text29        0408A
_USBStallHandler                          text28        03B04
_USBStatusStageEnabledFlag1               bssBANK0      000C1
_USBStatusStageEnabledFlag2               bssBANK0      000C0
_USBStatusStageTimeoutCounter             bssBANK0      000C3
_USBStdFeatureReqHandler                  text40        0079A
_USBStdGetDscHandler                      text39        017B4
_USBStdGetStatusHandler                   text38        029E4
_USBStdSetCfgHandler                      text37        01DE2
_USBSuspend                               text27        03E5A
_USBTicksSinceSuspendEnd                  bssBANK0      000BD
_USBTransferOnePacket                     text73        02870
_USBWakeFromSuspend                       text26        03D8A
_USB_CD_Ptr                               mediumconst   0FD8F
_USB_SD_Ptr                               mediumconst   0FD89
_USER_USB_CALLBACK_EVENT_HANDLER          text41        0370A
_USTAT                                    (abs)         00F64
_USTATcopy                                bssBANK0      000DD
_Uart_Uart1RxIsr                          text132       0435C
_UpdateOsCounters                         text124       042FA
_UpdateSchFlag                            text123       04190
_UsbDevice_MainTask                       text20        04044
_WDTCONbits                               (abs)         00FC0
_Wdg_MainTask                             text22        04068
_Welcome                                  mediumconst   0FE7F
_WriteByte                                text111       0432E
__CFG_CP0$OFF                             (abs)         00000
__CFG_CPUDIV$OSC1                         (abs)         00000
__CFG_DSBOREN$OFF                         (abs)         00000
__CFG_DSWDTEN$OFF                         (abs)         00000
__CFG_DSWDTOSC$INTOSCREF                  (abs)         00000
__CFG_DSWDTPS$G2                          (abs)         00000
__CFG_FCMEN$ON                            (abs)         00000
__CFG_IESO$ON                             (abs)         00000
__CFG_IOL1WAY$ON                          (abs)         00000
__CFG_LPT1OSC$OFF                         (abs)         00000
__CFG_MSSP7B_EN$MSK7                      (abs)         00000
__CFG_OSC$HSPLL                           (abs)         00000
__CFG_PLLDIV$2                            (abs)         00000
__CFG_RTCOSC$T1OSCREF                     (abs)         00000
__CFG_STVREN$ON                           (abs)         00000
__CFG_T1DIG$ON                            (abs)         00000
__CFG_WDTEN$OFF                           (abs)         00000
__CFG_WDTPS$2048                          (abs)         00000
__CFG_WPCFG$OFF                           (abs)         00000
__CFG_WPDIS$OFF                           (abs)         00000
__CFG_WPEND$PAGE_WPFP                     (abs)         00000
__CFG_WPFP$PAGE_63                        (abs)         00000
__CFG_XINST$OFF                           (abs)         00000
__HRAM                                    (abs)         00000
__Habs1                                   abs1          00000
__Hbank0                                  bank0         00000
__Hbank1                                  bank1         00000
__Hbank10                                 bank10        00000
__Hbank11                                 bank11        00000
__Hbank12                                 bank12        00000
__Hbank13                                 bank13        00000
__Hbank14                                 bank14        00000
__Hbank2                                  bank2         00000
__Hbank3                                  bank3         00000
__Hbank4                                  bank4         00000
__Hbank5                                  bank5         00000
__Hbank6                                  bank6         00000
__Hbank7                                  bank7         00000
__Hbank8                                  bank8         00000
__Hbank9                                  bank9         00000
__Hbigbss                                 bigbss        00000
__Hbigdata                                bigdata       00000
__Hbigram                                 bigram        00000
__Hbss                                    bss           00000
__HbssBANK0                               bssBANK0      00000
__HbssBANK1                               bssBANK1      00000
__HbssBANK2                               bssBANK2      00000
__HbssBANK3                               bssBANK3      00000
__HbssBANK4                               bssBANK4      00000
__HbssBANK5                               bssBANK5      00000
__HbssBANK6                               bssBANK6      00000
__HbssBIGRAMl                             bssBIGRAMl    00000
__HbssCOMRAM                              bssCOMRAM     00000
__Hcinit                                  cinit         00000
__Hclrtext                                clrtext       00000
__Hcomram                                 comram        00000
__Hconfig                                 config        10000
__Hconst                                  const         00000
__HcstackBANK0                            cstackBANK0   00000
__HcstackBANK1                            cstackBANK1   00000
__HcstackBANK2                            cstackBANK2   00000
__HcstackBANK7                            cstackBANK7   00000
__HcstackCOMRAM                           cstackCOMRAM  00000
__Hdata                                   data          00000
__HdataBANK0                              dataBANK0     00000
__HdataBANK2                              dataBANK2     00000
__HdataBANK3                              dataBANK3     00000
__Hfarbss                                 farbss        00000
__Hfardata                                fardata       00000
__Hibigdata                               ibigdata      00000
__Hidata                                  idata         00000
__HidataBANK0                             idataBANK0    00000
__HidataBANK2                             idataBANK2    00000
__HidataBANK3                             idataBANK3    00000
__Hidloc                                  idloc         00000
__Hifardata                               ifardata      00000
__Hinit                                   init          000D0
__Hintcode                                intcode       0000E
__Hintcode_body                           intcode_body  00000
__Hintcodelo                              intcodelo     000CC
__Hintentry                               intentry      00000
__Hintret                                 intret        00000
__Hintsave_regs                           intsave_regs  00000
__Hirdata                                 irdata        00000
__Hjflash_buffer                          jflash_buffer 0F800
__Hmediumconst                            mediumconst   0FFF8
__HnvFARRAM                               nvFARRAM      00000
__Hnvbit                                  nvbit         00000
__Hnvrram                                 nvrram        00000
__Hparam                                  rparam        00000
__Hpowerup                                powerup       000CC
__Hram                                    ram           00000
__Hramtop                                 ramtop        00F00
__Hrbit                                   rbit          00000
__Hrbss                                   rbss          00000
__Hrdata                                  rdata         00000
__Hreset_vec                              reset_vec     00006
__Hrparam                                 rparam        00000
__Hsfr                                    sfr           00000
__Hsmallconst                             smallconst    00000
__Hspace_0                                (abs)         10000
__Hspace_1                                (abs)         00958
__Hspace_2                                (abs)         00000
__Hstack                                  stack         00000
__Hstruct                                 struct        00000
__Htemp                                   temp          0004A
__Htext                                   text          00000
__Htext0                                  text0         00000
__Htext1                                  text1         00000
__Htext10                                 text10        00000
__Htext100                                text100       00000
__Htext101                                text101       00000
__Htext102                                text102       00000
__Htext103                                text103       00000
__Htext104                                text104       00000
__Htext105                                text105       00000
__Htext106                                text106       00000
__Htext107                                text107       00000
__Htext108                                text108       00000
__Htext109                                text109       00000
__Htext11                                 text11        00000
__Htext110                                text110       00000
__Htext111                                text111       00000
__Htext112                                text112       00000
__Htext113                                text113       00000
__Htext114                                text114       00000
__Htext115                                text115       00000
__Htext116                                text116       00000
__Htext117                                text117       00000
__Htext118                                text118       00000
__Htext119                                text119       00000
__Htext12                                 text12        00000
__Htext121                                text121       00000
__Htext122                                text122       00000
__Htext123                                text123       00000
__Htext124                                text124       00000
__Htext125                                text125       00000
__Htext126                                text126       00000
__Htext127                                text127       00000
__Htext128                                text128       00000
__Htext129                                text129       00000
__Htext13                                 text13        00000
__Htext130                                text130       00000
__Htext132                                text132       00000
__Htext133                                text133       00000
__Htext134                                text134       00000
__Htext135                                text135       00000
__Htext136                                text136       00000
__Htext14                                 text14        00000
__Htext15                                 text15        00000
__Htext16                                 text16        00000
__Htext17                                 text17        00000
__Htext18                                 text18        00000
__Htext19                                 text19        00000
__Htext2                                  text2         00000
__Htext20                                 text20        00000
__Htext21                                 text21        00000
__Htext22                                 text22        00000
__Htext23                                 text23        00000
__Htext24                                 text24        00000
__Htext25                                 text25        00000
__Htext26                                 text26        00000
__Htext27                                 text27        00000
__Htext28                                 text28        00000
__Htext29                                 text29        00000
__Htext3                                  text3         00000
__Htext30                                 text30        00000
__Htext31                                 text31        00000
__Htext32                                 text32        00000
__Htext33                                 text33        00000
__Htext34                                 text34        00000
__Htext35                                 text35        00000
__Htext36                                 text36        00000
__Htext37                                 text37        00000
__Htext38                                 text38        00000
__Htext39                                 text39        00000
__Htext4                                  text4         00000
__Htext40                                 text40        00000
__Htext41                                 text41        00000
__Htext42                                 text42        00000
__Htext43                                 text43        00000
__Htext44                                 text44        00000
__Htext45                                 text45        00000
__Htext46                                 text46        00000
__Htext47                                 text47        00000
__Htext48                                 text48        00000
__Htext49                                 text49        00000
__Htext5                                  text5         00000
__Htext50                                 text50        00000
__Htext51                                 text51        00000
__Htext52                                 text52        00000
__Htext53                                 text53        00000
__Htext54                                 text54        00000
__Htext55                                 text55        00000
__Htext56                                 text56        00000
__Htext57                                 text57        00000
__Htext58                                 text58        00000
__Htext59                                 text59        00000
__Htext6                                  text6         00000
__Htext60                                 text60        00000
__Htext61                                 text61        00000
__Htext62                                 text62        00000
__Htext63                                 text63        00000
__Htext64                                 text64        00000
__Htext65                                 text65        00000
__Htext66                                 text66        00000
__Htext67                                 text67        00000
__Htext68                                 text68        00000
__Htext69                                 text69        00000
__Htext7                                  text7         00000
__Htext70                                 text70        00000
__Htext71                                 text71        00000
__Htext72                                 text72        00000
__Htext73                                 text73        00000
__Htext74                                 text74        00000
__Htext75                                 text75        00000
__Htext76                                 text76        00000
__Htext77                                 text77        00000
__Htext78                                 text78        00000
__Htext79                                 text79        00000
__Htext8                                  text8         00000
__Htext80                                 text80        00000
__Htext81                                 text81        00000
__Htext82                                 text82        00000
__Htext83                                 text83        00000
__Htext84                                 text84        00000
__Htext85                                 text85        00000
__Htext86                                 text86        00000
__Htext87                                 text87        00000
__Htext88                                 text88        00000
__Htext89                                 text89        00000
__Htext9                                  text9         00000
__Htext90                                 text90        00000
__Htext91                                 text91        00000
__Htext92                                 text92        00000
__Htext93                                 text93        00000
__Htext94                                 text94        00000
__Htext95                                 text95        00000
__Htext96                                 text96        00000
__Htext97                                 text97        00000
__Htext98                                 text98        00000
__Htext99                                 text99        00000
__LRAM                                    (abs)         00001
__Labs1                                   abs1          00000
__Lbank0                                  bank0         00000
__Lbank1                                  bank1         00000
__Lbank10                                 bank10        00000
__Lbank11                                 bank11        00000
__Lbank12                                 bank12        00000
__Lbank13                                 bank13        00000
__Lbank14                                 bank14        00000
__Lbank2                                  bank2         00000
__Lbank3                                  bank3         00000
__Lbank4                                  bank4         00000
__Lbank5                                  bank5         00000
__Lbank6                                  bank6         00000
__Lbank7                                  bank7         00000
__Lbank8                                  bank8         00000
__Lbank9                                  bank9         00000
__Lbigbss                                 bigbss        00000
__Lbigdata                                bigdata       00000
__Lbigram                                 bigram        00000
__Lbss                                    bss           00000
__LbssBANK0                               bssBANK0      00000
__LbssBANK1                               bssBANK1      00000
__LbssBANK2                               bssBANK2      00000
__LbssBANK3                               bssBANK3      00000
__LbssBANK4                               bssBANK4      00000
__LbssBANK5                               bssBANK5      00000
__LbssBANK6                               bssBANK6      00000
__LbssBIGRAMl                             bssBIGRAMl    00000
__LbssCOMRAM                              bssCOMRAM     00000
__Lcinit                                  cinit         00000
__Lclrtext                                clrtext       00000
__Lcomram                                 comram        00000
__Lconfig                                 config        0FFF8
__Lconst                                  const         00000
__LcstackBANK0                            cstackBANK0   00000
__LcstackBANK1                            cstackBANK1   00000
__LcstackBANK2                            cstackBANK2   00000
__LcstackBANK7                            cstackBANK7   00000
__LcstackCOMRAM                           cstackCOMRAM  00000
__Ldata                                   data          00000
__LdataBANK0                              dataBANK0     00000
__LdataBANK2                              dataBANK2     00000
__LdataBANK3                              dataBANK3     00000
__Lfarbss                                 farbss        00000
__Lfardata                                fardata       00000
__Libigdata                               ibigdata      00000
__Lidata                                  idata         00000
__LidataBANK0                             idataBANK0    00000
__LidataBANK2                             idataBANK2    00000
__LidataBANK3                             idataBANK3    00000
__Lidloc                                  idloc         00000
__Lifardata                               ifardata      00000
__Linit                                   init          000CC
__Lintcode                                intcode       00008
__Lintcode_body                           intcode_body  00000
__Lintcodelo                              intcodelo     00018
__Lintentry                               intentry      00000
__Lintret                                 intret        00000
__Lintsave_regs                           intsave_regs  00000
__Lirdata                                 irdata        00000
__Ljflash_buffer                          jflash_buffer 0F800
__Lmediumconst                            mediumconst   0FD88
__LnvFARRAM                               nvFARRAM      00000
__Lnvbit                                  nvbit         00000
__Lnvrram                                 nvrram        00000
__Lparam                                  rparam        00000
__Lpowerup                                powerup       000CC
__Lram                                    ram           00000
__Lramtop                                 ramtop        00F00
__Lrbit                                   rbit          00000
__Lrbss                                   rbss          00000
__Lrdata                                  rdata         00000
[...]
      Temps:         18       0       0       0       0       0       0       0       0       0       0       0       0       0       0       0
      Totals:        18       0       0       0       0       0       0       0       0       0       0       0       0       0       0       0
Total ram usage:       18 bytes
 Hardware stack levels used:    1
 Hardware stack levels required when called:    1
 This function calls:
		_Mcu_Int0Isr
		_Mcu_Int1Isr
		_Rtcc_RtcIsr
		_Uart_Uart1RxIsr
 This function is called by:
		Interrupt level 2
 This function uses a non-reentrant model


 *************** function _Uart_Uart1RxIsr *****************
 Defined at:
		line 584 in file "../../../MercuryFwk/Source/c/01_Hal/02_Drv/uart_drv.c"
 Parameters:    Size  Location     Type
		None
 Auto vars:     Size  Location     Type
		None
 Return value:  Size  Location     Type
                  1    wreg      void 
 Registers used:
		None
 Tracked objects:
		On entry : 
		On exit  : 
		Unchanged: 
 Data sizes:     COMRAM   BANK0   BANK1   BANK2   BANK3   BANK4   BANK5   BANK6   BANK7   BANK8   BANK9  BANK10  BANK11  BANK12  BANK13  BANK14
      Params:         0       0       0       0       0       0       0       0       0       0       0       0       0       0       0       0
      Locals:         0       0       0       0       0       0       0       0       0       0       0       0       0       0       0       0
      Temps:          0       0       0       0       0       0       0       0       0       0       0       0       0       0       0       0
      Totals:         0       0       0       0       0       0       0       0       0       0       0       0       0       0       0       0
Total ram usage:        0 bytes
 Hardware stack levels used:    1
 This function calls:
		Nothing
 This function is called by:
		_HighPriorityIsr
 This function uses a non-reentrant model


 *************** function _Rtcc_RtcIsr *****************
 Defined at:
		line 537 in file "../../../MercuryFwk/Source/c/01_Hal/02_Drv/rtcc_drv.c"
 Parameters:    Size  Location     Type
		None
 Auto vars:     Size  Location     Type
		None
 Return value:  Size  Location     Type
                  1    wreg      void 
 Registers used:
		wreg, status,2, status,0
 Tracked objects:
		On entry : 
		On exit  : 
		Unchanged: 
 Data sizes:     COMRAM   BANK0   BANK1   BANK2   BANK3   BANK4   BANK5   BANK6   BANK7   BANK8   BANK9  BANK10  BANK11  BANK12  BANK13  BANK14
      Params:         0       0       0       0       0       0       0       0       0       0       0       0       0       0       0       0
      Locals:         0       0       0       0       0       0       0       0       0       0       0       0       0       0       0       0
      Temps:          0       0       0       0       0       0       0       0       0       0       0       0       0       0       0       0
      Totals:         0       0       0       0       0       0       0       0       0       0       0       0       0       0       0       0
Total ram usage:        0 bytes
 Hardware stack levels used:    1
 This function calls:
		Nothing
 This function is called by:
		_HighPriorityIsr
 This function uses a non-reentrant model


 *************** function _Mcu_Int1Isr *****************
 Defined at:
		line 161 in file "../../../MercuryFwk/Source/c/01_Hal/02_Drv/mcu_drv.c"
 Parameters:    Size  Location     Type
		None
 Auto vars:     Size  Location     Type
		None
 Return value:  Size  Location     Type
                  1    wreg      void 
 Registers used:
		wreg, status,2, status,0
 Tracked objects:
		On entry : 
		On exit  : 
		Unchanged: 
 Data sizes:     COMRAM   BANK0   BANK1   BANK2   BANK3   BANK4   BANK5   BANK6   BANK7   BANK8   BANK9  BANK10  BANK11  BANK12  BANK13  BANK14
      Params:         0       0       0       0       0       0       0       0       0       0       0       0       0       0       0       0
      Locals:         0       0       0       0       0       0       0       0       0       0       0       0       0       0       0       0
      Temps:          0       0       0       0       0       0       0       0       0       0       0       0       0       0       0       0
      Totals:         0       0       0       0       0       0       0       0       0       0       0       0       0       0       0       0
Total ram usage:        0 bytes
 Hardware stack levels used:    1
 This function calls:
		Nothing
 This function is called by:
		_HighPriorityIsr
 This function uses a non-reentrant model


 *************** function _Mcu_Int0Isr *****************
 Defined at:
		line 126 in file "../../../MercuryFwk/Source/c/01_Hal/02_Drv/mcu_drv.c"
 Parameters:    Size  Location     Type
		None
 Auto vars:     Size  Location     Type
		None
 Return value:  Size  Location     Type
                  1    wreg      void 
 Registers used:
		wreg, status,2, status,0
 Tracked objects:
		On entry : 
		On exit  : 
		Unchanged: 
 Data sizes:     COMRAM   BANK0   BANK1   BANK2   BANK3   BANK4   BANK5   BANK6   BANK7   BANK8   BANK9  BANK10  BANK11  BANK12  BANK13  BANK14
      Params:         0       0       0       0       0       0       0       0       0       0       0       0       0       0       0       0
      Locals:         0       0       0       0       0       0       0       0       0       0       0       0       0       0       0       0
      Temps:          0       0       0       0       0       0       0       0       0       0       0       0       0       0       0       0
      Totals:         0       0       0       0       0       0       0       0       0       0       0       0       0       0       0       0
Total ram usage:        0 bytes
 Hardware stack levels used:    1
 This function calls:
		Nothing
 This function is called by:
		_HighPriorityIsr
 This function uses a non-reentrant model



MODULE INFORMATION

Module		Function		Class		Link	Load	Size
C:\Program Files (x86)\Microchip\xc8\v1.45\sources\common\strtol.c
		_strtol        		CODE           	0C56	0000	471

C:\Program Files (x86)\Microchip\xc8\v1.45\sources\common\strtol.c estimated size: 471

C:\Program Files (x86)\Microchip\xc8\v1.45\sources\common\isalpha.c
		_isalpha       		CODE           	3EBA	0000	49

C:\Program Files (x86)\Microchip\xc8\v1.45\sources\common\isalpha.c estimated size: 49

../../../MercuryFwk/Source/c/03_Sml/02_Ssl/term.c
		_Term_MainSm   		CODE           	0506	0000	661
		_Terminal      		CODE           	00D0	0000	1079
		_Term_MainTask 		CODE           	41E4	0000	27

../../../MercuryFwk/Source/c/03_Sml/02_Ssl/term.c estimated size: 1767

../../../MercuryFwk/Source/c/03_Sml/01_Pml/04_Usb/usb_device_cdc.c
		_CDCTxService  		CODE           	167C	0000	313
		_CDCInitEP     		CODE           	35DA	0000	107
		_putUSBUSART   		CODE           	4172	0000	31
		_getsUSBUSART  		CODE           	2FAE	0000	151
		_USBCheckCDCRequest		CODE           	2A96	0000	175

../../../MercuryFwk/Source/c/03_Sml/01_Pml/04_Usb/usb_device_cdc.c estimated size: 777

../../../MercuryFwk/Source/c/01_Hal/02_Drv/rtcc_drv.c
		_Rtcc_SetRtcStatus		CODE           	4260	0000	23
		_Rtcc_LockRtc  		CODE           	42EA	0000	17
		_Rtcc_AlarmConfig		CODE           	356E	0000	109
		_Rtcc_RtcIsr   		CODE           	4372	0000	5
		_Rtcc_GetRtccValue		CODE           	30D8	0000	149
		_Rtcc_UnlockRtc		CODE           	42DA	0000	17
		_RtccIrqInit   		CODE           	4276	0000	23
		_Rtcc_RtcConfig		CODE           	2D42	0000	161
		_Rtcc_SetRtccValue		CODE           	0A28	0000	559

../../../MercuryFwk/Source/c/01_Hal/02_Drv/rtcc_drv.c estimated size: 1063

C:\Program Files (x86)\Microchip\xc8\v1.45\sources\common\doprnt.c
		_sprintf       		CODE           	216A	0000	207

C:\Program Files (x86)\Microchip\xc8\v1.45\sources\common\doprnt.c estimated size: 207

../../../MercuryFwk/Source/c/03_Sml/01_Pml/02_SlvI2c/i2c_slv.c
		_I2cSlv_ReceiveI2cMsg		CODE           	3C58	0000	65
		_I2cSendMsgSm  		CODE           	292E	0000	183
		_I2cSlv_MainTask		CODE           	38D2	0000	85
		_I2cDummyTx    		CODE           	41FE	0000	27
		_I2cSlv_I2cReadMsgSts		CODE           	40F0	0000	35
		_I2cSetConfig  		CODE           	3F76	0000	45
		_I2cSlv_SendI2cMsg		CODE           	3CD6	0000	63

../../../MercuryFwk/Source/c/03_Sml/01_Pml/02_SlvI2c/i2c_slv.c estimated size: 503

../../../MercuryFwk/Source/c/03_Sml/01_Pml/04_Usb/usb_device.c
		_USBCtrlTrfInHandler		CODE           	27B2	0000	191
		_USBTransferOnePacket		CODE           	2870	0000	191
		_USBStdGetDscHandler		CODE           	17B4	0000	303
		_USBCtrlEPAllowDataStage		CODE           	2DE2	0000	159
		_USBStdFeatureReqHandler		CODE           	079A	0000	655
		_USBCtrlEPAllowStatusStage		CODE           	26EE	0000	197
		_USBCtrlTrfSetupHandler		CODE           	328A	0000	135
		_USBCtrlTrfOutHandler		CODE           	36AA	0000	97
		_USBCtrlEPServiceComplete		CODE           	1B12	0000	251
		_USBSuspend    		CODE           	3E5A	0000	49
		_USBStdSetCfgHandler		CODE           	1DE2	0000	231
		_USBStdGetStatusHandler		CODE           	29E4	0000	179
		_USBWakeFromSuspend		CODE           	3D8A	0000	57
		_USBCtrlTrfRxService		CODE           	1A04	0000	271
		_USBCtrlTrfTxService		CODE           	2304	0000	205
		_USBEnableEndpoint		CODE           	3B48	0000	69
		_USBConfigureEndpoint		CODE           	2E80	0000	153
		_USBDeviceInit 		CODE           	13E8	0000	333
		_USBIncrement1msInternalTimers		CODE           	408A	0000	35
		_USBCtrlEPService		CODE           	3044	0000	149
		_USBStallHandler		CODE           	3B04	0000	69
		_USBDeviceTasks		CODE           	0E2C	0000	387
		_USBCheckStdRequest		CODE           	1FAE	0000	229

../../../MercuryFwk/Source/c/03_Sml/01_Pml/04_Usb/usb_device.c estimated size: 4595

../../../MercuryFwk/Source/c/02_Osl/os_ser.c
		_ReceiveEvt    		CODE           	3F48	0000	47
		_GenerateEvt   		CODE           	4248	0000	25

../../../MercuryFwk/Source/c/02_Osl/os_ser.c estimated size: 72

C:\Program Files (x86)\Microchip\xc8\v1.45\sources\common\Umul16.c
		___wmul        		CODE           	3FF6	0000	41

C:\Program Files (x86)\Microchip\xc8\v1.45\sources\common\Umul16.c estimated size: 41

../../../MercuryFwk/Source/c/03_Sml/02_Ssl/led.c
		_LedStateMachine		CODE           	2C9A	0000	169
		_Led_SetLedBlinkTime		CODE           	397A	0000	85
		_LedBlinkStateMachine		CODE           	1534	0000	329
		_Led_MainTask  		CODE           	2238	0000	205
		_LedPulseStateMachine		CODE           	1CFA	0000	233
		_Led_SetLedStatus		CODE           	3EEA	0000	49

../../../MercuryFwk/Source/c/03_Sml/02_Ssl/led.c estimated size: 1070

../../../MercuryFwk/Source/c/01_Hal/02_Drv/tmr_drv.c
		_Tmr_TmrBConfig		CODE           	23D0	0000	201
		_Tmr_RegisterTmr2IsrCallback		CODE           	4324	0000	11
		_Tmr_TmrBIrqSet		CODE           	3A70	0000	77
		_Tmr_StartTmr  		CODE           	4134	0000	33
		_TmrBInit      		CODE           	2F18	0000	151
		_Tmr_Tmr2Isr   		CODE           	4112	0000	35
		_Tmr_TmrBPrSet 		CODE           	1C0C	0000	239

../../../MercuryFwk/Source/c/01_Hal/02_Drv/tmr_drv.c estimated size: 747

C:\Program Files (x86)\Microchip\xc8\v1.45\sources\common\isxdigit.c
		_isxdigit      		CODE           	3D14	0000	61

C:\Program Files (x86)\Microchip\xc8\v1.45\sources\common\isxdigit.c estimated size: 61

../../../MercuryFwk/Source/c/01_Hal/01_Sys/irq.c
		_HighPriorityIsr		CODE           	0008	0000	179
		_Irq_InitIntController		CODE           	3FA2	0000	43
		_LowPriorityIsr		CODE           	0018	0000	181

../../../MercuryFwk/Source/c/01_Hal/01_Sys/irq.c estimated size: 403

../../../MercuryFwk/Source/c/00_Main/main.c
		_main          		CODE           	4318	0000	13

../../../MercuryFwk/Source/c/00_Main/main.c estimated size: 13

C:\Program Files (x86)\Microchip\xc8\v1.45\sources\common\isdigit.c
		_isdigit       		CODE           	40CE	0000	35

C:\Program Files (x86)\Microchip\xc8\v1.45\sources\common\isdigit.c estimated size: 35

C:\Program Files (x86)\Microchip\xc8\v1.45\sources\common\memcpy.c
		_memcpy        		CODE           	3ABC	0000	73

C:\Program Files (x86)\Microchip\xc8\v1.45\sources\common\memcpy.c estimated size: 73

../../../MercuryFwk/Source/c/01_Hal/01_Sys/sys_init.c
		_SystemInit    		CODE           	3E2A	0000	49
		_InitSchedTimer		CODE           	3F1A	0000	47

../../../MercuryFwk/Source/c/01_Hal/01_Sys/sys_init.c estimated size: 96

C:\Program Files (x86)\Microchip\xc8\v1.45\sources\common\lwmod.c
		___lwmod       		CODE           	3BD0	0000	69

C:\Program Files (x86)\Microchip\xc8\v1.45\sources\common\lwmod.c estimated size: 69

C:\Program Files (x86)\Microchip\xc8\v1.45\sources\common\awmod.c
		___awmod       		CODE           	341A	0000	115

C:\Program Files (x86)\Microchip\xc8\v1.45\sources\common\awmod.c estimated size: 115

../../../MercuryFwk/Source/c/03_Sml/02_Ssl/wdg.c
		_Wdg_MainTask  		CODE           	4068	0000	35

../../../MercuryFwk/Source/c/03_Sml/02_Ssl/wdg.c estimated size: 35

../Source/c/04_App/app.c
		_MyApp_Task    		CODE           	3DC2	0000	55

../Source/c/04_App/app.c estimated size: 55

C:\Program Files (x86)\Microchip\xc8\v1.45\sources\common\Umul32.c
		___lmul        		CODE           	3822	0000	89

C:\Program Files (x86)\Microchip\xc8\v1.45\sources\common\Umul32.c estimated size: 89

../../../MercuryFwk/Source/c/01_Hal/02_Drv/pm_drv.c
		_Pm_DsReleasePinControl		CODE           	4356	0000	7

../../../MercuryFwk/Source/c/01_Hal/02_Drv/pm_drv.c estimated size: 7

../../../MercuryFwk/Source/c/02_Osl/os_sched.c
		_Sch_SchmIntService		CODE           	430A	0000	15
		_InitializeTasks		CODE           	34FE	0000	113
		_ScheduleTasks 		CODE           	18E2	0000	291
		_UpdateOsCounters		CODE           	42FA	0000	17
		_Sch_MainScheduler		CODE           	41AE	0000	29
		_UpdateSchFlag 		CODE           	4190	0000	31

../../../MercuryFwk/Source/c/02_Osl/os_sched.c estimated size: 496

C:\Program Files (x86)\Microchip\xc8\v1.45\sources\common\atoi.c
		_atoi          		CODE           	2092	0000	217

C:\Program Files (x86)\Microchip\xc8\v1.45\sources\common\atoi.c estimated size: 217

../../../MercuryFwk/Source/c/01_Hal/02_Drv/i2c_drv.c
		_CheckAckStatus		CODE           	434C	0000	11
		_StartCondition		CODE           	436A	0000	5
		_I2c_InitI2cModule		CODE           	348C	0000	115
		_WriteByte     		CODE           	432E	0000	11
		_StopCondition 		CODE           	4366	0000	5
		_SetBaudRate   		CODE           	3A22	0000	79
		_ReadByte      		CODE           	4338	0000	11
		_SetAckStatus  		CODE           	42A2	0000	21
		_EnableReceiver		CODE           	436E	0000	5
		_CheckTxStatus 		CODE           	4342	0000	11
		_I2c_WriteData 		CODE           	0FAE	0000	377
		_I2c_ReadData  		CODE           	1126	0000	365

../../../MercuryFwk/Source/c/01_Hal/02_Drv/i2c_drv.c estimated size: 1016

../../../MercuryFwk/Source/c/02_Osl/os_timers.c
		_OsTmr_GetTimerStatus		CODE           	316C	0000	145
		_GetElapsedTime		CODE           	2498	0000	201
		_GetOsTickCounter		CODE           	42C8	0000	19
		_OsTmr_StartTimer		CODE           	3768	0000	95

../../../MercuryFwk/Source/c/02_Osl/os_timers.c estimated size: 460

../../../MercuryFwk/Source/c/02_Osl/os_alarms.c
		_OsAlrm_ClearOsAlarm		CODE           	387A	0000	89
		_OsAlrm_SetOsAlarm		CODE           	2560	0000	201
		_OsAlrm_ProcessOsAlarms		CODE           	1292	0000	343

../../../MercuryFwk/Source/c/02_Osl/os_alarms.c estimated size: 633

shared
		_configDescriptor1		MEDIUMCONST    	FF08	0000	68
		_USB_CD_Ptr    		MEDIUMCONST    	FD8F	0000	3
		_sd001         		MEDIUMCONST    	FF71	0000	31
		_MsgFormat     		MEDIUMCONST    	FD93	0000	237
		_sd002         		MEDIUMCONST    	FF4B	0000	39
		_MsgReady      		MEDIUMCONST    	FF8F	0000	24
		i1___wmul      		CODE           	401E	0000	39
		_Welcome       		MEDIUMCONST    	FE7F	0000	138
		__initialization		CODE           	2628	0000	185
		_device_dsc    		MEDIUMCONST    	FFA6	0000	19
		i1_I2cSlv_SendI2cMsg		CODE           	3D50	0000	59
		i1_GenerateEvt 		CODE           	428C	0000	23
		_USB_SD_Ptr    		MEDIUMCONST    	FD89	0000	7
		_TaskNumber    		MEDIUMCONST    	FD91	0000	3
		_sd000         		MEDIUMCONST    	FFB8	0000	5

shared estimated size: 880

C:\Program Files (x86)\Microchip\xc8\v1.45\sources\common\xtoi.c
		_xtoi          		CODE           	1EC8	0000	231

C:\Program Files (x86)\Microchip\xc8\v1.45\sources\common\xtoi.c estimated size: 231

C:\Program Files (x86)\Microchip\xc8\v1.45\sources\common\lwdiv.c
		___lwdiv       		CODE           	39CE	0000	85

C:\Program Files (x86)\Microchip\xc8\v1.45\sources\common\lwdiv.c estimated size: 85

../../../MercuryFwk/Source/c/03_Sml/02_Ssl/rtcm.c
		_Rtcm_GetRtccDate		CODE           	3644	0000	103
		_Rtcm_SetRtccDate		CODE           	3926	0000	85
		_Rtcm_MainTask 		CODE           	31FC	0000	143

../../../MercuryFwk/Source/c/03_Sml/02_Ssl/rtcm.c estimated size: 331

C:\Program Files (x86)\Microchip\xc8\v1.45\sources\common\awdiv.c
		___awdiv       		CODE           	3310	0000	135

C:\Program Files (x86)\Microchip\xc8\v1.45\sources\common\awdiv.c estimated size: 135

C:\Program Files (x86)\Microchip\xc8\v1.45\sources\common\strcat.c
		_strcat        		CODE           	37C6	0000	93

C:\Program Files (x86)\Microchip\xc8\v1.45\sources\common\strcat.c estimated size: 93

C:\Program Files (x86)\Microchip\xc8\v1.45\sources\common\isupper.c
		_isupper       		CODE           	40AC	0000	35

C:\Program Files (x86)\Microchip\xc8\v1.45\sources\common\isupper.c estimated size: 35

C:\Program Files (x86)\Microchip\xc8\v1.45\sources\common\toupper.c
		_toupper       		CODE           	4230	0000	25

C:\Program Files (x86)\Microchip\xc8\v1.45\sources\common\toupper.c estimated size: 25

C:\Program Files (x86)\Microchip\xc8\v1.45\sources\common\lldiv.c
		___lldiv       		CODE           	3396	0000	133

C:\Program Files (x86)\Microchip\xc8\v1.45\sources\common\lldiv.c estimated size: 133

../../../MercuryFwk/Source/c/01_Hal/02_Drv/mcu_drv.c
		_Mcu_SetWdgSts 		CODE           	42B6	0000	19
		_Mcu_ClearWdg  		CODE           	4362	0000	5
		_Mcu_Int0Isr   		CODE           	437A	0000	5
		_Mcu_Int1Isr   		CODE           	4376	0000	5
		_Mcu_StartSystemPll		CODE           	4154	0000	31
		_Mcu_ConfigExtInt		CODE           	41CA	0000	27

../../../MercuryFwk/Source/c/01_Hal/02_Drv/mcu_drv.c estimated size: 92

C:\Program Files (x86)\Microchip\xc8\v1.45\sources\common\isspace.c
		_isspace       		CODE           	3FCC	0000	43

C:\Program Files (x86)\Microchip\xc8\v1.45\sources\common\isspace.c estimated size: 43

C:\Program Files (x86)\Microchip\xc8\v1.45\sources\common\strlen.c
		_strlen        		CODE           	3C98	0000	63

C:\Program Files (x86)\Microchip\xc8\v1.45\sources\common\strlen.c estimated size: 63

C:\Program Files (x86)\Microchip\xc8\v1.45\sources\common\itoa.c
		_itoa          		CODE           	3B8C	0000	69
		_utoa          		CODE           	2BF0	0000	171

C:\Program Files (x86)\Microchip\xc8\v1.45\sources\common\itoa.c estimated size: 240

C:\Program Files (x86)\Microchip\xc8\v1.45\sources\common\strcpy.c
		_strcpy        		CODE           	3DF8	0000	51

C:\Program Files (x86)\Microchip\xc8\v1.45\sources\common\strcpy.c estimated size: 51

../../../MercuryFwk/Source/c/01_Hal/02_Drv/uart_drv.c
		_Uart_Uart1RxIsr		CODE           	435C	0000	7

../../../MercuryFwk/Source/c/01_Hal/02_Drv/uart_drv.c estimated size: 7

C:\Program Files (x86)\Microchip\xc8\v1.45\sources\common\tolower.c
		_tolower       		CODE           	4218	0000	25

C:\Program Files (x86)\Microchip\xc8\v1.45\sources\common\tolower.c estimated size: 25

../../../MercuryFwk/Source/c/03_Sml/01_Pml/04_Usb/usb_device_mgr.c
		_UsbDevice_MainTask		CODE           	4044	0000	37
		_USER_USB_CALLBACK_EVENT_HANDLER		CODE           	370A	0000	95

../../../MercuryFwk/Source/c/03_Sml/01_Pml/04_Usb/usb_device_mgr.c estimated size: 132

C:\Program Files (x86)\Microchip\xc8\v1.45\sources\common\memset.c
		_memset        		CODE           	3E8A	0000	49

C:\Program Files (x86)\Microchip\xc8\v1.45\sources\common\memset.c estimated size: 49

