Microchip MPLAB XC8 Compiler V1.38 ()

Linker command line:

--edf=C:\Program Files (x86)\Microchip\xc8\v1.38\dat\en_msgs.txt -cs \
  -h+dist/default/production\SB140_Hsd.X.production.sym \
  --cmf=dist/default/production\SB140_Hsd.X.production.cmf -z -Q16F1829 \
  -oC:\Users\FRANCE~1\AppData\Local\Temp\sfh0.2 \
  -Mdist/default/production/SB140_Hsd.X.production.map -E1 -ver=XC8 \
  -ASTACK=02280h-0239ch -pstack=STACK -ACODE=00h-07FFhx4 \
  -ASTRCODE=00h-01FFFh -ASTRING=00h-0FFhx32 -ACONST=00h-0FFhx32 \
  -AENTRY=00h-0FFhx32 -ACOMMON=070h-07Fh -ABANK0=020h-06Fh \
  -ABANK1=0A0h-0EFh -ABANK2=0120h-016Fh -ABANK3=01A0h-01EFh \
  -ABANK4=0220h-026Fh -ABANK5=02A0h-02EFh -ABANK6=0320h-036Fh \
  -ABANK7=03A0h-03EFh -ABANK8=0420h-046Fh -ABANK9=04A0h-04EFh \
  -ABANK10=0520h-056Fh -ABANK11=05A0h-05EFh -ABANK12=0620h-064Fh \
  -ABIGRAM=02000h-023EFh \
  -ARAM=020h-06Fh,0A0h-0EFh,0120h-016Fh,01A0h-01EFh,0220h-026Fh,02A0h-02EFh,0320h-036Fh,03A0h-03EFh,0420h-046Fh,04A0h-04EFh,0520h-056Fh,05A0h-05EFh,0620h-064Fh \
  -AABS1=020h-07Fh,0A0h-0EFh,0120h-016Fh,01A0h-01EFh,0220h-026Fh,02A0h-02EFh,0320h-036Fh,03A0h-03EFh,0420h-046Fh,04A0h-04EFh,0520h-056Fh,05A0h-05EFh,0620h-064Fh \
  -ASFR0=00h-01Fh -ASFR1=080h-09Fh -ASFR2=0100h-011Fh -ASFR3=0180h-019Fh \
  -ASFR4=0200h-021Fh -ASFR5=0280h-029Fh -ASFR6=0300h-031Fh \
  -ASFR7=0380h-039Fh -ASFR8=0400h-041Fh -ASFR9=0480h-049Fh \
  -ASFR10=0500h-051Fh -ASFR11=0580h-059Fh -ASFR12=0600h-061Fh \
  -ASFR13=0680h-06EFh -ASFR14=0700h-076Fh -ASFR15=0780h-07EFh \
  -ASFR16=0800h-086Fh -ASFR17=0880h-08EFh -ASFR18=0900h-096Fh \
  -ASFR19=0980h-09EFh -ASFR20=0A00h-0A6Fh -ASFR21=0A80h-0AEFh \
  -ASFR22=0B00h-0B6Fh -ASFR23=0B80h-0BEFh -ASFR24=0C00h-0C6Fh \
  -ASFR25=0C80h-0CEFh -ASFR26=0D00h-0D6Fh -ASFR27=0D80h-0DEFh \
  -ASFR28=0E00h-0E6Fh -ASFR29=0E80h-0EEFh -ASFR30=0F00h-0F6Fh \
  -ASFR31=0F80h-0FEFh -preset_vec=00h,intentry=04h,init,end_init \
  -ppowerup=CODE -pcinit=CODE -pfunctab=CODE -ACONFIG=08007h-08008h \
  -pconfig=CONFIG -DCONFIG=2 -AIDLOC=08000h-08003h -pidloc=IDLOC -DIDLOC=2 \
  -AEEDATA=00h-0FFh/0F000h -peeprom_data=EEDATA -DEEDATA=2 -DCODE=2 \
  -DSTRCODE=2 -DSTRING=2 -DCONST=2 -DENTRY=2 -k \
  C:\Users\FRANCE~1\AppData\Local\Temp\sfh0.obj \
  dist/default/production\SB140_Hsd.X.production.obj 

Object code version is 3.11

Machine type is 16F1829



                Name                               Link     Load   Length Selector   Space Scale
C:\Users\FRANCE~1\AppData\Local\Temp\sfh0.obj
                end_init                             2B       2B        2        8       0
                reset_vec                             0        0        2        0       0
                config                             8007     8007        2    1000E       0
dist/default/production\SB140_Hsd.X.production.obj
                cinit                                2D       2D       83        8       0
                intentry                              4        4       27        8       0
                text72                              930      930       21     1260       0
                text70                              E0D      E0D       70     1C1A       0
                text69                              B87      B87       37     170E       0
                text68                              951      951       21     12A2       0
                text67                             1738     1738        2     2E70       0
                text66                             173C     173C        3     2E78       0
                text65                             17E0     17E0       10     2FC0       0
                text64                              845      845       13     108A       0
                text63                              972      972       22     12E4       0
                text62                             17F0     17F0       10     2FE0       0
                text61                              800      800        4     1000       0
                text60                             17AF     17AF        C     2F5E       0
                text59                             173F     173F        3     2E7E       0
                text58                              8C5      8C5       19     118A       0
                text57                             175D     175D        8     2EBA       0
                text56                             17D3     17D3        D     2FA6       0
                text55                              8DE      8DE       19     11BC       0
                text54                              804      804       10     1008       0
                text53                              BBE      BBE       42     177C       0
                text52                              994      994       23     1328       0
                text51                              B52      B52       35     16A4       0
                text50                              A33      A33       2D     1466       0
                text49                              D43      D43       62     1A86       0
                text48                              1AD      1AD       F4        8       0
                text47                              A60      A60       2D     14C0       0
                text46                              C9D      C9D       53     193A       0
                text45                              2A1      2A1       EC        8       0
                text44                              ABD      ABD       31     157A       0
                text43                              A08      A08       2B     1410       0
                text42                              E7D      E7D       7A     1CFA       0
                text41                              66F      66F       A6        8       0
                text40                             1765     1765        8     2ECA       0
                text39                             176D     176D        8     2EDA       0
                text38                             1775     1775        8     2EEA       0
                text37                             1745     1745        5     2E8A       0
                text36                             174A     174A        5     2E94       0
                text35                              913      913       1D     1226       0
                text34                              F72      F72       8E     1EE4       0
                text33                              814      814       10     1028       0
                text32                              824      824       10     1048       0
                text31                              451      451       B7        8       0
                text30                              858      858       14     10B0       0
                text29                             1786     1786        A     2F0C       0
                text28                             1790     1790        A     2F20       0
                text27                             179A     179A        A     2F34       0
                text26                              715      715       9F        8       0
                text25                              DA5      DA5       68     1B4A       0
                text24                              AEE      AEE       31     15DC       0
                text23                              C4E      C4E       4F     189C       0
                text22                             173A     173A        2     2E74       0
                text21                             17A4     17A4        B     2F48       0
                text20                              881      881       16     1102       0
                swtext1                            1028     1028        A     2050       0
                text19                               B0       B0       FD        8       0
                text18                              86C      86C       15     10D8       0
                text17                              B1F      B1F       33     163E       0
                text16                              5BE      5BE       B1        8       0
                text15                              C00      C00       4E     1800       0
                text14                              38D      38D       C4        8       0
                text13                              834      834       11     1068       0
                text12                              EF7      EF7       7B     1DEE       0
                text11                              897      897       17     112E       0
                text10                              9DF      9DF       29     13BE       0
                text9                               CF0      CF0       53     19E0       0
                text8                               A8D      A8D       30     151A       0
                text7                               8F7      8F7       1C     11EE       0
                text6                               508      508       B6        8       0
                text5                               7B4      7B4       4B        8       0
                text4                               8AE      8AE       17     115C       0
                text3                              1742     1742        3     2E84       0
                text2                              174F     174F        7     2E9E       0
                text1                              177D     177D        9     2EFA       0
                maintext                           1756     1756        7     2EAC       0
                cstackBANK0                          20       20       43       20       1
                cstackCOMMON                         70       70        6       70       1
                cstackBANK1                          EA       EA        4       A0       1
                cstackBANK2                         168      168        6      120       1
                clrtext                            17BB     17BB        C     2F76       0
                inittext                           17C7     17C7        C     2F8E       0
                bssBANK7                            3A0      3A0       50      3A0       1
                bssBANK6                            320      320       50      320       1
                bssBANK5                            2A0      2A0       50      2A0       1
                bssBANK4                            220      220       12      220       1
                bssBANK3                            1A0      1A0       50      1A0       1
                dataBANK2                           120      120       28      120       1
                bssBANK2                            148      148       20      120       1
                dataBANK1                            EE       EE        1       A0       1
                bssBANK1                             A0       A0       4A       A0       1
                bssBANK0                             63       63        B       20       1
                dataCOMMON                           78       78        2       70       1
                bssCOMMON                            76       76        2       70       1
                stringtext                         1000     1000       28     2000       0
                idataBANK2                          9B7      9B7       28     136E       0
                idataBANK1                          7FF      7FF        1        8       0
                idataCOMMON                           2        2        2        0       0

TOTAL           Name                               Link     Load   Length     Space
        CLASS   STACK          

        CLASS   CODE           
                end_init                             2B       2B        2         0
                cinit                                2D       2D       83         0
                intentry                              4        4       27         0
                reset_vec                             0        0        2         0
                text72                              930      930       21         0
                text70                              E0D      E0D       70         0
                text69                              B87      B87       37         0
                text68                              951      951       21         0
                text67                             1738     1738        2         0
                text66                             173C     173C        3         0
                text65                             17E0     17E0       10         0
                text64                              845      845       13         0
                text63                              972      972       22         0
                text62                             17F0     17F0       10         0
                text61                              800      800        4         0
                text60                             17AF     17AF        C         0
                text59                             173F     173F        3         0
                text58                              8C5      8C5       19         0
                text57                             175D     175D        8         0
                text56                             17D3     17D3        D         0
                text55                              8DE      8DE       19         0
                text54                              804      804       10         0
                text53                              BBE      BBE       42         0
                text52                              994      994       23         0
                text51                              B52      B52       35         0
                text50                              A33      A33       2D         0
                text49                              D43      D43       62         0
                text48                              1AD      1AD       F4         0
                text47                              A60      A60       2D         0
                text46                              C9D      C9D       53         0
                text45                              2A1      2A1       EC         0
                text44                              ABD      ABD       31         0
                text43                              A08      A08       2B         0
                text42                              E7D      E7D       7A         0
                text41                              66F      66F       A6         0
                text40                             1765     1765        8         0
                text39                             176D     176D        8         0
                text38                             1775     1775        8         0
                text37                             1745     1745        5         0
                text36                             174A     174A        5         0
                text35                              913      913       1D         0
                text34                              F72      F72       8E         0
                text33                              814      814       10         0
                text32                              824      824       10         0
                text31                              451      451       B7         0
                text30                              858      858       14         0
                text29                             1786     1786        A         0
                text28                             1790     1790        A         0
                text27                             179A     179A        A         0
                text26                              715      715       9F         0
                text25                              DA5      DA5       68         0
                text24                              AEE      AEE       31         0
                text23                              C4E      C4E       4F         0
                text22                             173A     173A        2         0
                text21                             17A4     17A4        B         0
                text20                              881      881       16         0
                text19                               B0       B0       FD         0
                text18                              86C      86C       15         0
                text17                              B1F      B1F       33         0
                text16                              5BE      5BE       B1         0
                text15                              C00      C00       4E         0
                text14                              38D      38D       C4         0
                text13                              834      834       11         0
                text12                              EF7      EF7       7B         0
                text11                              897      897       17         0
                text10                              9DF      9DF       29         0
                text9                               CF0      CF0       53         0
                text8                               A8D      A8D       30         0
                text7                               8F7      8F7       1C         0
                text6                               508      508       B6         0
                text5                               7B4      7B4       4B         0
                text4                               8AE      8AE       17         0
                text3                              1742     1742        3         0
                text2                              174F     174F        7         0
                text1                              177D     177D        9         0
                maintext                           1756     1756        7         0
                clrtext                            17BB     17BB        C         0
                inittext                           17C7     17C7        C         0
                idataBANK2                          9B7      9B7       28         0
                idataBANK1                          7FF      7FF        1         0
                idataCOMMON                           2        2        2         0

        CLASS   STRCODE        
                stringtext                         1000     1000       28         0

        CLASS   STRING         

        CLASS   CONST          
                swtext1                            1028     1028        A         0

        CLASS   ENTRY          

        CLASS   COMMON         
                cstackCOMMON                         70       70        6         1
                dataCOMMON                           78       78        2         1
                bssCOMMON                            76       76        2         1

        CLASS   BANK0          
                cstackBANK0                          20       20       43         1
                bssBANK0                             63       63        B         1

        CLASS   BANK1          
                cstackBANK1                          EA       EA        4         1
                dataBANK1                            EE       EE        1         1
                bssBANK1                             A0       A0       4A         1

        CLASS   BANK2          
                cstackBANK2                         168      168        6         1
                dataBANK2                           120      120       28         1
                bssBANK2                            148      148       20         1

        CLASS   BANK3          
                bssBANK3                            1A0      1A0       50         1

        CLASS   BANK4          
                bssBANK4                            220      220       12         1

        CLASS   BANK5          
                bssBANK5                            2A0      2A0       50         1

        CLASS   BANK6          
                bssBANK6                            320      320       50         1

        CLASS   BANK7          
                bssBANK7                            3A0      3A0       50         1

        CLASS   BANK8          

        CLASS   BANK9          

        CLASS   BANK10         

        CLASS   BANK11         

        CLASS   BANK12         

        CLASS   BIGRAM         

        CLASS   RAM            

        CLASS   ABS1           
                abs_s1                               7E       7E        2         1
                abs_s1                              5CD      5CD       23         1
                abs_s1                              620      620       30         1
                abs_s1                             239D     239D        0         1

        CLASS   SFR0           

        CLASS   SFR1           

        CLASS   SFR2           

        CLASS   SFR3           

        CLASS   SFR4           

        CLASS   SFR5           

        CLASS   SFR6           

        CLASS   SFR7           

        CLASS   SFR8           

        CLASS   SFR9           

        CLASS   SFR10          

        CLASS   SFR11          

        CLASS   SFR12          

        CLASS   SFR13          

        CLASS   SFR14          

        CLASS   SFR15          

        CLASS   SFR16          

        CLASS   SFR17          

        CLASS   SFR18          

        CLASS   SFR19          

        CLASS   SFR20          

        CLASS   SFR21          

        CLASS   SFR22          

        CLASS   SFR23          

        CLASS   SFR24          

        CLASS   SFR25          

        CLASS   SFR26          

        CLASS   SFR27          

        CLASS   SFR28          

        CLASS   SFR29          

        CLASS   SFR30          

        CLASS   SFR31          

        CLASS   CONFIG         
                config                             8007     8007        2         0

        CLASS   IDLOC          

        CLASS   EEDATA         

        CLASS   BANK31         

        CLASS   BANK30         

        CLASS   BANK29         

        CLASS   BANK28         

        CLASS   BANK27         

        CLASS   BANK26         

        CLASS   BANK25         

        CLASS   BANK24         

        CLASS   BANK23         

        CLASS   BANK22         

        CLASS   BANK21         

        CLASS   BANK20         

        CLASS   BANK19         

        CLASS   BANK18         

        CLASS   BANK17         

        CLASS   BANK16         

        CLASS   BANK15         

        CLASS   BANK14         

        CLASS   BANK13         



SEGMENTS        Name                           Load    Length   Top    Selector   Space  Class     Delta

                reset_vec                      000000  000004  000004         0       0  CODE        2
                intentry                       000004  0007FC  000800         8       0  CODE        2
                cstackBANK0                    000020  00004E  00006E        20       1  BANK0       1
                cstackCOMMON                   000070  00000A  00007A        70       1  COMMON      1
                bssBANK1                       0000A0  00004F  0000EF        A0       1  BANK1       1
                dataBANK2                      000120  00004E  00016E       120       1  BANK2       1
                bssBANK3                       0001A0  000050  0001F0       1A0       1  BANK3       1
                bssBANK4                       000220  000012  000232       220       1  BANK4       1
                bssBANK5                       0002A0  000050  0002F0       2A0       1  BANK5       1
                bssBANK6                       000320  000050  000370       320       1  BANK6       1
                bssBANK7                       0003A0  000050  0003F0       3A0       1  BANK7       1
                text61                         000800  000004  000804      1000       0  CODE        2
                text54                         000804  000010  000814      1008       0  CODE        2
                text33                         000814  000010  000824      1028       0  CODE        2
                text32                         000824  000010  000834      1048       0  CODE        2
                text13                         000834  000011  000845      1068       0  CODE        2
                text64                         000845  000013  000858      108A       0  CODE        2
                text30                         000858  000014  00086C      10B0       0  CODE        2
                text18                         00086C  000015  000881      10D8       0  CODE        2
                text20                         000881  000016  000897      1102       0  CODE        2
                text11                         000897  000017  0008AE      112E       0  CODE        2
                text4                          0008AE  000017  0008C5      115C       0  CODE        2
                text58                         0008C5  000019  0008DE      118A       0  CODE        2
                text55                         0008DE  000019  0008F7      11BC       0  CODE        2
                text7                          0008F7  00001C  000913      11EE       0  CODE        2
                text35                         000913  00001D  000930      1226       0  CODE        2
                text72                         000930  000021  000951      1260       0  CODE        2
                text68                         000951  000021  000972      12A2       0  CODE        2
                text63                         000972  000022  000994      12E4       0  CODE        2
                text52                         000994  000023  0009B7      1328       0  CODE        2
                idataBANK2                     0009B7  000028  0009DF      136E       0  CODE        2
                text10                         0009DF  000029  000A08      13BE       0  CODE        2
                text43                         000A08  00002B  000A33      1410       0  CODE        2
                text50                         000A33  00002D  000A60      1466       0  CODE        2
                text47                         000A60  00002D  000A8D      14C0       0  CODE        2
                text8                          000A8D  000030  000ABD      151A       0  CODE        2
                text44                         000ABD  000031  000AEE      157A       0  CODE        2
                text24                         000AEE  000031  000B1F      15DC       0  CODE        2
                text17                         000B1F  000033  000B52      163E       0  CODE        2
                text51                         000B52  000035  000B87      16A4       0  CODE        2
                text69                         000B87  000037  000BBE      170E       0  CODE        2
                text53                         000BBE  000042  000C00      177C       0  CODE        2
                text15                         000C00  00004E  000C4E      1800       0  CODE        2
                text23                         000C4E  00004F  000C9D      189C       0  CODE        2
                text46                         000C9D  000053  000CF0      193A       0  CODE        2
                text9                          000CF0  000053  000D43      19E0       0  CODE        2
                text49                         000D43  000062  000DA5      1A86       0  CODE        2
                text25                         000DA5  000068  000E0D      1B4A       0  CODE        2
                text70                         000E0D  000070  000E7D      1C1A       0  CODE        2
                text42                         000E7D  00007A  000EF7      1CFA       0  CODE        2
                text12                         000EF7  00007B  000F72      1DEE       0  CODE        2
                text34                         000F72  00008E  001000      1EE4       0  CODE        2
                stringtext                     001000  000028  001028      2000       0  STRCODE     2
                swtext1                        001028  00000A  001032      2050       0  CONST       2
                text67                         001738  000002  00173A      2E70       0  CODE        2
                text22                         00173A  000002  00173C      2E74       0  CODE        2
                text66                         00173C  000003  00173F      2E78       0  CODE        2
                text59                         00173F  000003  001742      2E7E       0  CODE        2
                text3                          001742  000003  001745      2E84       0  CODE        2
                text37                         001745  000005  00174A      2E8A       0  CODE        2
                text36                         00174A  000005  00174F      2E94       0  CODE        2
                text2                          00174F  000007  001756      2E9E       0  CODE        2
                maintext                       001756  000007  00175D      2EAC       0  CODE        2
                text57                         00175D  000008  001765      2EBA       0  CODE        2
                text40                         001765  000008  00176D      2ECA       0  CODE        2
                text39                         00176D  000008  001775      2EDA       0  CODE        2
                text38                         001775  000008  00177D      2EEA       0  CODE        2
                text1                          00177D  000009  001786      2EFA       0  CODE        2
                text29                         001786  00000A  001790      2F0C       0  CODE        2
                text28                         001790  00000A  00179A      2F20       0  CODE        2
                text27                         00179A  00000A  0017A4      2F34       0  CODE        2
                text21                         0017A4  00000B  0017AF      2F48       0  CODE        2
                text60                         0017AF  00000C  0017BB      2F5E       0  CODE        2
                clrtext                        0017BB  00000C  0017C7      2F76       0  CODE        2
                inittext                       0017C7  00000C  0017D3      2F8E       0  CODE        2
                text56                         0017D3  00000D  0017E0      2FA6       0  CODE        2
                text65                         0017E0  000010  0017F0      2FC0       0  CODE        2
                text62                         0017F0  000010  001800      2FE0       0  CODE        2
                config                         008007  000002  008009     1000E       0  CONFIG      2


UNUSED ADDRESS RANGES

        Name                Unused          Largest block    Delta
        BANK0            0006E-0006F               2           1
        BANK1            000EF-000EF               1           1
        BANK10           00520-0056F              50           1
        BANK11           005A0-005CC              2D           1
        BANK2            0016E-0016F               2           1
        BANK4            00232-0026F              3E           1
        BANK8            00420-0046F              50           1
        BANK9            004A0-004EF              50           1
        BIGRAM           02000-023EF             3F0           1
        CODE             01032-01737             706           2
                         01800-01FFF             800
        COMMON           0007A-0007D               4           1
        CONST            01032-01737             100           2
                         01800-01FFF             100
        EEDATA           0F000-0F0FF             100           2
        ENTRY            01032-01737             100           2
                         01800-01FFF             100
        IDLOC            08000-08003               4           2
        RAM              0006E-0006F               2           1
                         000EF-000EF               1
                         0016E-0016F               2
                         00232-0026F              3E
                         00420-0046F              50
                         004A0-004EF              50
                         00520-0056F              50
                         005A0-005CC              2D
        SFR0             00000-0001F              20           1
        SFR1             00080-0009F              20           1
        SFR10            00500-0051F              20           1
        SFR11            00580-0059F              20           1
        SFR12            00600-0061F              20           1
        SFR13            00680-006EF              70           1
        SFR14            00700-0076F              70           1
        SFR15            00780-007EF              70           1
        SFR16            00800-0086F              70           1
        SFR17            00880-008EF              70           1
        SFR18            00900-0096F              70           1
        SFR19            00980-009EF              70           1
        SFR2             00100-0011F              20           1
        SFR20            00A00-00A6F              70           1
        SFR21            00A80-00AEF              70           1
        SFR22            00B00-00B6F              70           1
        SFR23            00B80-00BEF              70           1
        SFR24            00C00-00C6F              70           1
        SFR25            00C80-00CEF              70           1
        SFR26            00D00-00D6F              70           1
        SFR27            00D80-00DEF              70           1
        SFR28            00E00-00E6F              70           1
        SFR29            00E80-00EEF              70           1
        SFR3             00180-0019F              20           1
        SFR30            00F00-00F6F              70           1
        SFR31            00F80-00FEF              70           1
        SFR4             00200-0021F              20           1
        SFR5             00280-0029F              20           1
        SFR6             00300-0031F              20           1
        SFR7             00380-0039F              20           1
        SFR8             00400-0041F              20           1
        SFR9             00480-0049F              20           1
        STACK            02280-0239C             11D           1
        STRCODE          01032-01737             706           2
                         01800-01FFF             800
        STRING           01032-01737             100           2
                         01800-01FFF             100

                                  Symbol Table

?_Adc_GetConvResult                    cstackCOMMON 00074
?_GetDieTemperature                    cstackBANK0  00023
?___lldiv                              cstackBANK0  00020
?___lmul                               cstackBANK0  00024
?___lwdiv                              cstackBANK0  00020
?___lwmod                              cstackBANK0  00020
?___wmul                               cstackBANK0  00020
Adc_ConfigAnCh@AnChSel                 cstackCOMMON 00074
Adc_GetConvResult@AdcResult            cstackBANK0  00021
Adc_InitAdcModule@AdcConfig            cstackCOMMON 00074
Adc_SelectChannel@SelCh                cstackCOMMON 00075
AppSm@AppState                         bssBANK1     000AA
AppSm@WpuSetCounter                    bssBANK1     000AB
App_MainTask@AdcConfig                 cstackBANK0  0004A
App_MainTask@AnalogChSel               cstackBANK0  0003E
App_MainTask@F4167                     bssBANK4     00220
App_MainTask@F4181                     bssBANK2     00148
App_MainTask@Options                   cstackBANK0  0003C
App_MainTask@WpuCh                     cstackBANK0  00050
ClearRxBuffer@Index                    cstackCOMMON 00075
ClearTxBuffer@Index                    cstackCOMMON 00075
GenerateEvt@Event                      cstackBANK0  00021
GenerateEvt@EventStatus                cstackBANK0  00020
GenerateImpulse@Impulse                cstackBANK0  00024
GetDieTemperature@DieTempRes           cstackBANK0  00025
I2cSlv_I2cDrvHandle@I2cReceiveMsgState bssBANK1     000AC
I2cSlv_I2cDrvHandle@Index              cstackBANK0  00029
I2c_DataReceiveSm@AddressStored        bssBANK1     000AD
I2c_DataReceiveSm@ErrorCounter         bssBANK1     000AE
I2c_DataReceiveSm@I2cRxAddress         bssBANK0     00063
I2c_DataReceiveSm@I2cRxFlag            bssBANK1     000AF
I2c_DataReceiveSm@I2cRxState           bssBANK0     00064
I2c_DataReceiveSm@Index                cstackBANK0  00044
I2c_DataReceiveSm@OpType               bssBANK0     00065
I2c_DataReceiveSm@RxCounter            bssBANK0     00066
I2c_DataReceiveSm@TxCounter            bssBANK0     00067
I2c_InitI2cModule@I2cConfig            cstackBANK0  00022
I2c_SetI2cAddress@SlaveAddress         cstackCOMMON 00074
I2c_SetI2cAddressMask@SlaveAddressMask cstackCOMMON 00074
I2c_UpdateTxBuffer@DataBuffer          cstackBANK0  00022
I2c_UpdateTxBuffer@Index               cstackBANK0  00023
I2c_UpdateTxBuffer@Length              cstackCOMMON 00074
InitSchTimer@TmrBConfig                cstackBANK0  00046
InitializeTasks@ActiveTaskIndex        cstackBANK0  00062
LedBlinkStateMachine@LedBlink          cstackCOMMON 00075
LedPulseStateMachine@Led               cstackBANK0  00027
LedPulseStateMachine@LedPulse          cstackBANK0  0002A
LedStateMachine@Led                    cstackBANK0  00030
LedStateMachine@LedBlink               cstackBANK0  0002C
LedStateMachine@LedOutSts              cstackBANK0  00031
LedStateMachine@LedPulse               cstackBANK0  0002D
LedStateMachine@LedSts                 cstackBANK0  0002B
Led_InitSeq@Counter                    bssBANK1     000B0
Led_InitSeq@DelayCounter               bssBANK1     000A0
Led_InitSeq@InitSeqState               bssBANK1     000B1
Led_InitSeq@LedInitSts                 dataCOMMON   00078
Led_SetLedBlinkTime@Led                cstackCOMMON 00074
Led_SetLedBlinkTime@OffTimeMs          cstackBANK0  00022
Led_SetLedBlinkTime@OnTimeMs           cstackBANK0  00020
Led_SetLedPulseTime@Led                cstackBANK0  00020
Led_SetLedPulseTime@PulseTimeMs        cstackCOMMON 00074
Led_SetLedStatus@Led                   cstackBANK0  00020
Led_SetLedStatus@LedSts                cstackCOMMON 00074
Mcu_ConfigPullUps@WpuCh                cstackCOMMON 00074
Mcu_SetDieTempMode@DieTempMode         cstackCOMMON 00074
Mcu_SetDieTempSts@DieTempSts           cstackCOMMON 00074
Mcu_SetPullUpsSts@PuSts                cstackCOMMON 00074
Mcu_SetWdgPeriod@WdgPeriod             cstackCOMMON 00075
Mcu_SetWdgSts@WdgSts                   cstackCOMMON 00074
ReceiveEvt@Event                       cstackCOMMON 00075
ReceiveEvt@EventStatus                 cstackCOMMON 00074
ScheduleTasks@ActiveTaskIndex          cstackBANK0  00062
SetLedBehavSts@LedBehav                cstackBANK0  00025
SetOutChSts@Ch                         cstackCOMMON 00075
SetOutChSts@Sts                        cstackCOMMON 00074
StdS_ManageStdServices@DieTemp         cstackBANK0  00036
StdS_ManageStdServices@DieTempStr      cstackBANK0  00032
StringCopy@DestStr                     cstackBANK0  00022
StringCopy@Index                       cstackCOMMON 00074
StringCopy@Len                         cstackBANK0  00023
StringCopy@SourceStr                   cstackBANK0  00020
TmrBInit@Postscaler                    cstackCOMMON 00075
TmrBInit@Prescaler                     cstackCOMMON 00074
TmrBInit@TmrNumb                       cstackBANK0  00021
Tmr_StartTmr@TmrNumb                   cstackCOMMON 00074
Tmr_TmrBConfig@TmrBConfig              cstackBANK0  00042
Tmr_TmrBConfig@TmrNumb                 cstackBANK0  00044
Tmr_TmrBIrqSet@TmrIrqSts               cstackCOMMON 00074
Tmr_TmrBIrqSet@TmrNumb                 cstackCOMMON 00075
Tmr_TmrBPrSet@Divisor                  cstackBANK0  0003E
Tmr_TmrBPrSet@IntFreqHz                cstackBANK0  00030
Tmr_TmrBPrSet@Postscaler               cstackBANK0  00033
Tmr_TmrBPrSet@Prescaler                cstackBANK0  00032
Tmr_TmrBPrSet@TmrBPrCfgSts             cstackBANK0  0003D
Tmr_TmrBPrSet@TmrNumb                  cstackBANK0  0003C
_ADCON0bits                            (abs)        0009D
_ADCON1bits                            (abs)        0009E
_ADRESH                                (abs)        0009C
_ADRESL                                (abs)        0009B
_ANSELA                                (abs)        0018C
_ANSELAbits                            (abs)        0018C
_ANSELB                                (abs)        0018D
_ANSELBbits                            (abs)        0018D
_ANSELC                                (abs)        0018E
_ANSELCbits                            (abs)        0018E
_Adc_ConfigAnCh                        text70       00E0D
_Adc_GetConvResult                     text62       017F0
_Adc_GetConvSts                        text61       00800
_Adc_InitAdcModule                     text69       00B87
_Adc_SelectChannel                     text60       017AF
_Adc_StartConversion                   text59       0173F
_AppSm                                 text43       00A08
_App_MainTask                          text16       005BE
_BoardReset                            text66       0173C
_CheckAckStatus                        text29       01786
_CheckByteStatus                       text28       01790
_CheckStopBitStatus                    text27       0179A
_ClearRxBuffer                         text33       00814
_ClearTxBuffer                         text32       00824
_CmdBuffer                             bssBANK3     001A0
_ControlLedDirect                      text64       00845
_FVRCONbits                            (abs)        00117
_GenerateEvt                           text63       00972
_GenerateImpulse                       text42       00E7D
_GetDieTemperature                     text58       008C5
_Hsd1Set                               bssBANK1     000B3
_Hsd1Sts                               bssCOMMON    00076
_Hsd2Set                               bssBANK1     000BD
_Hsd2Sts                               bssBANK0     00068
_Hsd3Set                               bssBANK1     000C7
_Hsd3Sts                               bssBANK0     00069
_Hsd4Set                               bssBANK1     000D1
_Hsd4Sts                               bssBANK0     0006A
_I2cConfig                             bssBANK2     00154
_I2cNewPacketNotification              bssBANK1     000E1
_I2cNewTxNotification                  bssBANK1     000E3
_I2cPacket                             (abs)        0239D
_I2cReplyPacketReady                   bssBANK0     0006C
_I2cRxBuffer                           bssBANK7     003A0
_I2cSetAddress                         bssBANK1     000E5
_I2cSlaveAddress                       bssCOMMON    00077
_I2cSlv_I2cDrvHandle                   text34       00F72
_I2cSlv_MainTask                       text18       0086C
_I2cTxBuffer                           bssBANK6     00320
_I2cWriteRequest                       bssBANK1     000E7
_I2c_DataReceiveSm                     text19       000B0
_I2c_InitI2cModule                     text31       00451
_I2c_SetConfig                         text30       00858
_I2c_SetI2cAddress                     text37       01745
_I2c_SetI2cAddressMask                 text36       0174A
_I2c_UpdateTxBuffer                    text35       00913
_INTCONbits                            (abs)        0000B
_InitSchTimer                          text4        008AE
_InitializeTasks                       text15       00C00
_InterruptCounter                      bssBANK1     000A2
_LATA                                  (abs)        0010C
_LATAbits                              (abs)        0010C
_LATB                                  (abs)        0010D
_LATBbits                              (abs)        0010D
_LATC                                  (abs)        0010E
_LATCbits                              (abs)        0010E
_Led1Blink                             bssBANK2     0015F
_Led1Pulse                             bssBANK1     000DB
_Led1Sts                               bssBANK1     000E9
_LedBehaviourSts                       dataCOMMON   00079
_LedBlinkStateMachine                  text26       00715
_LedPulseStateMachine                  text25       00DA5
_LedStateMachine                       text24       00AEE
_Led_InitSeq                           text23       00C4E
_Led_MainTask                          text17       00B1F
_Led_SetLedBlinkTime                   text55       008DE
_Led_SetLedPulseTime                   text54       00804
_Led_SetLedStatus                      text65       017E0
_LowPowerMode                          text56       017D3
_MainInterrupt                         intentry     00004
_MainScheduler                         text13       00834
_MainSystemTimebaseFlag                dataBANK1    000EE
_ManageProtocol                        text45       002A1
_Mcu_ClearWdg                          text22       0173A
_Mcu_ConfigPullUps                     text41       0066F
_Mcu_EnableInterrupts                  text3        01742
_Mcu_InitIntOsc                        text2        0174F
_Mcu_Reset                             text67       01738
_Mcu_SetDieTempMode                    text40       01765
_Mcu_SetDieTempSts                     text39       0176D
_Mcu_SetPullUpsSts                     text38       01775
_Mcu_SetWdgPeriod                      text21       017A4
_Mcu_SetWdgSts                         text57       0175D
_OPTION_REGbits                        (abs)        00095
_OSCCONbits                            (abs)        00099
_OSCSTATbits                           (abs)        0009A
_PIE1bits                              (abs)        00091
_PIE3bits                              (abs)        00093
_PIR1bits                              (abs)        00011
_PIR3bits                              (abs)        00013
_PORTAbits                             (abs)        0000C
_PORTCbits                             (abs)        0000E
_PR2                                   (abs)        0001B
_PR4                                   (abs)        00416
_PR6                                   (abs)        0041D
_ReceiveEvt                            text68       00951
_RepBuffer                             bssBANK5     002A0
_RepBufferLen                          bssBANK1     000B2
_SSP1ADD                               (abs)        00212
_SSP1BUF                               (abs)        00211
_SSP1CON1                              (abs)        00215
_SSP1CON1bits                          (abs)        00215
_SSP1CON2                              (abs)        00216
_SSP1CON3                              (abs)        00217
_SSP1MSK                               (abs)        00213
_SSP1STAT                              (abs)        00214
_ScheduleTasks                         text14       0038D
_SetLedBehavSts                        text53       00BBE
_SetOutChSts                           text47       00A60
_StdS_ManageStdServices                text48       001AD
_StdS_SetI2cAddress                    text44       00ABD
_StringCopy                            text52       00994
_SystemInit                            text1        0177D
_SystemState                           bssBANK0     0006B
_T2CONbits                             (abs)        0001C
_T4CONbits                             (abs)        00417
_T6CONbits                             (abs)        0041E
_TRISAbits                             (abs)        0008C
_TRISBbits                             (abs)        0008D
_TRISCbits                             (abs)        0008E
_TaskNumber                            stringtext   0100A
_TaskTable                             dataBANK2    00120
_TmrBInit                              text12       00EF7
_Tmr_StartTmr                          text11       00897
_Tmr_TmrBConfig                        text5        007B4
_Tmr_TmrBIrqSet                        text10       009DF
_Tmr_TmrBPrSet                         text6        00508
_UpdateHsdSts                          text46       00C9D
_WDTCONbits                            (abs)        00097
_WPUA                                  (abs)        0020C
_WPUAbits                              (abs)        0020C
_WPUB                                  (abs)        0020D
_WPUBbits                              (abs)        0020D
_WPUC                                  (abs)        0020E
_WPUCbits                              (abs)        0020E
_Wdg_MainTask                          text20       00881
__CFG_BOREN$ON                         (abs)        00000
__CFG_BORV$LO                          (abs)        00000
__CFG_CLKOUTEN$OFF                     (abs)        00000
__CFG_CP$OFF                           (abs)        00000
__CFG_CPD$OFF                          (abs)        00000
__CFG_FCMEN$ON                         (abs)        00000
__CFG_FOSC$INTOSC                      (abs)        00000
__CFG_IESO$ON                          (abs)        00000
__CFG_LVP$OFF                          (abs)        00000
__CFG_MCLRE$ON                         (abs)        00000
__CFG_PLLEN$ON                         (abs)        00000
__CFG_PWRTE$OFF                        (abs)        00000
__CFG_STVREN$ON                        (abs)        00000
__CFG_WDTE$SWDTEN                      (abs)        00000
__CFG_WRT$OFF                          (abs)        00000
__Habs1                                abs1         00000
__Hbank0                               bank0        00000
__Hbank1                               bank1        00000
__Hbank10                              bank10       00000
__Hbank11                              bank11       00000
__Hbank12                              bank12       00000
__Hbank13                              bank13       00000
__Hbank14                              bank14       00000
__Hbank15                              bank15       00000
__Hbank16                              bank16       00000
__Hbank17                              bank17       00000
__Hbank18                              bank18       00000
__Hbank19                              bank19       00000
__Hbank2                               bank2        00000
__Hbank20                              bank20       00000
__Hbank21                              bank21       00000
__Hbank22                              bank22       00000
__Hbank23                              bank23       00000
__Hbank24                              bank24       00000
__Hbank25                              bank25       00000
__Hbank26                              bank26       00000
__Hbank27                              bank27       00000
__Hbank28                              bank28       00000
__Hbank29                              bank29       00000
__Hbank3                               bank3        00000
__Hbank30                              bank30       00000
__Hbank31                              bank31       00000
__Hbank4                               bank4        00000
__Hbank5                               bank5        00000
__Hbank6                               bank6        00000
__Hbank7                               bank7        00000
__Hbank8                               bank8        00000
__Hbank9                               bank9        00000
__Hbigram                              bigram       00000
__HbssBANK0                            bssBANK0     00000
__HbssBANK1                            bssBANK1     00000
__HbssBANK2                            bssBANK2     00000
__HbssBANK3                            bssBANK3     00000
__HbssBANK4                            bssBANK4     00000
__HbssBANK5                            bssBANK5     00000
__HbssBANK6                            bssBANK6     00000
__HbssBANK7                            bssBANK7     00000
__HbssCOMMON                           bssCOMMON    00000
__Hcinit                               cinit        000B0
__Hclrtext                             clrtext      00000
__Hcode                                code         00000
__Hcommon                              common       00000
__Hconfig                              config       08009
__HcstackBANK0                         cstackBANK0  00000
__HcstackBANK1                         cstackBANK1  00000
__HcstackBANK2                         cstackBANK2  00000
__HcstackCOMMON                        cstackCOMMON 00000
__HdataBANK1                           dataBANK1    00000
__HdataBANK2                           dataBANK2    00000
__HdataCOMMON                          dataCOMMON   00000
__Heeprom_data                         eeprom_data  00000
__Hend_init                            end_init     0002D
__Hfunctab                             functab      00000
__HidataBANK1                          idataBANK1   00000
__HidataBANK2                          idataBANK2   00000
__HidataCOMMON                         idataCOMMON  00000
__Hidloc                               idloc        00000
__Hinit                                init         0002B
__Hinittext                            inittext     00000
__Hintentry                            intentry     0002B
__Hmaintext                            maintext     00000
__Hpowerup                             powerup      00000
__Hram                                 ram          00000
__Hreset_vec                           reset_vec    00002
__Hsfr0                                sfr0         00000
__Hsfr1                                sfr1         00000
__Hsfr10                               sfr10        00000
__Hsfr11                               sfr11        00000
__Hsfr12                               sfr12        00000
__Hsfr13                               sfr13        00000
__Hsfr14                               sfr14        00000
__Hsfr15                               sfr15        00000
__Hsfr16                               sfr16        00000
__Hsfr17                               sfr17        00000
__Hsfr18                               sfr18        00000
__Hsfr19                               sfr19        00000
__Hsfr2                                sfr2         00000
__Hsfr20                               sfr20        00000
__Hsfr21                               sfr21        00000
__Hsfr22                               sfr22        00000
__Hsfr23                               sfr23        00000
__Hsfr24                               sfr24        00000
__Hsfr25                               sfr25        00000
__Hsfr26                               sfr26        00000
__Hsfr27                               sfr27        00000
__Hsfr28                               sfr28        00000
__Hsfr29                               sfr29        00000
__Hsfr3                                sfr3         00000
__Hsfr30                               sfr30        00000
__Hsfr31                               sfr31        00000
__Hsfr4                                sfr4         00000
__Hsfr5                                sfr5         00000
__Hsfr6                                sfr6         00000
__Hsfr7                                sfr7         00000
__Hsfr8                                sfr8         00000
__Hsfr9                                sfr9         00000
__Hspace_0                             (abs)        08009
__Hspace_1                             (abs)        003F0
__Hspace_2                             (abs)        00000
__Hspace_3                             (abs)        00000
__Hstack                               stack        00000
__Hstrings                             strings      00000
__Hstringtext                          stringtext   00000
__Htext                                text         00000
__Labs1                                abs1         00000
__Lbank0                               bank0        00000
__Lbank1                               bank1        00000
__Lbank10                              bank10       00000
__Lbank11                              bank11       00000
__Lbank12                              bank12       00000
__Lbank13                              bank13       00000
__Lbank14                              bank14       00000
__Lbank15                              bank15       00000
__Lbank16                              bank16       00000
__Lbank17                              bank17       00000
__Lbank18                              bank18       00000
__Lbank19                              bank19       00000
__Lbank2                               bank2        00000
__Lbank20                              bank20       00000
__Lbank21                              bank21       00000
__Lbank22                              bank22       00000
__Lbank23                              bank23       00000
__Lbank24                              bank24       00000
__Lbank25                              bank25       00000
__Lbank26                              bank26       00000
__Lbank27                              bank27       00000
__Lbank28                              bank28       00000
__Lbank29                              bank29       00000
__Lbank3                               bank3        00000
__Lbank30                              bank30       00000
__Lbank31                              bank31       00000
__Lbank4                               bank4        00000
__Lbank5                               bank5        00000
__Lbank6                               bank6        00000
__Lbank7                               bank7        00000
__Lbank8                               bank8        00000
__Lbank9                               bank9        00000
__Lbigram                              bigram       00000
__LbssBANK0                            bssBANK0     00000
__LbssBANK1                            bssBANK1     00000
__LbssBANK2                            bssBANK2     00000
__LbssBANK3                            bssBANK3     00000
__LbssBANK4                            bssBANK4     00000
__LbssBANK5                            bssBANK5     00000
__LbssBANK6                            bssBANK6     00000
__LbssBANK7                            bssBANK7     00000
__LbssCOMMON                           bssCOMMON    00000
__Lcinit                               cinit        0002D
__Lclrtext                             clrtext      00000
__Lcode                                code         00000
__Lcommon                              common       00000
__Lconfig                              config       08007
__LcstackBANK0                         cstackBANK0  00000
__LcstackBANK1                         cstackBANK1  00000
__LcstackBANK2                         cstackBANK2  00000
__LcstackCOMMON                        cstackCOMMON 00000
__LdataBANK1                           dataBANK1    00000
__LdataBANK2                           dataBANK2    00000
__LdataCOMMON                          dataCOMMON   00000
__Leeprom_data                         eeprom_data  00000
__Lend_init                            end_init     0002B
__Lfunctab                             functab      00000
__LidataBANK1                          idataBANK1   00000
__LidataBANK2                          idataBANK2   00000
__LidataCOMMON                         idataCOMMON  00000
__Lidloc                               idloc        00000
__Linit                                init         0002B
__Linittext                            inittext     00000
__Lintentry                            intentry     00004
__Lmaintext                            maintext     00000
__Lpowerup                             powerup      00000
__Lram                                 ram          00000
__Lreset_vec                           reset_vec    00000
__Lsfr0                                sfr0         00000
__Lsfr1                                sfr1         00000
__Lsfr10                               sfr10        00000
__Lsfr11                               sfr11        00000
__Lsfr12                               sfr12        00000
__Lsfr13                               sfr13        00000
__Lsfr14                               sfr14        00000
__Lsfr15                               sfr15        00000
__Lsfr16                               sfr16        00000
__Lsfr17                               sfr17        00000
__Lsfr18                               sfr18        00000
__Lsfr19                               sfr19        00000
__Lsfr2                                sfr2         00000
__Lsfr20                               sfr20        00000
__Lsfr21                               sfr21        00000
__Lsfr22                               sfr22        00000
__Lsfr23                               sfr23        00000
__Lsfr24                               sfr24        00000
__Lsfr25                               sfr25        00000
__Lsfr26                               sfr26        00000
__Lsfr27                               sfr27        00000
__Lsfr28                               sfr28        00000
__Lsfr29                               sfr29        00000
__Lsfr3                                sfr3         00000
__Lsfr30                               sfr30        00000
__Lsfr31                               sfr31        00000
__Lsfr4                                sfr4         00000
__Lsfr5                                sfr5         00000
__Lsfr6                                sfr6         00000
__Lsfr7                                sfr7         00000
__Lsfr8                                sfr8         00000
__Lsfr9                                sfr9         00000
__Lspace_0                             (abs)        00000
__Lspace_1                             (abs)        00000
__Lspace_2                             (abs)        00000
__Lspace_3                             (abs)        00000
__Lstack                               stack        00000
__Lstrings                             strings      00000
__Lstringtext                          stringtext   00000
__Ltext                                text         00000
__S0                                   (abs)        08009
__S1                                   (abs)        003F0
__S2                                   (abs)        00000
__S3                                   (abs)        00000
___int_sp                              stack        00000
___latbits                             (abs)        00002
___lldiv                               text9        00CF0
___lldiv@counter                       cstackBANK0  0002C
___lldiv@dividend                      cstackBANK0  00024
___lldiv@divisor                       cstackBANK0  00020
___lldiv@quotient                      cstackBANK0  00028
___lmul                                text8        00A8D
___lmul@multiplicand                   cstackBANK0  00028
___lmul@multiplier                     cstackBANK0  00024
___lmul@product                        cstackBANK0  0002C
___lwdiv                               text51       00B52
___lwdiv@counter                       cstackBANK0  00024
___lwdiv@dividend                      cstackBANK0  00022
___lwdiv@divisor                       cstackBANK0  00020
___lwdiv@quotient                      cstackBANK0  00025
___lwmod                               text50       00A33
___lwmod@counter                       cstackCOMMON 00075
___lwmod@dividend                      cstackBANK0  00022
___lwmod@divisor                       cstackBANK0  00020
___sp                                  stack        00000
___wmul                                text7        008F7
___wmul@multiplicand                   cstackBANK0  00022
___wmul@multiplier                     cstackBANK0  00020
___wmul@product                        cstackCOMMON 00074
__end_of_Adc_ConfigAnCh                text70       00E7D
__end_of_Adc_GetConvResult             text62       01800
__end_of_Adc_GetConvSts                text61       00804
__end_of_Adc_InitAdcModule             text69       00BBE
__end_of_Adc_SelectChannel             text60       017BB
__end_of_Adc_StartConversion           text59       01742
__end_of_AppSm                         text43       00A33
__end_of_App_MainTask                  text16       0066F
__end_of_BoardReset                    text66       0173F
__end_of_CheckAckStatus                text29       01790
__end_of_CheckByteStatus               text28       0179A
__end_of_CheckStopBitStatus            text27       017A4
__end_of_ClearRxBuffer                 text33       00824
__end_of_ClearTxBuffer                 text32       00834
__end_of_ControlLedDirect              text64       00858
__end_of_GenerateEvt                   text63       00994
__end_of_GenerateImpulse               text42       00EF7
__end_of_GetDieTemperature             text58       008DE
__end_of_I2cSlv_I2cDrvHandle           text34       01000
__end_of_I2cSlv_MainTask               text18       00881
__end_of_I2c_DataReceiveSm             text19       001AD
__end_of_I2c_InitI2cModule             text31       00508
__end_of_I2c_SetConfig                 text30       0086C
__end_of_I2c_SetI2cAddress             text37       0174A
__end_of_I2c_SetI2cAddressMask         text36       0174F
__end_of_I2c_UpdateTxBuffer            text35       00930
__end_of_InitSchTimer                  text4        008C5
__end_of_InitializeTasks               text15       00C4E
__end_of_LedBlinkStateMachine          text26       007B4
__end_of_LedPulseStateMachine          text25       00E0D
__end_of_LedStateMachine               text24       00B1F
__end_of_Led_InitSeq                   text23       00C9D
__end_of_Led_MainTask                  text17       00B52
__end_of_Led_SetLedBlinkTime           text55       008F7
__end_of_Led_SetLedPulseTime           text54       00814
__end_of_Led_SetLedStatus              text65       017F0
__end_of_LowPowerMode                  text56       017E0
__end_of_MainInterrupt                 intentry     0002B
__end_of_MainScheduler                 text13       00845
__end_of_ManageProtocol                text45       0038D
__end_of_Mcu_ClearWdg                  text22       0173C
__end_of_Mcu_ConfigPullUps             text41       00715
__end_of_Mcu_EnableInterrupts          text3        01745
__end_of_Mcu_InitIntOsc                text2        01756
__end_of_Mcu_Reset                     text67       0173A
__end_of_Mcu_SetDieTempMode            text40       0176D
__end_of_Mcu_SetDieTempSts             text39       01775
__end_of_Mcu_SetPullUpsSts             text38       0177D
__end_of_Mcu_SetWdgPeriod              text21       017AF
__end_of_Mcu_SetWdgSts                 text57       01765
__end_of_ReceiveEvt                    text68       00972
__end_of_ScheduleTasks                 text14       00451
__end_of_SetLedBehavSts                text53       00C00
__end_of_SetOutChSts                   text47       00A8D
__end_of_StdS_ManageStdServices        text48       002A1
__end_of_StdS_SetI2cAddress            text44       00AEE
__end_of_StringCopy                    text52       009B7
__end_of_SystemInit                    text1        01786
__end_of_TaskNumber                    stringtext   0100C
__end_of_TmrBInit                      text12       00F72
__end_of_Tmr_StartTmr                  text11       008AE
__end_of_Tmr_TmrBConfig                text5        007FF
__end_of_Tmr_TmrBIrqSet                text10       00A08
__end_of_Tmr_TmrBPrSet                 text6        005BE
__end_of_UpdateHsdSts                  text46       00CF0
__end_of_Wdg_MainTask                  text20       00897
__end_of___lldiv                       text9        00D43
__end_of___lmul                        text8        00ABD
__end_of___lwdiv                       text51       00B87
__end_of___lwmod                       text50       00A60
__end_of___wmul                        text7        00913
__end_of__initialization               cinit        000AC
__end_of_dpowers                       stringtext   0100A
__end_of_main                          maintext     0175D
__end_of_utoa                          text49       00DA5
__end_ofi1_GenerateEvt                 text72       00951
__initialization                       cinit        0002D
__pbssBANK0                            bssBANK0     00063
__pbssBANK1                            bssBANK1     000A0
__pbssBANK2                            bssBANK2     00148
__pbssBANK3                            bssBANK3     001A0
__pbssBANK4                            bssBANK4     00220
__pbssBANK5                            bssBANK5     002A0
__pbssBANK6                            bssBANK6     00320
__pbssBANK7                            bssBANK7     003A0
__pbssBIGRAM                           (abs)        0239D
__pbssCOMMON                           bssCOMMON    00076
__pcstackBANK0                         cstackBANK0  00020
__pcstackBANK1                         cstackBANK1  000EA
__pcstackBANK2                         cstackBANK2  00168
__pcstackCOMMON                        cstackCOMMON 00070
__pdataBANK1                           dataBANK1    000EE
__pdataBANK2                           dataBANK2    00120
__pdataCOMMON                          dataCOMMON   00078
__pidataBANK1                          idataBANK1   007FF
__pidataBANK2                          idataBANK2   009B7
__pidataCOMMON                         idataCOMMON  00002
__pintentry                            intentry     00004
__pmaintext                            maintext     01756
__pstringtext                          stringtext   01000
__pswtext1                             swtext1      01028
__ptext1                               text1        0177D
__ptext10                              text10       009DF
__ptext11                              text11       00897
__ptext12                              text12       00EF7
__ptext13                              text13       00834
__ptext14                              text14       0038D
__ptext15                              text15       00C00
__ptext16                              text16       005BE
__ptext17                              text17       00B1F
__ptext18                              text18       0086C
__ptext19                              text19       000B0
__ptext2                               text2        0174F
__ptext20                              text20       00881
__ptext21                              text21       017A4
__ptext22                              text22       0173A
__ptext23                              text23       00C4E
__ptext24                              text24       00AEE
__ptext25                              text25       00DA5
__ptext26                              text26       00715
__ptext27                              text27       0179A
__ptext28                              text28       01790
__ptext29                              text29       01786
__ptext3                               text3        01742
__ptext30                              text30       00858
__ptext31                              text31       00451
__ptext32                              text32       00824
__ptext33                              text33       00814
__ptext34                              text34       00F72
__ptext35                              text35       00913
__ptext36                              text36       0174A
__ptext37                              text37       01745
__ptext38                              text38       01775
__ptext39                              text39       0176D
__ptext4                               text4        008AE
__ptext40                              text40       01765
__ptext41                              text41       0066F
__ptext42                              text42       00E7D
__ptext43                              text43       00A08
__ptext44                              text44       00ABD
__ptext45                              text45       002A1
__ptext46                              text46       00C9D
__ptext47                              text47       00A60
__ptext48                              text48       001AD
__ptext49                              text49       00D43
__ptext5                               text5        007B4
__ptext50                              text50       00A33
__ptext51                              text51       00B52
__ptext52                              text52       00994
__ptext53                              text53       00BBE
__ptext54                              text54       00804
__ptext55                              text55       008DE
__ptext56                              text56       017D3
__ptext57                              text57       0175D
__ptext58                              text58       008C5
__ptext59                              text59       0173F
__ptext6                               text6        00508
__ptext60                              text60       017AF
__ptext61                              text61       00800
__ptext62                              text62       017F0
__ptext63                              text63       00972
__ptext64                              text64       00845
__ptext65                              text65       017E0
__ptext66                              text66       0173C
__ptext67                              text67       01738
__ptext68                              text68       00951
__ptext69                              text69       00B87
__ptext7                               text7        008F7
__ptext70                              text70       00E0D
__ptext72                              text72       00930
__ptext8                               text8        00A8D
__ptext9                               text9        00CF0
__size_of_Adc_ConfigAnCh               (abs)        00000
__size_of_Adc_GetConvResult            (abs)        00000
__size_of_Adc_GetConvSts               (abs)        00000
__size_of_Adc_InitAdcModule            (abs)        00000
__size_of_Adc_SelectChannel            (abs)        00000
__size_of_Adc_StartConversion          (abs)        00000
__size_of_AppSm                        (abs)        00000
__size_of_App_MainTask                 (abs)        00000
__size_of_BoardReset                   (abs)        00000
__size_of_CheckAckStatus               (abs)        00000
__size_of_CheckByteStatus              (abs)        00000
__size_of_CheckStopBitStatus           (abs)        00000
__size_of_ClearRxBuffer                (abs)        00000
__size_of_ClearTxBuffer                (abs)        00000
__size_of_ControlLedDirect             (abs)        00000
__size_of_GenerateEvt                  (abs)        00000
__size_of_GenerateImpulse              (abs)        00000
__size_of_GetDieTemperature            (abs)        00000
__size_of_I2cSlv_I2cDrvHandle          (abs)        00000
__size_of_I2cSlv_MainTask              (abs)        00000
__size_of_I2c_DataReceiveSm            (abs)        00000
__size_of_I2c_InitI2cModule            (abs)        00000
__size_of_I2c_SetConfig                (abs)        00000
__size_of_I2c_SetI2cAddress            (abs)        00000
__size_of_I2c_SetI2cAddressMask        (abs)        00000
__size_of_I2c_UpdateTxBuffer           (abs)        00000
__size_of_InitSchTimer                 (abs)        00000
__size_of_InitializeTasks              (abs)        00000
__size_of_LedBlinkStateMachine         (abs)        00000
__size_of_LedPulseStateMachine         (abs)        00000
__size_of_LedStateMachine              (abs)        00000
__size_of_Led_InitSeq                  (abs)        00000
__size_of_Led_MainTask                 (abs)        00000
__size_of_Led_SetLedBlinkTime          (abs)        00000
__size_of_Led_SetLedPulseTime          (abs)        00000
__size_of_Led_SetLedStatus             (abs)        00000
__size_of_LowPowerMode                 (abs)        00000
__size_of_MainInterrupt                (abs)        00000
__size_of_MainScheduler                (abs)        00000
__size_of_ManageProtocol               (abs)        00000
__size_of_Mcu_ClearWdg                 (abs)        00000
__size_of_Mcu_ConfigPullUps            (abs)        00000
__size_of_Mcu_EnableInterrupts         (abs)        00000
__size_of_Mcu_InitIntOsc               (abs)        00000
__size_of_Mcu_Reset                    (abs)        00000
__size_of_Mcu_SetDieTempMode           (abs)        00000
__size_of_Mcu_SetDieTempSts            (abs)        00000
__size_of_Mcu_SetPullUpsSts            (abs)        00000
__size_of_Mcu_SetWdgPeriod             (abs)        00000
__size_of_Mcu_SetWdgSts                (abs)        00000
__size_of_ReceiveEvt                   (abs)        00000
__size_of_ScheduleTasks                (abs)        00000
__size_of_SetLedBehavSts               (abs)        00000
__size_of_SetOutChSts                  (abs)        00000
__size_of_StdS_ManageStdServices       (abs)        00000
__size_of_StdS_SetI2cAddress           (abs)        00000
__size_of_StringCopy                   (abs)        00000
__size_of_SystemInit                   (abs)        00000
__size_of_TmrBInit                     (abs)        00000
__size_of_Tmr_StartTmr                 (abs)        00000
__size_of_Tmr_TmrBConfig               (abs)        00000
__size_of_Tmr_TmrBIrqSet               (abs)        00000
__size_of_Tmr_TmrBPrSet                (abs)        00000
__size_of_UpdateHsdSts                 (abs)        00000
__size_of_Wdg_MainTask                 (abs)        00000
__size_of___lldiv                      (abs)        00000
__size_of___lmul                       (abs)        00000
__size_of___lwdiv                      (abs)        00000
__size_of___lwmod                      (abs)        00000
__size_of___wmul                       (abs)        00000
__size_of_main                         (abs)        00000
__size_of_utoa                         (abs)        00000
__size_ofi1_GenerateEvt                (abs)        00000
_main                                  maintext     01756
_utoa                                  text49       00D43
btemp                                  (abs)        0007E
clear_ram0                             clrtext      017BB
end_of_initialization                  cinit        000AC
i1GenerateEvt@Event                    cstackCOMMON 00071
i1GenerateEvt@EventStatus              cstackCOMMON 00072
i1_GenerateEvt                         text72       00930
init_ram                               inittext     017C7
int$flags                              (abs)        0007E
intlevel0                              functab      00000
intlevel1                              functab      00000
intlevel2                              functab      00000
intlevel3                              functab      00000
intlevel4                              functab      00000
intlevel5                              functab      00000
ltemp                                  (abs)        0007E
ltemp0                                 (abs)        0007E
ltemp1                                 (abs)        00082
ltemp2                                 (abs)        00086
ltemp3                                 (abs)        00080
reset_vec                              reset_vec    00000
[...]
      Params:         0       0       0       0       0       0       0       0       0       0       0       0       0       0
      Locals:         0       0       0       0       0       0       0       0       0       0       0       0       0       0
      Temps:          0       0       0       0       0       0       0       0       0       0       0       0       0       0
      Totals:         0       0       0       0       0       0       0       0       0       0       0       0       0       0
Total ram usage:        0 bytes
 Hardware stack levels used:    1
 Hardware stack levels required when called:    3
 This function calls:
		_Led_SetLedStatus
 This function is called by:
		_StdS_ManageStdServices
 This function uses a non-reentrant model


 *************** function _Led_SetLedStatus *****************
 Defined at:
		line 221 in file "../../../Framework/MercuryFwk/Source/c/03_Sml/02_Ssl/led.c"
 Parameters:    Size  Location     Type
  Led             1    wreg     unsigned char 
  LedSts          1    4[COMMON] unsigned char 
 Auto vars:     Size  Location     Type
  Led             1    0[BANK0 ] unsigned char 
 Return value:  Size  Location     Type
                  1    wreg      void 
 Registers used:
		wreg, fsr0l, fsr0h, status,2, status,0
 Tracked objects:
		On entry : 
		On exit  : 
		Unchanged: 
 Data sizes:     COMMON   BANK0   BANK1   BANK2   BANK3   BANK4   BANK5   BANK6   BANK7   BANK8   BANK9  BANK10  BANK11  BANK12
      Params:         1       0       0       0       0       0       0       0       0       0       0       0       0       0
      Locals:         0       1       0       0       0       0       0       0       0       0       0       0       0       0
      Temps:          1       0       0       0       0       0       0       0       0       0       0       0       0       0
      Totals:         2       1       0       0       0       0       0       0       0       0       0       0       0       0
Total ram usage:        3 bytes
 Hardware stack levels used:    1
 Hardware stack levels required when called:    2
 This function calls:
		Nothing
 This function is called by:
		_LedPulseStateMachine
		_I2cSlv_I2cDrvHandle
		_Led_InitSeq
		_SetLedBehavSts
		_ControlLedDirect
 This function uses a non-reentrant model


 *************** function _BoardReset *****************
 Defined at:
		line 147 in file "../../../Framework/MercuryFwk/Source/c/03_Sml/02_Ssl/std_ser.c"
 Parameters:    Size  Location     Type
		None
 Auto vars:     Size  Location     Type
		None
 Return value:  Size  Location     Type
                  1    wreg      void 
 Registers used:
		status,2, status,0, pclath, cstack
 Tracked objects:
		On entry : 
		On exit  : 
		Unchanged: 
 Data sizes:     COMMON   BANK0   BANK1   BANK2   BANK3   BANK4   BANK5   BANK6   BANK7   BANK8   BANK9  BANK10  BANK11  BANK12
      Params:         0       0       0       0       0       0       0       0       0       0       0       0       0       0
      Locals:         0       0       0       0       0       0       0       0       0       0       0       0       0       0
      Temps:          0       0       0       0       0       0       0       0       0       0       0       0       0       0
      Totals:         0       0       0       0       0       0       0       0       0       0       0       0       0       0
Total ram usage:        0 bytes
 Hardware stack levels used:    1
 Hardware stack levels required when called:    3
 This function calls:
		_Mcu_Reset
 This function is called by:
		_StdS_ManageStdServices
 This function uses a non-reentrant model


 *************** function _Mcu_Reset *****************
 Defined at:
		line 293 in file "../../../Framework/MercuryFwk/Source/c/01_Hal/02_Drv/mcu_drv.c"
 Parameters:    Size  Location     Type
		None
 Auto vars:     Size  Location     Type
		None
 Return value:  Size  Location     Type
                  1    wreg      void 
 Registers used:
		None
 Tracked objects:
		On entry : 
		On exit  : 
		Unchanged: 
 Data sizes:     COMMON   BANK0   BANK1   BANK2   BANK3   BANK4   BANK5   BANK6   BANK7   BANK8   BANK9  BANK10  BANK11  BANK12
      Params:         0       0       0       0       0       0       0       0       0       0       0       0       0       0
      Locals:         0       0       0       0       0       0       0       0       0       0       0       0       0       0
      Temps:          0       0       0       0       0       0       0       0       0       0       0       0       0       0
      Totals:         0       0       0       0       0       0       0       0       0       0       0       0       0       0
Total ram usage:        0 bytes
 Hardware stack levels used:    1
 Hardware stack levels required when called:    2
 This function calls:
		Nothing
 This function is called by:
		_I2c_DataReceiveSm
		_BoardReset
 This function uses a non-reentrant model


 *************** function _ReceiveEvt *****************
 Defined at:
		line 103 in file "../../../Framework/MercuryFwk/Source/c/02_Osl/os_ser.c"
 Parameters:    Size  Location     Type
  Event           1    wreg     PTR struct _EventStructu
		 -> Hsd4Set(10), Hsd3Set(10), Hsd2Set(10), Hsd1Set(10), 
		 -> I2cReplyPacketReady(2), I2cWriteRequest(2), I2cSetAddress(2), I2cNewTxNotification(2), 
		 -> I2cNewPacketNotification(2), 
 Auto vars:     Size  Location     Type
  Event           1    5[COMMON] PTR struct _EventStructu
		 -> Hsd4Set(10), Hsd3Set(10), Hsd2Set(10), Hsd1Set(10), 
		 -> I2cReplyPacketReady(2), I2cWriteRequest(2), I2cSetAddress(2), I2cNewTxNotification(2), 
		 -> I2cNewPacketNotification(2), 
  EventStatus     1    4[COMMON] enum E3629
 Return value:  Size  Location     Type
                  1    wreg      enum E3625
 Registers used:
		wreg, fsr1l, fsr1h, status,2, status,0
 Tracked objects:
		On entry : 
		On exit  : 
		Unchanged: 
 Data sizes:     COMMON   BANK0   BANK1   BANK2   BANK3   BANK4   BANK5   BANK6   BANK7   BANK8   BANK9  BANK10  BANK11  BANK12
      Params:         0       0       0       0       0       0       0       0       0       0       0       0       0       0
      Locals:         2       0       0       0       0       0       0       0       0       0       0       0       0       0
      Temps:          0       0       0       0       0       0       0       0       0       0       0       0       0       0
      Totals:         2       0       0       0       0       0       0       0       0       0       0       0       0       0
Total ram usage:        2 bytes
 Hardware stack levels used:    1
 Hardware stack levels required when called:    2
 This function calls:
		Nothing
 This function is called by:
		_I2c_DataReceiveSm
		_I2cSlv_I2cDrvHandle
		_GenerateImpulse
		_ManageProtocol
 This function uses a non-reentrant model


 *************** function _Adc_InitAdcModule *****************
 Defined at:
		line 107 in file "../../../Framework/MercuryFwk/Source/c/01_Hal/02_Drv/adc_drv.c"
 Parameters:    Size  Location     Type
  AdcConfig       1    wreg     PTR struct _AdcCfgType
		 -> App_MainTask@AdcConfig(6), 
 Auto vars:     Size  Location     Type
  AdcConfig       1    4[COMMON] PTR struct _AdcCfgType
		 -> App_MainTask@AdcConfig(6), 
 Return value:  Size  Location     Type
                  1    wreg      void 
 Registers used:
		wreg, fsr1l, fsr1h, status,2, status,0
 Tracked objects:
		On entry : 
		On exit  : 
		Unchanged: 
 Data sizes:     COMMON   BANK0   BANK1   BANK2   BANK3   BANK4   BANK5   BANK6   BANK7   BANK8   BANK9  BANK10  BANK11  BANK12
      Params:         0       0       0       0       0       0       0       0       0       0       0       0       0       0
      Locals:         1       0       0       0       0       0       0       0       0       0       0       0       0       0
      Temps:          0       0       0       0       0       0       0       0       0       0       0       0       0       0
      Totals:         1       0       0       0       0       0       0       0       0       0       0       0       0       0
Total ram usage:        1 bytes
 Hardware stack levels used:    1
 Hardware stack levels required when called:    2
 This function calls:
		Nothing
 This function is called by:
		_App_MainTask
 This function uses a non-reentrant model


 *************** function _Adc_ConfigAnCh *****************
 Defined at:
		line 73 in file "../../../Framework/MercuryFwk/Source/c/01_Hal/02_Drv/adc_drv.c"
 Parameters:    Size  Location     Type
  AnChSel         1    wreg     PTR struct _AnalogChSelT
		 -> App_MainTask@AnalogChSel(12), 
 Auto vars:     Size  Location     Type
  AnChSel         1    4[COMMON] PTR struct _AnalogChSelT
		 -> App_MainTask@AnalogChSel(12), 
 Return value:  Size  Location     Type
                  1    wreg      void 
 Registers used:
		wreg, fsr1l, fsr1h, status,2, status,0
 Tracked objects:
		On entry : 
		On exit  : 
		Unchanged: 
 Data sizes:     COMMON   BANK0   BANK1   BANK2   BANK3   BANK4   BANK5   BANK6   BANK7   BANK8   BANK9  BANK10  BANK11  BANK12
      Params:         0       0       0       0       0       0       0       0       0       0       0       0       0       0
      Locals:         1       0       0       0       0       0       0       0       0       0       0       0       0       0
      Temps:          0       0       0       0       0       0       0       0       0       0       0       0       0       0
      Totals:         1       0       0       0       0       0       0       0       0       0       0       0       0       0
Total ram usage:        1 bytes
 Hardware stack levels used:    1
 Hardware stack levels required when called:    2
 This function calls:
		Nothing
 This function is called by:
		_App_MainTask
 This function uses a non-reentrant model


 *************** function _MainInterrupt *****************
 Defined at:
		line 50 in file "../../../Framework/MercuryFwk/Source/c/02_Osl/interrupts.c"
 Parameters:    Size  Location     Type
		None
 Auto vars:     Size  Location     Type
		None
 Return value:  Size  Location     Type
                  1    wreg      void 
 Registers used:
		wreg, fsr1l, fsr1h, status,2, status,0, pclath, cstack
 Tracked objects:
		On entry : 
		On exit  : 
		Unchanged: 
 Data sizes:     COMMON   BANK0   BANK1   BANK2   BANK3   BANK4   BANK5   BANK6   BANK7   BANK8   BANK9  BANK10  BANK11  BANK12
      Params:         0       0       0       0       0       0       0       0       0       0       0       0       0       0
      Locals:         0       0       0       0       0       0       0       0       0       0       0       0       0       0
      Temps:          1       0       0       0       0       0       0       0       0       0       0       0       0       0
      Totals:         1       0       0       0       0       0       0       0       0       0       0       0       0       0
Total ram usage:        1 bytes
 Hardware stack levels used:    1
 Hardware stack levels required when called:    1
 This function calls:
		i1_GenerateEvt
 This function is called by:
		Interrupt level 1
 This function uses a non-reentrant model


 *************** function i1_GenerateEvt *****************
 Defined at:
		line 73 in file "../../../Framework/MercuryFwk/Source/c/02_Osl/os_ser.c"
 Parameters:    Size  Location     Type
  Event           1    wreg     PTR struct _EventStructu
		 -> Hsd4Set(10), Hsd3Set(10), Hsd2Set(10), Hsd1Set(10), 
		 -> I2cReplyPacketReady(2), I2cWriteRequest(2), I2cSetAddress(2), I2cNewTxNotification(2), 
		 -> I2cNewPacketNotification(2), 
 Auto vars:     Size  Location     Type
  Event           1    1[COMMON] PTR struct _EventStructu
		 -> Hsd4Set(10), Hsd3Set(10), Hsd2Set(10), Hsd1Set(10), 
		 -> I2cReplyPacketReady(2), I2cWriteRequest(2), I2cSetAddress(2), I2cNewTxNotification(2), 
		 -> I2cNewPacketNotification(2), 
  GenerateEvt     1    2[COMMON] enum E3629
 Return value:  Size  Location     Type
                  1    wreg      enum E3625
 Registers used:
		wreg, fsr1l, fsr1h, status,2, status,0
 Tracked objects:
		On entry : 
		On exit  : 
		Unchanged: 
 Data sizes:     COMMON   BANK0   BANK1   BANK2   BANK3   BANK4   BANK5   BANK6   BANK7   BANK8   BANK9  BANK10  BANK11  BANK12
      Params:         0       0       0       0       0       0       0       0       0       0       0       0       0       0
      Locals:         2       0       0       0       0       0       0       0       0       0       0       0       0       0
      Temps:          1       0       0       0       0       0       0       0       0       0       0       0       0       0
      Totals:         3       0       0       0       0       0       0       0       0       0       0       0       0       0
Total ram usage:        3 bytes
 Hardware stack levels used:    1
 This function calls:
		Nothing
 This function is called by:
		_MainInterrupt
 This function uses a non-reentrant model



MODULE INFORMATION

Module		Function		Class		Link	Load	Size
../Source/c/04_App/sys_init.c
		_SystemInit    		CODE           	177D	0000	10
		_InitSchTimer  		CODE           	08AE	0000	24

../Source/c/04_App/sys_init.c estimated size: 34

../../../Framework/MercuryFwk/Source/c/01_Hal/02_Drv/mcu_drv.c
		_Mcu_InitIntOsc		CODE           	174F	0000	8
		_Mcu_SetWdgPeriod		CODE           	17A4	0000	12
		_Mcu_SetWdgSts 		CODE           	175D	0000	9
		_Mcu_Reset     		CODE           	1738	0000	3
		_Mcu_SetDieTempMode		CODE           	1765	0000	9
		_Mcu_EnableInterrupts		CODE           	1742	0000	4
		_Mcu_SetDieTempSts		CODE           	176D	0000	9
		_Mcu_SetPullUpsSts		CODE           	1775	0000	9
		_Mcu_ClearWdg  		CODE           	173A	0000	3
		_Mcu_ConfigPullUps		CODE           	066F	0000	167

../../../Framework/MercuryFwk/Source/c/01_Hal/02_Drv/mcu_drv.c estimated size: 233

C:\Program Files (x86)\Microchip\xc8\v1.38\sources\common\lwmod.c
		___lwmod       		CODE           	0A33	0000	46

C:\Program Files (x86)\Microchip\xc8\v1.38\sources\common\lwmod.c estimated size: 46

../../../Framework/MercuryFwk/Source/c/02_Osl/interrupts.c
		_MainInterrupt 		CODE           	0004	0000	40

../../../Framework/MercuryFwk/Source/c/02_Osl/interrupts.c estimated size: 40

C:\Program Files (x86)\Microchip\xc8\v1.38\sources\common\Umul16.c
		___wmul        		CODE           	08F7	0000	29

C:\Program Files (x86)\Microchip\xc8\v1.38\sources\common\Umul16.c estimated size: 29

../../../Framework/MercuryFwk/Source/c/01_Hal/02_Drv/adc_drv.c
		_Adc_InitAdcModule		CODE           	0B87	0000	56
		_Adc_GetConvSts		CODE           	0800	0000	5
		_Adc_GetConvResult		CODE           	17F0	0000	17
		_Adc_StartConversion		CODE           	173F	0000	4
		_Adc_SelectChannel		CODE           	17AF	0000	13
		_Adc_ConfigAnCh		CODE           	0E0D	0000	113

../../../Framework/MercuryFwk/Source/c/01_Hal/02_Drv/adc_drv.c estimated size: 208

../../../Framework/MercuryFwk/Source/c/03_Sml/02_Ssl/led.c
		_LedStateMachine		CODE           	0AEE	0000	50
		_Led_SetLedPulseTime		CODE           	0804	0000	17
		_Led_SetLedBlinkTime		CODE           	08DE	0000	26
		_Led_InitSeq   		CODE           	0C4E	0000	80
		_Led_MainTask  		CODE           	0B1F	0000	52
		_Led_SetLedStatus		CODE           	17E0	0000	17

../../../Framework/MercuryFwk/Source/c/03_Sml/02_Ssl/led.c estimated size: 242

../../../Framework/MercuryFwk/Source/c/03_Sml/02_Ssl/sf.c
		_StringCopy    		CODE           	0994	0000	36

../../../Framework/MercuryFwk/Source/c/03_Sml/02_Ssl/sf.c estimated size: 36

C:\Program Files (x86)\Microchip\xc8\v1.38\sources\common\lwdiv.c
		___lwdiv       		CODE           	0B52	0000	54

C:\Program Files (x86)\Microchip\xc8\v1.38\sources\common\lwdiv.c estimated size: 54

../Source/c/04_App/sb140_app.c
		_SetOutChSts   		CODE           	0A60	0000	46
		_App_MainTask  		CODE           	05BE	0000	178
		_UpdateHsdSts  		CODE           	0C9D	0000	84
		_GenerateImpulse		CODE           	0E7D	0000	123
		_ManageProtocol		CODE           	02A1	0000	237
		_AppSm         		CODE           	0A08	0000	44

../Source/c/04_App/sb140_app.c estimated size: 712

C:\Program Files (x86)\Microchip\xc8\v1.38\sources\common\Umul32.c
		___lmul        		CODE           	0A8D	0000	49

C:\Program Files (x86)\Microchip\xc8\v1.38\sources\common\Umul32.c estimated size: 49

C:\Program Files (x86)\Microchip\xc8\v1.38\sources\common\lldiv.c
		___lldiv       		CODE           	0CF0	0000	84

C:\Program Files (x86)\Microchip\xc8\v1.38\sources\common\lldiv.c estimated size: 84

C:\Program Files (x86)\Microchip\xc8\v1.38\sources\common\itoa.c
		_utoa          		CODE           	0D43	0000	99

C:\Program Files (x86)\Microchip\xc8\v1.38\sources\common\itoa.c estimated size: 99

../../../Framework/MercuryFwk/Source/c/03_Sml/02_Ssl/wdg.c
		_Wdg_MainTask  		CODE           	0881	0000	23

../../../Framework/MercuryFwk/Source/c/03_Sml/02_Ssl/wdg.c estimated size: 23

../../../Framework/MercuryFwk/Source/c/02_Osl/os_ser.c
		_ReceiveEvt    		CODE           	0951	0000	34
		_GenerateEvt   		CODE           	0972	0000	35

../../../Framework/MercuryFwk/Source/c/02_Osl/os_ser.c estimated size: 69

shared
		_dpowers       		STRCODE        	0000	0000	0
		__initialization		CODE           	002D	0000	128
		i1_GenerateEvt 		CODE           	0930	0000	34
		_TaskNumber    		STRCODE        	100A	0000	3

shared estimated size: 165

../../../Framework/MercuryFwk/Source/c/01_Hal/02_Drv/tmr_drv.c
		_Tmr_TmrBConfig		CODE           	07B4	0000	76
		_Tmr_TmrBIrqSet		CODE           	09DF	0000	42
		_Tmr_StartTmr  		CODE           	0897	0000	24
		_TmrBInit      		CODE           	0EF7	0000	124
		_Tmr_TmrBPrSet 		CODE           	0508	0000	183

../../../Framework/MercuryFwk/Source/c/01_Hal/02_Drv/tmr_drv.c estimated size: 449

../../../Framework/MercuryFwk/Source/c/03_Sml/01_Pml/01_SlvI2c/i2c_slv.c
		_I2c_SetConfig 		CODE           	0858	0000	21
		_I2cSlv_MainTask		CODE           	086C	0000	22
		_I2cSlv_I2cDrvHandle		CODE           	0F72	0000	143

../../../Framework/MercuryFwk/Source/c/03_Sml/01_Pml/01_SlvI2c/i2c_slv.c estimated size: 186

../../../Framework/MercuryFwk/Source/c/00_Main/main.c
		_main          		CODE           	1756	0000	8

../../../Framework/MercuryFwk/Source/c/00_Main/main.c estimated size: 8

../../../Framework/MercuryFwk/Source/c/02_Osl/os_sched.c
		_InitializeTasks		CODE           	0C00	0000	79
		_ScheduleTasks 		CODE           	038D	0000	197
		_MainScheduler 		CODE           	0834	0000	18

../../../Framework/MercuryFwk/Source/c/02_Osl/os_sched.c estimated size: 294

../../../Framework/MercuryFwk/Source/c/01_Hal/02_Drv/i2c_slv_drv.c
		_CheckAckStatus		CODE           	1786	0000	11
		_I2c_InitI2cModule		CODE           	0451	0000	184
		_ClearRxBuffer 		CODE           	0814	0000	17
		_I2c_DataReceiveSm		CODE           	00B0	0000	254
		_CheckStopBitStatus		CODE           	179A	0000	11
		_I2c_SetI2cAddress		CODE           	1745	0000	6
		_I2c_SetI2cAddressMask		CODE           	174A	0000	6
		_CheckByteStatus		CODE           	1790	0000	11
		_I2c_UpdateTxBuffer		CODE           	0913	0000	30
		_ClearTxBuffer 		CODE           	0824	0000	17

../../../Framework/MercuryFwk/Source/c/01_Hal/02_Drv/i2c_slv_drv.c estimated size: 547

../../../Framework/MercuryFwk/Source/c/01_Hal/02_Drv/led_drv.c
		_LedBlinkStateMachine		CODE           	0715	0000	160
		_LedPulseStateMachine		CODE           	0DA5	0000	105

../../../Framework/MercuryFwk/Source/c/01_Hal/02_Drv/led_drv.c estimated size: 265

../../../Framework/MercuryFwk/Source/c/03_Sml/02_Ssl/std_ser.c
		_BoardReset    		CODE           	173C	0000	4
		_StdS_SetI2cAddress		CODE           	0ABD	0000	50
		_SetLedBehavSts		CODE           	0BBE	0000	67
		_ControlLedDirect		CODE           	0845	0000	20
		_StdS_ManageStdServices		CODE           	01AD	0000	245
		_GetDieTemperature		CODE           	08C5	0000	26
		_LowPowerMode  		CODE           	17D3	0000	14

../../../Framework/MercuryFwk/Source/c/03_Sml/02_Ssl/std_ser.c estimated size: 426

